Archive member included to satisfy reference by file (symbol)

C:\Users\emh203\Documents\GitHub\ESC-M4\CM4_TEST\COMMON\LIB\LPCXPRESSO\CMSIS_DSP_4_5_0\-O0 HARD\libCMSIS_DSP_4_5_0_O0_HARD.a(arm_rfft_init_q31.o)
                              ./src/CM_TEST.o (arm_rfft_init_q31)
C:\Users\emh203\Documents\GitHub\ESC-M4\CM4_TEST\COMMON\LIB\LPCXPRESSO\CMSIS_DSP_4_5_0\-O0 HARD\libCMSIS_DSP_4_5_0_O0_HARD.a(arm_rfft_q31.o)
                              ./src/CM_TEST.o (arm_rfft_q31)
C:\Users\emh203\Documents\GitHub\ESC-M4\CM4_TEST\COMMON\LIB\LPCXPRESSO\CMSIS_DSP_4_5_0\-O0 HARD\libCMSIS_DSP_4_5_0_O0_HARD.a(arm_biquad_cascade_df1_32x64_init_q31.o)
                              ./src/CM_TEST.o (arm_biquad_cas_df1_32x64_init_q31)
C:\Users\emh203\Documents\GitHub\ESC-M4\CM4_TEST\COMMON\LIB\LPCXPRESSO\CMSIS_DSP_4_5_0\-O0 HARD\libCMSIS_DSP_4_5_0_O0_HARD.a(arm_biquad_cascade_df1_32x64_q31.o)
                              ./src/CM_TEST.o (arm_biquad_cas_df1_32x64_q31)
C:\Users\emh203\Documents\GitHub\ESC-M4\CM4_TEST\COMMON\LIB\LPCXPRESSO\CMSIS_DSP_4_5_0\-O0 HARD\libCMSIS_DSP_4_5_0_O0_HARD.a(arm_biquad_cascade_df1_fast_q31.o)
                              ./src/CM_TEST.o (arm_biquad_cascade_df1_fast_q31)
C:\Users\emh203\Documents\GitHub\ESC-M4\CM4_TEST\COMMON\LIB\LPCXPRESSO\CMSIS_DSP_4_5_0\-O0 HARD\libCMSIS_DSP_4_5_0_O0_HARD.a(arm_biquad_cascade_df1_init_q31.o)
                              ./src/CM_TEST.o (arm_biquad_cascade_df1_init_q31)
C:\Users\emh203\Documents\GitHub\ESC-M4\CM4_TEST\COMMON\LIB\LPCXPRESSO\CMSIS_DSP_4_5_0\-O0 HARD\libCMSIS_DSP_4_5_0_O0_HARD.a(arm_biquad_cascade_df1_q31.o)
                              ./src/CM_TEST.o (arm_biquad_cascade_df1_q31)
C:\Users\emh203\Documents\GitHub\ESC-M4\CM4_TEST\COMMON\LIB\LPCXPRESSO\CMSIS_DSP_4_5_0\-O0 HARD\libCMSIS_DSP_4_5_0_O0_HARD.a(arm_fir_init_q31.o)
                              ./src/CM_TEST.o (arm_fir_init_q31)
C:\Users\emh203\Documents\GitHub\ESC-M4\CM4_TEST\COMMON\LIB\LPCXPRESSO\CMSIS_DSP_4_5_0\-O0 HARD\libCMSIS_DSP_4_5_0_O0_HARD.a(arm_fir_q31.o)
                              ./src/CM_TEST.o (arm_fir_q31)
C:\Users\emh203\Documents\GitHub\ESC-M4\CM4_TEST\COMMON\LIB\LPCXPRESSO\CMSIS_DSP_4_5_0\-O0 HARD\libCMSIS_DSP_4_5_0_O0_HARD.a(arm_pid_init_q31.o)
                              ./src/CM_TEST.o (arm_pid_init_q31)
C:\Users\emh203\Documents\GitHub\ESC-M4\CM4_TEST\COMMON\LIB\LPCXPRESSO\CMSIS_DSP_4_5_0\-O0 HARD\libCMSIS_DSP_4_5_0_O0_HARD.a(arm_const_structs.o)
                              C:\Users\emh203\Documents\GitHub\ESC-M4\CM4_TEST\COMMON\LIB\LPCXPRESSO\CMSIS_DSP_4_5_0\-O0 HARD\libCMSIS_DSP_4_5_0_O0_HARD.a(arm_rfft_init_q31.o) (arm_cfft_sR_q31_len16)
C:\Users\emh203\Documents\GitHub\ESC-M4\CM4_TEST\COMMON\LIB\LPCXPRESSO\CMSIS_DSP_4_5_0\-O0 HARD\libCMSIS_DSP_4_5_0_O0_HARD.a(arm_cfft_q31.o)
                              C:\Users\emh203\Documents\GitHub\ESC-M4\CM4_TEST\COMMON\LIB\LPCXPRESSO\CMSIS_DSP_4_5_0\-O0 HARD\libCMSIS_DSP_4_5_0_O0_HARD.a(arm_rfft_q31.o) (arm_cfft_q31)
C:\Users\emh203\Documents\GitHub\ESC-M4\CM4_TEST\COMMON\LIB\LPCXPRESSO\CMSIS_DSP_4_5_0\-O0 HARD\libCMSIS_DSP_4_5_0_O0_HARD.a(arm_cfft_radix4_q31.o)
                              C:\Users\emh203\Documents\GitHub\ESC-M4\CM4_TEST\COMMON\LIB\LPCXPRESSO\CMSIS_DSP_4_5_0\-O0 HARD\libCMSIS_DSP_4_5_0_O0_HARD.a(arm_cfft_q31.o) (arm_radix4_butterfly_inverse_q31)
C:\Users\emh203\Documents\GitHub\ESC-M4\CM4_TEST\COMMON\LIB\LPCXPRESSO\CMSIS_DSP_4_5_0\-O0 HARD\libCMSIS_DSP_4_5_0_O0_HARD.a(arm_common_tables.o)
                              C:\Users\emh203\Documents\GitHub\ESC-M4\CM4_TEST\COMMON\LIB\LPCXPRESSO\CMSIS_DSP_4_5_0\-O0 HARD\libCMSIS_DSP_4_5_0_O0_HARD.a(arm_const_structs.o) (twiddleCoef_16)
C:\Users\emh203\Documents\GitHub\ESC-M4\CM4_TEST\COMMON\LIB\LPCXPRESSO\CMSIS_DSP_4_5_0\-O0 HARD\libCMSIS_DSP_4_5_0_O0_HARD.a(arm_bitreversal.o)
                              C:\Users\emh203\Documents\GitHub\ESC-M4\CM4_TEST\COMMON\LIB\LPCXPRESSO\CMSIS_DSP_4_5_0\-O0 HARD\libCMSIS_DSP_4_5_0_O0_HARD.a(arm_cfft_radix4_q31.o) (arm_bitreversal_q31)
C:\Users\emh203\Documents\GitHub\ESC-M4\CM4_TEST\COMMON\LIB\LPCXPRESSO\CMSIS_DSP_4_5_0\-O0 HARD\libCMSIS_DSP_4_5_0_O0_HARD.a(arm_bitreversal2.o)
                              C:\Users\emh203\Documents\GitHub\ESC-M4\CM4_TEST\COMMON\LIB\LPCXPRESSO\CMSIS_DSP_4_5_0\-O0 HARD\libCMSIS_DSP_4_5_0_O0_HARD.a(arm_cfft_q31.o) (arm_bitreversal_32)
c:/nxp/lpcxpresso_8.2.2_650/lpcxpresso/tools/bin/../lib/gcc/arm-none-eabi/5.4.1/../../../../arm-none-eabi/lib/armv7e-m/fpu\libcr_semihost.a(_cr__main.o)
                              ./src/cr_startup_lpc43xx.o (__main)
c:/nxp/lpcxpresso_8.2.2_650/lpcxpresso/tools/bin/../lib/gcc/arm-none-eabi/5.4.1/../../../../arm-none-eabi/lib/armv7e-m/fpu\libcr_c.a(cosf.o)
                              ./src/Goertzel.o (cosf)
c:/nxp/lpcxpresso_8.2.2_650/lpcxpresso/tools/bin/../lib/gcc/arm-none-eabi/5.4.1/../../../../arm-none-eabi/lib/armv7e-m/fpu\libcr_c.a(sinf.o)
                              ./src/Goertzel.o (sinf)
c:/nxp/lpcxpresso_8.2.2_650/lpcxpresso/tools/bin/../lib/gcc/arm-none-eabi/5.4.1/../../../../arm-none-eabi/lib/armv7e-m/fpu\libcr_c.a(memset.o)
                              C:\Users\emh203\Documents\GitHub\ESC-M4\CM4_TEST\COMMON\LIB\LPCXPRESSO\CMSIS_DSP_4_5_0\-O0 HARD\libCMSIS_DSP_4_5_0_O0_HARD.a(arm_biquad_cascade_df1_32x64_init_q31.o) (memset)
c:/nxp/lpcxpresso_8.2.2_650/lpcxpresso/tools/bin/../lib/gcc/arm-none-eabi/5.4.1/../../../../arm-none-eabi/lib/armv7e-m/fpu\libcr_c.a(cos.o)
                              ./src/IIR.o (cos)
c:/nxp/lpcxpresso_8.2.2_650/lpcxpresso/tools/bin/../lib/gcc/arm-none-eabi/5.4.1/../../../../arm-none-eabi/lib/armv7e-m/fpu\libcr_c.a(fpprintf.o)
                              ./src/CM_TEST.o (printf)
c:/nxp/lpcxpresso_8.2.2_650/lpcxpresso/tools/bin/../lib/gcc/arm-none-eabi/5.4.1/../../../../arm-none-eabi/lib/armv7e-m/fpu\libcr_c.a(initio.o)
                              c:/nxp/lpcxpresso_8.2.2_650/lpcxpresso/tools/bin/../lib/gcc/arm-none-eabi/5.4.1/../../../../arm-none-eabi/lib/armv7e-m/fpu\libcr_semihost.a(_cr__main.o) (_initio)
c:/nxp/lpcxpresso_8.2.2_650/lpcxpresso/tools/bin/../lib/gcc/arm-none-eabi/5.4.1/../../../../arm-none-eabi/lib/armv7e-m/fpu\libcr_c.a(pow.o)
                              ./src/IIR.o (pow)
c:/nxp/lpcxpresso_8.2.2_650/lpcxpresso/tools/bin/../lib/gcc/arm-none-eabi/5.4.1/../../../../arm-none-eabi/lib/armv7e-m/fpu\libcr_c.a(printf.o)
                              c:/nxp/lpcxpresso_8.2.2_650/lpcxpresso/tools/bin/../lib/gcc/arm-none-eabi/5.4.1/../../../../arm-none-eabi/lib/armv7e-m/fpu\libcr_c.a(fpprintf.o) (__vfprintf)
c:/nxp/lpcxpresso_8.2.2_650/lpcxpresso/tools/bin/../lib/gcc/arm-none-eabi/5.4.1/../../../../arm-none-eabi/lib/armv7e-m/fpu\libcr_c.a(setvbuf.o)
                              c:/nxp/lpcxpresso_8.2.2_650/lpcxpresso/tools/bin/../lib/gcc/arm-none-eabi/5.4.1/../../../../arm-none-eabi/lib/armv7e-m/fpu\libcr_c.a(initio.o) (setvbuf)
c:/nxp/lpcxpresso_8.2.2_650/lpcxpresso/tools/bin/../lib/gcc/arm-none-eabi/5.4.1/../../../../arm-none-eabi/lib/armv7e-m/fpu\libcr_c.a(sin.o)
                              ./src/IIR.o (sin)
c:/nxp/lpcxpresso_8.2.2_650/lpcxpresso/tools/bin/../lib/gcc/arm-none-eabi/5.4.1/../../../../arm-none-eabi/lib/armv7e-m/fpu\libcr_c.a(sqrt.o)
                              ./src/IIR.o (sqrt)
c:/nxp/lpcxpresso_8.2.2_650/lpcxpresso/tools/bin/../lib/gcc/arm-none-eabi/5.4.1/../../../../arm-none-eabi/lib/armv7e-m/fpu\libcr_c.a(stdio.o)
                              c:/nxp/lpcxpresso_8.2.2_650/lpcxpresso/tools/bin/../lib/gcc/arm-none-eabi/5.4.1/../../../../arm-none-eabi/lib/armv7e-m/fpu\libcr_c.a(fpprintf.o) (__Ciob)
c:/nxp/lpcxpresso_8.2.2_650/lpcxpresso/tools/bin/../lib/gcc/arm-none-eabi/5.4.1/../../../../arm-none-eabi/lib/armv7e-m/fpu\libcr_c.a(stdlib.o)
                              ./src/CM_TEST.o (rand)
c:/nxp/lpcxpresso_8.2.2_650/lpcxpresso/tools/bin/../lib/gcc/arm-none-eabi/5.4.1/../../../../arm-none-eabi/lib/armv7e-m/fpu\libcr_c.a(strlen.o)
                              c:/nxp/lpcxpresso_8.2.2_650/lpcxpresso/tools/bin/../lib/gcc/arm-none-eabi/5.4.1/../../../../arm-none-eabi/lib/armv7e-m/fpu\libcr_c.a(printf.o) (strlen)
c:/nxp/lpcxpresso_8.2.2_650/lpcxpresso/tools/bin/../lib/gcc/arm-none-eabi/5.4.1/../../../../arm-none-eabi/lib/armv7e-m/fpu\libcr_c.a(_sincosf.o)
                              c:/nxp/lpcxpresso_8.2.2_650/lpcxpresso/tools/bin/../lib/gcc/arm-none-eabi/5.4.1/../../../../arm-none-eabi/lib/armv7e-m/fpu\libcr_c.a(cosf.o) (_sincosf)
c:/nxp/lpcxpresso_8.2.2_650/lpcxpresso/tools/bin/../lib/gcc/arm-none-eabi/5.4.1/../../../../arm-none-eabi/lib/armv7e-m/fpu\libcr_c.a(fabsf.o)
                              c:/nxp/lpcxpresso_8.2.2_650/lpcxpresso/tools/bin/../lib/gcc/arm-none-eabi/5.4.1/../../../../arm-none-eabi/lib/armv7e-m/fpu\libcr_c.a(_sincosf.o) (fabsf)
c:/nxp/lpcxpresso_8.2.2_650/lpcxpresso/tools/bin/../lib/gcc/arm-none-eabi/5.4.1/../../../../arm-none-eabi/lib/armv7e-m/fpu\libcr_c.a(__fillbuf.o)
                              c:/nxp/lpcxpresso_8.2.2_650/lpcxpresso/tools/bin/../lib/gcc/arm-none-eabi/5.4.1/../../../../arm-none-eabi/lib/armv7e-m/fpu\libcr_c.a(stdio.o) (__filbuf)
c:/nxp/lpcxpresso_8.2.2_650/lpcxpresso/tools/bin/../lib/gcc/arm-none-eabi/5.4.1/../../../../arm-none-eabi/lib/armv7e-m/fpu\libcr_c.a(_deferredlazyseek.o)
                              c:/nxp/lpcxpresso_8.2.2_650/lpcxpresso/tools/bin/../lib/gcc/arm-none-eabi/5.4.1/../../../../arm-none-eabi/lib/armv7e-m/fpu\libcr_c.a(__fillbuf.o) (_deferredlazyseek)
c:/nxp/lpcxpresso_8.2.2_650/lpcxpresso/tools/bin/../lib/gcc/arm-none-eabi/5.4.1/../../../../arm-none-eabi/lib/armv7e-m/fpu\libcr_c.a(_fdopen.o)
                              c:/nxp/lpcxpresso_8.2.2_650/lpcxpresso/tools/bin/../lib/gcc/arm-none-eabi/5.4.1/../../../../arm-none-eabi/lib/armv7e-m/fpu\libcr_c.a(initio.o) (_fdopen)
c:/nxp/lpcxpresso_8.2.2_650/lpcxpresso/tools/bin/../lib/gcc/arm-none-eabi/5.4.1/../../../../arm-none-eabi/lib/armv7e-m/fpu\libcr_c.a(_fflush.o)
                              c:/nxp/lpcxpresso_8.2.2_650/lpcxpresso/tools/bin/../lib/gcc/arm-none-eabi/5.4.1/../../../../arm-none-eabi/lib/armv7e-m/fpu\libcr_c.a(__fillbuf.o) (_fflush)
c:/nxp/lpcxpresso_8.2.2_650/lpcxpresso/tools/bin/../lib/gcc/arm-none-eabi/5.4.1/../../../../arm-none-eabi/lib/armv7e-m/fpu\libcr_c.a(_frexpl.o)
                              c:/nxp/lpcxpresso_8.2.2_650/lpcxpresso/tools/bin/../lib/gcc/arm-none-eabi/5.4.1/../../../../arm-none-eabi/lib/armv7e-m/fpu\libcr_c.a(fpprintf.o) (_frexpl)
c:/nxp/lpcxpresso_8.2.2_650/lpcxpresso/tools/bin/../lib/gcc/arm-none-eabi/5.4.1/../../../../arm-none-eabi/lib/armv7e-m/fpu\libcr_c.a(_hugeval.o)
                              c:/nxp/lpcxpresso_8.2.2_650/lpcxpresso/tools/bin/../lib/gcc/arm-none-eabi/5.4.1/../../../../arm-none-eabi/lib/armv7e-m/fpu\libcr_c.a(pow.o) (__huge_val)
c:/nxp/lpcxpresso_8.2.2_650/lpcxpresso/tools/bin/../lib/gcc/arm-none-eabi/5.4.1/../../../../arm-none-eabi/lib/armv7e-m/fpu\libcr_c.a(_ldexpl.o)
                              c:/nxp/lpcxpresso_8.2.2_650/lpcxpresso/tools/bin/../lib/gcc/arm-none-eabi/5.4.1/../../../../arm-none-eabi/lib/armv7e-m/fpu\libcr_c.a(fpprintf.o) (_ldexpl)
c:/nxp/lpcxpresso_8.2.2_650/lpcxpresso/tools/bin/../lib/gcc/arm-none-eabi/5.4.1/../../../../arm-none-eabi/lib/armv7e-m/fpu\libcr_c.a(_sincos.o)
                              c:/nxp/lpcxpresso_8.2.2_650/lpcxpresso/tools/bin/../lib/gcc/arm-none-eabi/5.4.1/../../../../arm-none-eabi/lib/armv7e-m/fpu\libcr_c.a(cos.o) (_sincos)
c:/nxp/lpcxpresso_8.2.2_650/lpcxpresso/tools/bin/../lib/gcc/arm-none-eabi/5.4.1/../../../../arm-none-eabi/lib/armv7e-m/fpu\libcr_c.a(_writebuf.o)
                              c:/nxp/lpcxpresso_8.2.2_650/lpcxpresso/tools/bin/../lib/gcc/arm-none-eabi/5.4.1/../../../../arm-none-eabi/lib/armv7e-m/fpu\libcr_c.a(_deferredlazyseek.o) (_Cwritebuf)
c:/nxp/lpcxpresso_8.2.2_650/lpcxpresso/tools/bin/../lib/gcc/arm-none-eabi/5.4.1/../../../../arm-none-eabi/lib/armv7e-m/fpu\libcr_c.a(alloc.o)
                              c:/nxp/lpcxpresso_8.2.2_650/lpcxpresso/tools/bin/../lib/gcc/arm-none-eabi/5.4.1/../../../../arm-none-eabi/lib/armv7e-m/fpu\libcr_c.a(fpprintf.o) (malloc)
c:/nxp/lpcxpresso_8.2.2_650/lpcxpresso/tools/bin/../lib/gcc/arm-none-eabi/5.4.1/../../../../arm-none-eabi/lib/armv7e-m/fpu\libcr_c.a(errno.o)
                              c:/nxp/lpcxpresso_8.2.2_650/lpcxpresso/tools/bin/../lib/gcc/arm-none-eabi/5.4.1/../../../../arm-none-eabi/lib/armv7e-m/fpu\libcr_c.a(pow.o) (errno)
c:/nxp/lpcxpresso_8.2.2_650/lpcxpresso/tools/bin/../lib/gcc/arm-none-eabi/5.4.1/../../../../arm-none-eabi/lib/armv7e-m/fpu\libcr_c.a(fabs.o)
                              c:/nxp/lpcxpresso_8.2.2_650/lpcxpresso/tools/bin/../lib/gcc/arm-none-eabi/5.4.1/../../../../arm-none-eabi/lib/armv7e-m/fpu\libcr_c.a(_sincos.o) (fabs)
c:/nxp/lpcxpresso_8.2.2_650/lpcxpresso/tools/bin/../lib/gcc/arm-none-eabi/5.4.1/../../../../arm-none-eabi/lib/armv7e-m/fpu\libcr_c.a(fclose.o)
                              c:/nxp/lpcxpresso_8.2.2_650/lpcxpresso/tools/bin/../lib/gcc/arm-none-eabi/5.4.1/../../../../arm-none-eabi/lib/armv7e-m/fpu\libcr_c.a(initio.o) (fclose)
c:/nxp/lpcxpresso_8.2.2_650/lpcxpresso/tools/bin/../lib/gcc/arm-none-eabi/5.4.1/../../../../arm-none-eabi/lib/armv7e-m/fpu\libcr_c.a(fflush.o)
                              c:/nxp/lpcxpresso_8.2.2_650/lpcxpresso/tools/bin/../lib/gcc/arm-none-eabi/5.4.1/../../../../arm-none-eabi/lib/armv7e-m/fpu\libcr_c.a(fclose.o) (fflush)
c:/nxp/lpcxpresso_8.2.2_650/lpcxpresso/tools/bin/../lib/gcc/arm-none-eabi/5.4.1/../../../../arm-none-eabi/lib/armv7e-m/fpu\libcr_c.a(frexp.o)
                              c:/nxp/lpcxpresso_8.2.2_650/lpcxpresso/tools/bin/../lib/gcc/arm-none-eabi/5.4.1/../../../../arm-none-eabi/lib/armv7e-m/fpu\libcr_c.a(pow.o) (frexp)
c:/nxp/lpcxpresso_8.2.2_650/lpcxpresso/tools/bin/../lib/gcc/arm-none-eabi/5.4.1/../../../../arm-none-eabi/lib/armv7e-m/fpu\libcr_c.a(fseek.o)
                              c:/nxp/lpcxpresso_8.2.2_650/lpcxpresso/tools/bin/../lib/gcc/arm-none-eabi/5.4.1/../../../../arm-none-eabi/lib/armv7e-m/fpu\libcr_c.a(_deferredlazyseek.o) (fseek)
c:/nxp/lpcxpresso_8.2.2_650/lpcxpresso/tools/bin/../lib/gcc/arm-none-eabi/5.4.1/../../../../arm-none-eabi/lib/armv7e-m/fpu\libcr_c.a(ftell.o)
                              c:/nxp/lpcxpresso_8.2.2_650/lpcxpresso/tools/bin/../lib/gcc/arm-none-eabi/5.4.1/../../../../arm-none-eabi/lib/armv7e-m/fpu\libcr_c.a(fseek.o) (ftell)
c:/nxp/lpcxpresso_8.2.2_650/lpcxpresso/tools/bin/../lib/gcc/arm-none-eabi/5.4.1/../../../../arm-none-eabi/lib/armv7e-m/fpu\libcr_c.a(ldexp.o)
                              c:/nxp/lpcxpresso_8.2.2_650/lpcxpresso/tools/bin/../lib/gcc/arm-none-eabi/5.4.1/../../../../arm-none-eabi/lib/armv7e-m/fpu\libcr_c.a(pow.o) (ldexp)
c:/nxp/lpcxpresso_8.2.2_650/lpcxpresso/tools/bin/../lib/gcc/arm-none-eabi/5.4.1/../../../../arm-none-eabi/lib/armv7e-m/fpu\libcr_c.a(raise.o)
                              c:/nxp/lpcxpresso_8.2.2_650/lpcxpresso/tools/bin/../lib/gcc/arm-none-eabi/5.4.1/../../../../arm-none-eabi/lib/armv7e-m/fpu\libcr_c.a(stdlib.o) (raise)
c:/nxp/lpcxpresso_8.2.2_650/lpcxpresso/tools/bin/../lib/gcc/arm-none-eabi/5.4.1/../../../../arm-none-eabi/lib/armv7e-m/fpu\libcr_c.a(remove.o)
                              c:/nxp/lpcxpresso_8.2.2_650/lpcxpresso/tools/bin/../lib/gcc/arm-none-eabi/5.4.1/../../../../arm-none-eabi/lib/armv7e-m/fpu\libcr_c.a(fclose.o) (remove)
c:/nxp/lpcxpresso_8.2.2_650/lpcxpresso/tools/bin/../lib/gcc/arm-none-eabi/5.4.1/../../../../arm-none-eabi/lib/armv7e-m/fpu\libcr_c.a(memcpy.o)
                              c:/nxp/lpcxpresso_8.2.2_650/lpcxpresso/tools/bin/../lib/gcc/arm-none-eabi/5.4.1/../../../../arm-none-eabi/lib/armv7e-m/fpu\libcr_c.a(alloc.o) (memcpy)
c:/nxp/lpcxpresso_8.2.2_650/lpcxpresso/tools/bin/../lib/gcc/arm-none-eabi/5.4.1/../../../../arm-none-eabi/lib/armv7e-m/fpu\libcr_c.a(__init_alloc.o)
                              c:/nxp/lpcxpresso_8.2.2_650/lpcxpresso/tools/bin/../lib/gcc/arm-none-eabi/5.4.1/../../../../arm-none-eabi/lib/armv7e-m/fpu\libcr_c.a(alloc.o) (__heaps)
c:/nxp/lpcxpresso_8.2.2_650/lpcxpresso/tools/bin/../lib/gcc/arm-none-eabi/5.4.1/../../../../arm-none-eabi/lib/armv7e-m/fpu\libcr_c.a(_cr_sbrk.o)
                              c:/nxp/lpcxpresso_8.2.2_650/lpcxpresso/tools/bin/../lib/gcc/arm-none-eabi/5.4.1/../../../../arm-none-eabi/lib/armv7e-m/fpu\libcr_c.a(alloc.o) (_sbrk)
c:/nxp/lpcxpresso_8.2.2_650/lpcxpresso/tools/bin/../lib/gcc/arm-none-eabi/5.4.1/../../../../arm-none-eabi/lib/armv7e-m/fpu\libcr_c.a(_do_fflush.o)
                              c:/nxp/lpcxpresso_8.2.2_650/lpcxpresso/tools/bin/../lib/gcc/arm-none-eabi/5.4.1/../../../../arm-none-eabi/lib/armv7e-m/fpu\libcr_c.a(fflush.o) (_do_fflush)
c:/nxp/lpcxpresso_8.2.2_650/lpcxpresso/tools/bin/../lib/gcc/arm-none-eabi/5.4.1/../../../../arm-none-eabi/lib/armv7e-m/fpu\libcr_c.a(_cr_check_heap.o)
                              c:/nxp/lpcxpresso_8.2.2_650/lpcxpresso/tools/bin/../lib/gcc/arm-none-eabi/5.4.1/../../../../arm-none-eabi/lib/armv7e-m/fpu\libcr_c.a(_cr_sbrk.o) (__check_heap_overflow)
c:/nxp/lpcxpresso_8.2.2_650/lpcxpresso/tools/bin/../lib/gcc/arm-none-eabi/5.4.1/armv7e-m/fpu\libcr_eabihelpers.a(double.o)
                              ./src/IIR.o (__aeabi_dmul)
c:/nxp/lpcxpresso_8.2.2_650/lpcxpresso/tools/bin/../lib/gcc/arm-none-eabi/5.4.1/armv7e-m/fpu\libcr_eabihelpers.a(float.o)
                              ./src/IIR.o (__aeabi_f2d)
c:/nxp/lpcxpresso_8.2.2_650/lpcxpresso/tools/bin/../lib/gcc/arm-none-eabi/5.4.1/armv7e-m/fpu\libcr_eabihelpers.a(memcpy.o)
                              c:/nxp/lpcxpresso_8.2.2_650/lpcxpresso/tools/bin/../lib/gcc/arm-none-eabi/5.4.1/../../../../arm-none-eabi/lib/armv7e-m/fpu\libcr_c.a(memcpy.o) (__aeabi_memcpy)
