Archive member included because of file (symbol)

C:\Users\Eli\Documents\GitHub\ESC-M4\CM4_TEST\COMMON\lpc_board_nxp_lpcxpresso_4337\HARD\liblpc_board_nxp_lpcxpresso_4337_HARD.a(board.o)
                              ./src/CM4_TEST.o (Board_LED_Set)
C:\Users\Eli\Documents\GitHub\ESC-M4\CM4_TEST\COMMON\lpc_board_nxp_lpcxpresso_4337\HARD\liblpc_board_nxp_lpcxpresso_4337_HARD.a(board_sysinit.o)
                              ./src/sysinit.o (Board_SystemInit)
C:\Users\Eli\Documents\GitHub\ESC-M4\CM4_TEST\COMMON\lpc_board_nxp_lpcxpresso_4337\HARD\liblpc_board_nxp_lpcxpresso_4337_HARD.a(wm8904.o)
                              C:\Users\Eli\Documents\GitHub\ESC-M4\CM4_TEST\COMMON\lpc_board_nxp_lpcxpresso_4337\HARD\liblpc_board_nxp_lpcxpresso_4337_HARD.a(board.o) (WM8904_Init)
C:\Users\Eli\Documents\GitHub\ESC-M4\CM4_TEST\COMMON\CMSIS_DSP_4_3_0\-Og HARD\libCMSIS_DSP_4_3_0_Og_HARD.a(arm_cfft_q15.o)
                              ./src/CM4_TEST.o (arm_cfft_q15)
C:\Users\Eli\Documents\GitHub\ESC-M4\CM4_TEST\COMMON\CMSIS_DSP_4_3_0\-Og HARD\libCMSIS_DSP_4_3_0_Og_HARD.a(arm_cfft_q31.o)
                              ./src/CM4_TEST.o (arm_cfft_q31)
C:\Users\Eli\Documents\GitHub\ESC-M4\CM4_TEST\COMMON\CMSIS_DSP_4_3_0\-Og HARD\libCMSIS_DSP_4_3_0_Og_HARD.a(arm_cfft_radix4_q15.o)
                              C:\Users\Eli\Documents\GitHub\ESC-M4\CM4_TEST\COMMON\CMSIS_DSP_4_3_0\-Og HARD\libCMSIS_DSP_4_3_0_Og_HARD.a(arm_cfft_q15.o) (arm_radix4_butterfly_q15)
C:\Users\Eli\Documents\GitHub\ESC-M4\CM4_TEST\COMMON\CMSIS_DSP_4_3_0\-Og HARD\libCMSIS_DSP_4_3_0_Og_HARD.a(arm_cfft_radix4_q31.o)
                              C:\Users\Eli\Documents\GitHub\ESC-M4\CM4_TEST\COMMON\CMSIS_DSP_4_3_0\-Og HARD\libCMSIS_DSP_4_3_0_Og_HARD.a(arm_cfft_q31.o) (arm_radix4_butterfly_q31)
C:\Users\Eli\Documents\GitHub\ESC-M4\CM4_TEST\COMMON\CMSIS_DSP_4_3_0\-Og HARD\libCMSIS_DSP_4_3_0_Og_HARD.a(arm_biquad_cascade_df1_fast_q15.o)
                              ./src/CM4_TEST.o (arm_biquad_cascade_df1_fast_q15)
C:\Users\Eli\Documents\GitHub\ESC-M4\CM4_TEST\COMMON\CMSIS_DSP_4_3_0\-Og HARD\libCMSIS_DSP_4_3_0_Og_HARD.a(arm_biquad_cascade_df1_init_q15.o)
                              ./src/CM4_TEST.o (arm_biquad_cascade_df1_init_q15)
C:\Users\Eli\Documents\GitHub\ESC-M4\CM4_TEST\COMMON\CMSIS_DSP_4_3_0\-Og HARD\libCMSIS_DSP_4_3_0_Og_HARD.a(arm_biquad_cascade_df1_q15.o)
                              ./src/CM4_TEST.o (arm_biquad_cascade_df1_q15)
C:\Users\Eli\Documents\GitHub\ESC-M4\CM4_TEST\COMMON\CMSIS_DSP_4_3_0\-Og HARD\libCMSIS_DSP_4_3_0_Og_HARD.a(arm_fir_init_q15.o)
                              ./src/CM4_TEST.o (arm_fir_init_q15)
C:\Users\Eli\Documents\GitHub\ESC-M4\CM4_TEST\COMMON\CMSIS_DSP_4_3_0\-Og HARD\libCMSIS_DSP_4_3_0_Og_HARD.a(arm_fir_q15.o)
                              ./src/CM4_TEST.o (arm_fir_q15)
C:\Users\Eli\Documents\GitHub\ESC-M4\CM4_TEST\COMMON\CMSIS_DSP_4_3_0\-Og HARD\libCMSIS_DSP_4_3_0_Og_HARD.a(arm_pid_init_q15.o)
                              ./src/CM4_TEST.o (arm_pid_init_q15)
C:\Users\Eli\Documents\GitHub\ESC-M4\CM4_TEST\COMMON\CMSIS_DSP_4_3_0\-Og HARD\libCMSIS_DSP_4_3_0_Og_HARD.a(arm_cmplx_mag_q15.o)
                              ./src/CM4_TEST.o (arm_cmplx_mag_q15)
C:\Users\Eli\Documents\GitHub\ESC-M4\CM4_TEST\COMMON\CMSIS_DSP_4_3_0\-Og HARD\libCMSIS_DSP_4_3_0_Og_HARD.a(arm_cmplx_mag_squared_q15.o)
                              ./src/CM4_TEST.o (arm_cmplx_mag_squared_q15)
C:\Users\Eli\Documents\GitHub\ESC-M4\CM4_TEST\COMMON\CMSIS_DSP_4_3_0\-Og HARD\libCMSIS_DSP_4_3_0_Og_HARD.a(arm_const_structs.o)
                              ./src/CM4_TEST.o (arm_cfft_sR_q15_len2048)
C:\Users\Eli\Documents\GitHub\ESC-M4\CM4_TEST\COMMON\CMSIS_DSP_4_3_0\-Og HARD\libCMSIS_DSP_4_3_0_Og_HARD.a(arm_bitreversal.o)
                              C:\Users\Eli\Documents\GitHub\ESC-M4\CM4_TEST\COMMON\CMSIS_DSP_4_3_0\-Og HARD\libCMSIS_DSP_4_3_0_Og_HARD.a(arm_cfft_radix4_q31.o) (arm_bitreversal_q31)
C:\Users\Eli\Documents\GitHub\ESC-M4\CM4_TEST\COMMON\CMSIS_DSP_4_3_0\-Og HARD\libCMSIS_DSP_4_3_0_Og_HARD.a(arm_bitreversal2.o)
                              C:\Users\Eli\Documents\GitHub\ESC-M4\CM4_TEST\COMMON\CMSIS_DSP_4_3_0\-Og HARD\libCMSIS_DSP_4_3_0_Og_HARD.a(arm_cfft_q31.o) (arm_bitreversal_32)
C:\Users\Eli\Documents\GitHub\ESC-M4\CM4_TEST\COMMON\CMSIS_DSP_4_3_0\-Og HARD\libCMSIS_DSP_4_3_0_Og_HARD.a(arm_sqrt_q15.o)
                              C:\Users\Eli\Documents\GitHub\ESC-M4\CM4_TEST\COMMON\CMSIS_DSP_4_3_0\-Og HARD\libCMSIS_DSP_4_3_0_Og_HARD.a(arm_cmplx_mag_q15.o) (arm_sqrt_q15)
C:\Users\Eli\Documents\GitHub\ESC-M4\CM4_TEST\COMMON\CMSIS_DSP_4_3_0\-Og HARD\libCMSIS_DSP_4_3_0_Og_HARD.a(arm_common_tables.o)
                              C:\Users\Eli\Documents\GitHub\ESC-M4\CM4_TEST\COMMON\CMSIS_DSP_4_3_0\-Og HARD\libCMSIS_DSP_4_3_0_Og_HARD.a(arm_const_structs.o) (armBitRevIndexTable_fixed_4096)
C:\Users\Eli\Documents\GitHub\ESC-M4\CM4_TEST\COMMON\lpc_chip_43xx\HARD\liblpc_chip_43xx_HARD.a(chip_18xx_43xx.o)
[...]
Memory Configuration

Name             Origin             Length             Attributes
MFlashA512       0x1a000000         0x00080000         xr
MFlashB512       0x1b000000         0x00080000         xr
RamLoc32         0x10000000         0x00008000         xrw
RamLoc40         0x10080000         0x0000a000         xrw
RamAHB32         0x20000000         0x00008000         xrw
RamAHB16         0x20008000         0x00004000         xrw
RamAHB_ETB16     0x2000c000         0x00004000         xrw
*default*        0x00000000         0xffffffff

Linker script and memory map

LOAD ./src/CM4_TEST.o
LOAD ./src/IIR.o
LOAD ./src/cr_startup_lpc43xx.o
LOAD ./src/crp.o
LOAD ./src/sysinit.o
LOAD C:\Users\Eli\Documents\GitHub\ESC-M4\CM4_TEST\COMMON\lpc_board_nxp_lpcxpresso_4337\HARD\liblpc_board_nxp_lpcxpresso_4337_HARD.a
LOAD C:\Users\Eli\Documents\GitHub\ESC-M4\CM4_TEST\COMMON\CMSIS_DSP_4_3_0\-Og HARD\libCMSIS_DSP_4_3_0_Og_HARD.a
LOAD C:\Users\Eli\Documents\GitHub\ESC-M4\CM4_TEST\COMMON\lpc_chip_43xx\HARD\liblpc_chip_43xx_HARD.a
START GROUP
LOAD c:/nxp/lpcxpresso_7.7.2_379/lpcxpresso/tools/bin/../lib/gcc/arm-none-eabi/4.9.3/../../../../arm-none-eabi/lib/armv7e-m/fpu\libcr_semihost.a
LOAD c:/nxp/lpcxpresso_7.7.2_379/lpcxpresso/tools/bin/../lib/gcc/arm-none-eabi/4.9.3/../../../../arm-none-eabi/lib/armv7e-m/fpu\libcr_c.a
LOAD c:/nxp/lpcxpresso_7.7.2_379/lpcxpresso/tools/bin/../lib/gcc/arm-none-eabi/4.9.3/armv7e-m/fpu\libcr_eabihelpers.a
END GROUP
                0x1a080000                __top_MFlashA512 = 0x1a080000
                0x1b080000                __top_MFlashB512 = 0x1b080000
                0x10008000                __top_RamLoc32 = 0x10008000
                0x1008a000                __top_RamLoc40 = 0x1008a000
                0x20008000                __top_RamAHB32 = 0x20008000
                0x2000c000                __top_RamAHB16 = 0x2000c000
                0x20010000                __top_RamAHB_ETB16 = 0x20010000

.text_Flash2    0x1b000000        0x0
 FILL mask 0xff
 *(.text_Flash2*)
 *(.text_MFlashB512*)
 *(.text.$Flash2*)
 *(.text.$MFlashB512*)
 *(.rodata.$Flash2*)
 *(.rodata.$MFlashB512*)

.text           0x1a000000    0x14c78
 FILL mask 0xff
                0x1a000000                __vectors_start__ = ABSOLUTE (.)
 *(.isr_vector)
 .isr_vector    0x1a000000      0x114 ./src/cr_startup_lpc43xx.o
                0x1a000000                g_pfnVectors
                0x1a000114                . = ALIGN (0x4)
                0x1a000114                __section_table_start = .
                0x1a000114                __data_section_table = .
                0x1a000114        0x4 LONG 0x1a014c78 LOADADDR (.data)
                0x1a000118        0x4 LONG 0x10000000 ADDR (.data)
                0x1a00011c        0x4 LONG 0xf0 SIZEOF (.data)
                0x1a000120        0x4 LONG 0x1a014c78 LOADADDR (.data_RAM2)
                0x1a000124        0x4 LONG 0x10080000 ADDR (.data_RAM2)
                0x1a000128        0x4 LONG 0x0 SIZEOF (.data_RAM2)
                0x1a00012c        0x4 LONG 0x1a014c78 LOADADDR (.data_RAM3)
                0x1a000130        0x4 LONG 0x20000000 ADDR (.data_RAM3)
                0x1a000134        0x4 LONG 0x0 SIZEOF (.data_RAM3)
                0x1a000138        0x4 LONG 0x1a014c78 LOADADDR (.data_RAM4)
                0x1a00013c        0x4 LONG 0x20008000 ADDR (.data_RAM4)
                0x1a000140        0x4 LONG 0x0 SIZEOF (.data_RAM4)
                0x1a000144        0x4 LONG 0x1a014c78 LOADADDR (.data_RAM5)
                0x1a000148        0x4 LONG 0x2000c000 ADDR (.data_RAM5)
                0x1a00014c        0x4 LONG 0x0 SIZEOF (.data_RAM5)
                0x1a000150                __data_section_table_end = .
                0x1a000150                __bss_section_table = .
                0x1a000150        0x4 LONG 0x100000f0 ADDR (.bss)
                0x1a000154        0x4 LONG 0x2f8 SIZEOF (.bss)
                0x1a000158        0x4 LONG 0x10080000 ADDR (.bss_RAM2)
                0x1a00015c        0x4 LONG 0x0 SIZEOF (.bss_RAM2)
                0x1a000160        0x4 LONG 0x20000000 ADDR (.bss_RAM3)
                0x1a000164        0x4 LONG 0x4040 SIZEOF (.bss_RAM3)
                0x1a000168        0x4 LONG 0x20008000 ADDR (.bss_RAM4)
                0x1a00016c        0x4 LONG 0x4000 SIZEOF (.bss_RAM4)
                0x1a000170        0x4 LONG 0x2000c000 ADDR (.bss_RAM5)
                0x1a000174        0x4 LONG 0x2080 SIZEOF (.bss_RAM5)
                0x1a000178                __bss_section_table_end = .
                0x1a000178                __section_table_end = .
 *(.after_vectors*)
 .after_vectors
                0x1a000178       0x58 ./src/cr_startup_lpc43xx.o
                0x1a000178                NMI_Handler
                0x1a00017c                HardFault_Handler
                0x1a000180                MemManage_Handler
                0x1a000184                BusFault_Handler
                0x1a000188                UsageFault_Handler
                0x1a00018c                SVC_Handler
                0x1a000190                DebugMon_Handler
                0x1a000194                PendSV_Handler
                0x1a000198                SysTick_Handler
                0x1a00019c                ATIMER_IRQHandler
                0x1a00019c                I2C0_IRQHandler
                0x1a00019c                I2C1_IRQHandler
                0x1a00019c                UART1_IRQHandler
                0x1a00019c                GPIO5_IRQHandler
                0x1a00019c                CAN1_IRQHandler
                0x1a00019c                USB1_IRQHandler
                0x1a00019c                I2S0_IRQHandler
                0x1a00019c                TIMER3_IRQHandler
                0x1a00019c                UART0_IRQHandler
                0x1a00019c                GINT1_IRQHandler
                0x1a00019c                SGPIO_IRQHandler
                0x1a00019c                ADC0_IRQHandler
                0x1a00019c                ADCHS_IRQHandler
                0x1a00019c                RIT_IRQHandler
                0x1a00019c                SDIO_IRQHandler
                0x1a00019c                GPIO1_IRQHandler
                0x1a00019c                SSP0_IRQHandler
                0x1a00019c                ADC1_IRQHandler
                0x1a00019c                FLASHEEPROM_IRQHandler
                0x1a00019c                RTC_IRQHandler
                0x1a00019c                TIMER0_IRQHandler
                0x1a00019c                SPI_IRQHandler
                0x1a00019c                LCD_IRQHandler
                0x1a00019c                MCPWM_IRQHandler
                0x1a00019c                TIMER1_IRQHandler
                0x1a00019c                UART2_IRQHandler
                0x1a00019c                GPIO2_IRQHandler
                0x1a00019c                I2S1_IRQHandler
                0x1a00019c                SSP1_IRQHandler
                0x1a00019c                USB0_IRQHandler
                0x1a00019c                GPIO3_IRQHandler
                0x1a00019c                SCT_IRQHandler
                0x1a00019c                IntDefaultHandler
                0x1a00019c                MX_CORE_IRQHandler
                0x1a00019c                WDT_IRQHandler
                0x1a00019c                GPIO6_IRQHandler
                0x1a00019c                GPIO7_IRQHandler
                0x1a00019c                SPIFI_IRQHandler
                0x1a00019c                QEI_IRQHandler
                0x1a00019c                ETH_IRQHandler
                0x1a00019c                CAN0_IRQHandler
                0x1a00019c                GINT0_IRQHandler
                0x1a00019c                DAC_IRQHandler
                0x1a00019c                M0SUB_IRQHandler
                0x1a00019c                GPIO0_IRQHandler
                0x1a00019c                DMA_IRQHandler
                0x1a00019c                EVRT_IRQHandler
                0x1a00019c                TIMER2_IRQHandler
                0x1a00019c                UART3_IRQHandler
                0x1a00019c                GPIO4_IRQHandler
                0x1a0001a0                data_init
                0x1a0001bc                bss_init
                0x000002fc                . = 0x2fc
 *fill*         0x1a0001d0      0x12c ff
                0x1a0002fc                PROVIDE (__CRP_WORD_START__, .)
 *(.crp)
 .crp           0x1a0002fc        0x4 ./src/crp.o
                0x1a0002fc                CRP_WORD
                0x1a000300                PROVIDE (__CRP_WORD_END__, .)
                0x00000001                ASSERT (! ((__CRP_WORD_START__ == __CRP_WORD_END__)), Linker CRP Enabled, but no CRP_WORD provided within application)
 *(.text*)
 .text.main     0x1a000300      0xf60 ./src/CM4_TEST.o
                0x1a000300                main
 .text.ResetISR
                0x1a001260       0x7c ./src/cr_startup_lpc43xx.o
                0x1a001260                ResetISR
 .text.SystemInit
                0x1a0012dc       0x1c ./src/sysinit.o
                0x1a0012dc                SystemInit
 .text.Chip_ENET_RMIIEnable
                0x1a0012f8       0x28 C:\Users\Eli\Documents\GitHub\ESC-M4\CM4_TEST\COMMON\lpc_board_nxp_lpcxpresso_4337\HARD\liblpc_board_nxp_lpcxpresso_4337_HARD.a(board.o)
 .text.Chip_GPIO_SetPinState
                0x1a001320       0x38 C:\Users\Eli\Documents\GitHub\ESC-M4\CM4_TEST\COMMON\lpc_board_nxp_lpcxpresso_4337\HARD\liblpc_board_nxp_lpcxpresso_4337_HARD.a(board.o)
 .text.Chip_GPIO_SetPinDIROutput
                0x1a001358       0x3c C:\Users\Eli\Documents\GitHub\ESC-M4\CM4_TEST\COMMON\lpc_board_nxp_lpcxpresso_4337\HARD\liblpc_board_nxp_lpcxpresso_4337_HARD.a(board.o)
 .text.Board_LED_Init
                0x1a001394       0x5c C:\Users\Eli\Documents\GitHub\ESC-M4\CM4_TEST\COMMON\lpc_board_nxp_lpcxpresso_4337\HARD\liblpc_board_nxp_lpcxpresso_4337_HARD.a(board.o)
 .text.Board_LED_Set
                0x1a0013f0       0x44 C:\Users\Eli\Documents\GitHub\ESC-M4\CM4_TEST\COMMON\lpc_board_nxp_lpcxpresso_4337\HARD\liblpc_board_nxp_lpcxpresso_4337_HARD.a(board.o)
                0x1a0013f0                Board_LED_Set
 .text.Board_Init
                0x1a001434       0x20 C:\Users\Eli\Documents\GitHub\ESC-M4\CM4_TEST\COMMON\lpc_board_nxp_lpcxpresso_4337\HARD\liblpc_board_nxp_lpcxpresso_4337_HARD.a(board.o)
                0x1a001434                Board_Init
 .text.Chip_SCU_PinMuxSet
                0x1a001454       0x30 C:\Users\Eli\Documents\GitHub\ESC-M4\CM4_TEST\COMMON\lpc_board_nxp_lpcxpresso_4337\HARD\liblpc_board_nxp_lpcxpresso_4337_HARD.a(board_sysinit.o)
 .text.Chip_SCU_SetPinMuxing
                0x1a001484       0x48 C:\Users\Eli\Documents\GitHub\ESC-M4\CM4_TEST\COMMON\lpc_board_nxp_lpcxpresso_4337\HARD\liblpc_board_nxp_lpcxpresso_4337_HARD.a(board_sysinit.o)
 .text.Chip_CREG_SetFlashAcceleration
                0x1a0014cc       0x54 C:\Users\Eli\Documents\GitHub\ESC-M4\CM4_TEST\COMMON\lpc_board_nxp_lpcxpresso_4337\HARD\liblpc_board_nxp_lpcxpresso_4337_HARD.a(board_sysinit.o)
 .text.Board_SetupMuxing
                0x1a001520       0x14 C:\Users\Eli\Documents\GitHub\ESC-M4\CM4_TEST\COMMON\lpc_board_nxp_lpcxpresso_4337\HARD\liblpc_board_nxp_lpcxpresso_4337_HARD.a(board_sysinit.o)
                0x1a001520                Board_SetupMuxing
 .text.Board_SetupClocking
                0x1a001534       0x80 C:\Users\Eli\Documents\GitHub\ESC-M4\CM4_TEST\COMMON\lpc_board_nxp_lpcxpresso_4337\HARD\liblpc_board_nxp_lpcxpresso_4337_HARD.a(board_sysinit.o)
                0x1a001534                Board_SetupClocking
 .text.Board_SystemInit
                0x1a0015b4       0x10 C:\Users\Eli\Documents\GitHub\ESC-M4\CM4_TEST\COMMON\lpc_board_nxp_lpcxpresso_4337\HARD\liblpc_board_nxp_lpcxpresso_4337_HARD.a(board_sysinit.o)
                0x1a0015b4                Board_SystemInit
 .text.arm_cfft_radix4by2_q15
                0x1a0015c4       0xa8 C:\Users\Eli\Documents\GitHub\ESC-M4\CM4_TEST\COMMON\CMSIS_DSP_4_3_0\-Og HARD\libCMSIS_DSP_4_3_0_Og_HARD.a(arm_cfft_q15.o)
                0x1a0015c4                arm_cfft_radix4by2_q15
 .text.arm_cfft_radix4by2_inverse_q15
                0x1a00166c       0xa8 C:\Users\Eli\Documents\GitHub\ESC-M4\CM4_TEST\COMMON\CMSIS_DSP_4_3_0\-Og HARD\libCMSIS_DSP_4_3_0_Og_HARD.a(arm_cfft_q15.o)
                0x1a00166c                arm_cfft_radix4by2_inverse_q15
 .text.arm_cfft_q15
                0x1a001714       0xbc C:\Users\Eli\Documents\GitHub\ESC-M4\CM4_TEST\COMMON\CMSIS_DSP_4_3_0\-Og HARD\libCMSIS_DSP_4_3_0_Og_HARD.a(arm_cfft_q15.o)
                0x1a001714                arm_cfft_q15
 .text.arm_cfft_radix4by2_q31
                0x1a0017d0      0x184 C:\Users\Eli\Documents\GitHub\ESC-M4\CM4_TEST\COMMON\CMSIS_DSP_4_3_0\-Og HARD\libCMSIS_DSP_4_3_0_Og_HARD.a(arm_cfft_q31.o)
                0x1a0017d0                arm_cfft_radix4by2_q31
 .text.arm_cfft_radix4by2_inverse_q31
                0x1a001954      0x184 C:\Users\Eli\Documents\GitHub\ESC-M4\CM4_TEST\COMMON\CMSIS_DSP_4_3_0\-Og HARD\libCMSIS_DSP_4_3_0_Og_HARD.a(arm_cfft_q31.o)
                0x1a001954                arm_cfft_radix4by2_inverse_q31
 .text.arm_cfft_q31
                0x1a001ad8       0xbc C:\Users\Eli\Documents\GitHub\ESC-M4\CM4_TEST\COMMON\CMSIS_DSP_4_3_0\-Og HARD\libCMSIS_DSP_4_3_0_Og_HARD.a(arm_cfft_q31.o)
                0x1a001ad8                arm_cfft_q31
 .text.arm_radix4_butterfly_q15
                0x1a001b94      0x22c C:\Users\Eli\Documents\GitHub\ESC-M4\CM4_TEST\COMMON\CMSIS_DSP_4_3_0\-Og HARD\libCMSIS_DSP_4_3_0_Og_HARD.a(arm_cfft_radix4_q15.o)
                0x1a001b94                arm_radix4_butterfly_q15
 .text.arm_radix4_butterfly_inverse_q15
                0x1a001dc0      0x22c C:\Users\Eli\Documents\GitHub\ESC-M4\CM4_TEST\COMMON\CMSIS_DSP_4_3_0\-Og HARD\libCMSIS_DSP_4_3_0_Og_HARD.a(arm_cfft_radix4_q15.o)
                0x1a001dc0                arm_radix4_butterfly_inverse_q15
 .text.arm_radix4_butterfly_q31
                0x1a001fec      0x56c C:\Users\Eli\Documents\GitHub\ESC-M4\CM4_TEST\COMMON\CMSIS_DSP_4_3_0\-Og HARD\libCMSIS_DSP_4_3_0_Og_HARD.a(arm_cfft_radix4_q31.o)
                0x1a001fec                arm_radix4_butterfly_q31
 .text.arm_radix4_butterfly_inverse_q31
                0x1a002558      0x568 C:\Users\Eli\Documents\GitHub\ESC-M4\CM4_TEST\COMMON\CMSIS_DSP_4_3_0\-Og HARD\libCMSIS_DSP_4_3_0_Og_HARD.a(arm_cfft_radix4_q31.o)
                0x1a002558                arm_radix4_butterfly_inverse_q31
 .text.arm_biquad_cascade_df1_fast_q15
                0x1a002ac0       0xd4 C:\Users\Eli\Documents\GitHub\ESC-M4\CM4_TEST\COMMON\CMSIS_DSP_4_3_0\-Og HARD\libCMSIS_DSP_4_3_0_Og_HARD.a(arm_biquad_cascade_df1_fast_q15.o)
                0x1a002ac0                arm_biquad_cascade_df1_fast_q15
 .text.arm_biquad_cascade_df1_init_q15
                0x1a002b94       0x20 C:\Users\Eli\Documents\GitHub\ESC-M4\CM4_TEST\COMMON\CMSIS_DSP_4_3_0\-Og HARD\libCMSIS_DSP_4_3_0_Og_HARD.a(arm_biquad_cascade_df1_init_q15.o)
                0x1a002b94                arm_biquad_cascade_df1_init_q15
 .text.arm_biquad_cascade_df1_q15
                0x1a002bb4      0x108 C:\Users\Eli\Documents\GitHub\ESC-M4\CM4_TEST\COMMON\CMSIS_DSP_4_3_0\-Og HARD\libCMSIS_DSP_4_3_0_Og_HARD.a(arm_biquad_cascade_df1_q15.o)
                0x1a002bb4                arm_biquad_cascade_df1_q15
 .text.arm_fir_init_q15
                0x1a002cbc       0x30 C:\Users\Eli\Documents\GitHub\ESC-M4\CM4_TEST\COMMON\CMSIS_DSP_4_3_0\-Og HARD\libCMSIS_DSP_4_3_0_Og_HARD.a(arm_fir_init_q15.o)
                0x1a002cbc                arm_fir_init_q15
 .text.arm_fir_q15
                0x1a002cec      0x1d4 C:\Users\Eli\Documents\GitHub\ESC-M4\CM4_TEST\COMMON\CMSIS_DSP_4_3_0\-Og HARD\libCMSIS_DSP_4_3_0_Og_HARD.a(arm_fir_q15.o)
                0x1a002cec                arm_fir_q15
 .text.arm_pid_init_q15
                0x1a002ec0       0x38 C:\Users\Eli\Documents\GitHub\ESC-M4\CM4_TEST\COMMON\CMSIS_DSP_4_3_0\-Og HARD\libCMSIS_DSP_4_3_0_Og_HARD.a(arm_pid_init_q15.o)
                0x1a002ec0                arm_pid_init_q15
 .text.arm_cmplx_mag_q15
                0x1a002ef8       0x90 C:\Users\Eli\Documents\GitHub\ESC-M4\CM4_TEST\COMMON\CMSIS_DSP_4_3_0\-Og HARD\libCMSIS_DSP_4_3_0_Og_HARD.a(arm_cmplx_mag_q15.o)
                0x1a002ef8                arm_cmplx_mag_q15
 .text.arm_cmplx_mag_squared_q15
                0x1a002f88       0x60 C:\Users\Eli\Documents\GitHub\ESC-M4\CM4_TEST\COMMON\CMSIS_DSP_4_3_0\-Og HARD\libCMSIS_DSP_4_3_0_Og_HARD.a(arm_cmplx_mag_squared_q15.o)
                0x1a002f88                arm_cmplx_mag_squared_q15
 .text          0x1a002fe8       0xc0 C:\Users\Eli\Documents\GitHub\ESC-M4\CM4_TEST\COMMON\CMSIS_DSP_4_3_0\-Og HARD\libCMSIS_DSP_4_3_0_Og_HARD.a(arm_bitreversal2.o)
                0x1a002fe8                arm_bitreversal_32
                0x1a003052                arm_bitreversal_16
 .text.arm_sqrt_q15
                0x1a0030a8       0xfc C:\Users\Eli\Documents\GitHub\ESC-M4\CM4_TEST\COMMON\CMSIS_DSP_4_3_0\-Og HARD\libCMSIS_DSP_4_3_0_Og_HARD.a(arm_sqrt_q15.o)
                0x1a0030a8                arm_sqrt_q15
 .text.SystemCoreClockUpdate
                0x1a0031a4       0x18 C:\Users\Eli\Documents\GitHub\ESC-M4\CM4_TEST\COMMON\lpc_chip_43xx\HARD\liblpc_chip_43xx_HARD.a(chip_18xx_43xx.o)
                0x1a0031a4                SystemCoreClockUpdate
 .text.Chip_Clock_TestMainPLLMultiplier
                0x1a0031bc       0x48 C:\Users\Eli\Documents\GitHub\ESC-M4\CM4_TEST\COMMON\lpc_chip_43xx\HARD\liblpc_chip_43xx_HARD.a(clock_18xx_43xx.o)
 .text.Chip_Clock_GetDivRate
                0x1a003204       0x40 C:\Users\Eli\Documents\GitHub\ESC-M4\CM4_TEST\COMMON\lpc_chip_43xx\HARD\liblpc_chip_43xx_HARD.a(clock_18xx_43xx.o)
 .text.Chip_Clock_FindBaseClock
                0x1a003244       0x88 C:\Users\Eli\Documents\GitHub\ESC-M4\CM4_TEST\COMMON\lpc_chip_43xx\HARD\liblpc_chip_43xx_HARD.a(clock_18xx_43xx.o)
 .text.Chip_Clock_EnableCrystal
                0x1a0032cc       0x6c C:\Users\Eli\Documents\GitHub\ESC-M4\CM4_TEST\COMMON\lpc_chip_43xx\HARD\liblpc_chip_43xx_HARD.a(clock_18xx_43xx.o)
                0x1a0032cc                Chip_Clock_EnableCrystal
 .text.Chip_Clock_SetupMainPLLHz
                0x1a003338      0x128 C:\Users\Eli\Documents\GitHub\ESC-M4\CM4_TEST\COMMON\lpc_chip_43xx\HARD\liblpc_chip_43xx_HARD.a(clock_18xx_43xx.o)
                0x1a003338                Chip_Clock_SetupMainPLLHz
 .text.Chip_Clock_SetupMainPLLMult
                0x1a003460       0xfc C:\Users\Eli\Documents\GitHub\ESC-M4\CM4_TEST\COMMON\lpc_chip_43xx\HARD\liblpc_chip_43xx_HARD.a(clock_18xx_43xx.o)
                0x1a003460                Chip_Clock_SetupMainPLLMult
 .text.Chip_Clock_GetMainPLLHz
                0x1a00355c       0xc0 C:\Users\Eli\Documents\GitHub\ESC-M4\CM4_TEST\COMMON\lpc_chip_43xx\HARD\liblpc_chip_43xx_HARD.a(clock_18xx_43xx.o)
                0x1a00355c                Chip_Clock_GetMainPLLHz
 .text.Chip_Clock_DisableMainPLL
                0x1a00361c       0x1c C:\Users\Eli\Documents\GitHub\ESC-M4\CM4_TEST\COMMON\lpc_chip_43xx\HARD\liblpc_chip_43xx_HARD.a(clock_18xx_43xx.o)
                0x1a00361c                Chip_Clock_DisableMainPLL
 .text.Chip_Clock_GetDividerSource
                0x1a003638       0x40 C:\Users\Eli\Documents\GitHub\ESC-M4\CM4_TEST\COMMON\lpc_chip_43xx\HARD\liblpc_chip_43xx_HARD.a(clock_18xx_43xx.o)
                0x1a003638                Chip_Clock_GetDividerSource
 .text.Chip_Clock_GetDividerDivisor
                0x1a003678       0x38 C:\Users\Eli\Documents\GitHub\ESC-M4\CM4_TEST\COMMON\lpc_chip_43xx\HARD\liblpc_chip_43xx_HARD.a(clock_18xx_43xx.o)
                0x1a003678                Chip_Clock_GetDividerDivisor
 .text.Chip_Clock_GetClockInputHz
                0x1a0036b0      0x140 C:\Users\Eli\Documents\GitHub\ESC-M4\CM4_TEST\COMMON\lpc_chip_43xx\HARD\liblpc_chip_43xx_HARD.a(clock_18xx_43xx.o)
                0x1a0036b0                Chip_Clock_GetClockInputHz
 .text.Chip_Clock_GetBaseClocktHz
                0x1a0037f0       0x24 C:\Users\Eli\Documents\GitHub\ESC-M4\CM4_TEST\COMMON\lpc_chip_43xx\HARD\liblpc_chip_43xx_HARD.a(clock_18xx_43xx.o)
                0x1a0037f0                Chip_Clock_GetBaseClocktHz
 .text.Chip_Clock_SetBaseClock
                0x1a003814       0x9c C:\Users\Eli\Documents\GitHub\ESC-M4\CM4_TEST\COMMON\lpc_chip_43xx\HARD\liblpc_chip_43xx_HARD.a(clock_18xx_43xx.o)
                0x1a003814                Chip_Clock_SetBaseClock
 .text.Chip_Clock_GetBaseClock
                0x1a0038b0       0x4c C:\Users\Eli\Documents\GitHub\ESC-M4\CM4_TEST\COMMON\lpc_chip_43xx\HARD\liblpc_chip_43xx_HARD.a(clock_18xx_43xx.o)
                0x1a0038b0                Chip_Clock_GetBaseClock
 .text.Chip_Clock_Enable
                0x1a0038fc       0x60 C:\Users\Eli\Documents\GitHub\ESC-M4\CM4_TEST\COMMON\lpc_chip_43xx\HARD\liblpc_chip_43xx_HARD.a(clock_18xx_43xx.o)
                0x1a0038fc                Chip_Clock_Enable
 .text.Chip_Clock_GetRate
                0x1a00395c       0x88 C:\Users\Eli\Documents\GitHub\ESC-M4\CM4_TEST\COMMON\lpc_chip_43xx\HARD\liblpc_chip_43xx_HARD.a(clock_18xx_43xx.o)
                0x1a00395c                Chip_Clock_GetRate
 .text.fpuInit  0x1a0039e4       0x74 C:\Users\Eli\Documents\GitHub\ESC-M4\CM4_TEST\COMMON\lpc_chip_43xx\HARD\liblpc_chip_43xx_HARD.a(fpu_init.o)
                0x1a0039e4                fpuInit
 .text.Chip_GPIO_Init
                0x1a003a58       0x14 C:\Users\Eli\Documents\GitHub\ESC-M4\CM4_TEST\COMMON\lpc_chip_43xx\HARD\liblpc_chip_43xx_HARD.a(gpio_18xx_43xx.o)
                0x1a003a58                Chip_GPIO_Init
 .text.Chip_SetupCoreClock
                0x1a003a6c       0xb8 C:\Users\Eli\Documents\GitHub\ESC-M4\CM4_TEST\COMMON\lpc_chip_43xx\HARD\liblpc_chip_43xx_HARD.a(sysinit_18xx_43xx.o)
                0x1a003a6c                Chip_SetupCoreClock
 .text.Chip_TIMER_GetClockIndex
                0x1a003b24       0x50 C:\Users\Eli\Documents\GitHub\ESC-M4\CM4_TEST\COMMON\lpc_chip_43xx\HARD\liblpc_chip_43xx_HARD.a(timer_18xx_43xx.o)
 .text.Chip_TIMER_Init
                0x1a003b74       0x1c C:\Users\Eli\Documents\GitHub\ESC-M4\CM4_TEST\COMMON\lpc_chip_43xx\HARD\liblpc_chip_43xx_HARD.a(timer_18xx_43xx.o)
                0x1a003b74                Chip_TIMER_Init
 .text.Chip_TIMER_Reset
                0x1a003b90       0x3c C:\Users\Eli\Documents\GitHub\ESC-M4\CM4_TEST\COMMON\lpc_chip_43xx\HARD\liblpc_chip_43xx_HARD.a(timer_18xx_43xx.o)
                0x1a003b90                Chip_TIMER_Reset
 .text.__main   0x1a003bcc       0x14 c:/nxp/lpcxpresso_7.7.2_379/lpcxpresso/tools/bin/../lib/gcc/arm-none-eabi/4.9.3/../../../../arm-none-eabi/lib/armv7e-m/fpu\libcr_semihost.a(_cr__main.o)
                0x1a003bcc                __CR_SEMIHOST
                0x1a003bcc                __main
 .text.memset   0x1a003be0       0x20 c:/nxp/lpcxpresso_7.7.2_379/lpcxpresso/tools/bin/../lib/gcc/arm-none-eabi/4.9.3/../../../../arm-none-eabi/lib/armv7e-m/fpu\libcr_c.a(memset.o)
                0x1a003be0                memset
 .text.fp_round
                0x1a003c00       0xbc c:/nxp/lpcxpresso_7.7.2_379/lpcxpresso/tools/bin/../lib/gcc/arm-none-eabi/4.9.3/../../../../arm-none-eabi/lib/armv7e-m/fpu\libcr_c.a(fpprintf.o)
 .text.pr_dec   0x1a003cbc       0x60 c:/nxp/lpcxpresso_7.7.2_379/lpcxpresso/tools/bin/../lib/gcc/arm-none-eabi/4.9.3/../../../../arm-none-eabi/lib/armv7e-m/fpu\libcr_c.a(fpprintf.o)
 *fill*         0x1a003d1c        0x4 
 .text.fp_digits
                0x1a003d20      0x7a0 c:/nxp/lpcxpresso_7.7.2_379/lpcxpresso/tools/bin/../lib/gcc/arm-none-eabi/4.9.3/../../../../arm-none-eabi/lib/armv7e-m/fpu\libcr_c.a(fpprintf.o)
 .text.fp_addexp
                0x1a0044c0      0x138 c:/nxp/lpcxpresso_7.7.2_379/lpcxpresso/tools/bin/../lib/gcc/arm-none-eabi/4.9.3/../../../../arm-none-eabi/lib/armv7e-m/fpu\libcr_c.a(fpprintf.o)
 .text.lose_trailing_zeros
                0x1a0045f8       0x4c c:/nxp/lpcxpresso_7.7.2_379/lpcxpresso/tools/bin/../lib/gcc/arm-none-eabi/4.9.3/../../../../arm-none-eabi/lib/armv7e-m/fpu\libcr_c.a(fpprintf.o)
 .text.fp_display
                0x1a004644      0x6ec c:/nxp/lpcxpresso_7.7.2_379/lpcxpresso/tools/bin/../lib/gcc/arm-none-eabi/4.9.3/../../../../arm-none-eabi/lib/armv7e-m/fpu\libcr_c.a(fpprintf.o)
 .text.printf   0x1a004d30       0x78 c:/nxp/lpcxpresso_7.7.2_379/lpcxpresso/tools/bin/../lib/gcc/arm-none-eabi/4.9.3/../../../../arm-none-eabi/lib/armv7e-m/fpu\libcr_c.a(fpprintf.o)
                0x1a004d30                printf
 .text.sprintf  0x1a004da8       0x84 c:/nxp/lpcxpresso_7.7.2_379/lpcxpresso/tools/bin/../lib/gcc/arm-none-eabi/4.9.3/../../../../arm-none-eabi/lib/armv7e-m/fpu\libcr_c.a(fpprintf.o)
                0x1a004da8                sprintf
 .text.vsnprintf
                0x1a004e2c       0x7c c:/nxp/lpcxpresso_7.7.2_379/lpcxpresso/tools/bin/../lib/gcc/arm-none-eabi/4.9.3/../../../../arm-none-eabi/lib/armv7e-m/fpu\libcr_c.a(fpprintf.o)
                0x1a004e2c                vsnprintf
 .text._initio  0x1a004ea8       0xd4 c:/nxp/lpcxpresso_7.7.2_379/lpcxpresso/tools/bin/../lib/gcc/arm-none-eabi/4.9.3/../../../../arm-none-eabi/lib/armv7e-m/fpu\libcr_c.a(initio.o)
                0x1a004ea8                _initio
 .text.DivideBy10
                0x1a004f7c      0x144 c:/nxp/lpcxpresso_7.7.2_379/lpcxpresso/tools/bin/../lib/gcc/arm-none-eabi/4.9.3/../../../../arm-none-eabi/lib/armv7e-m/fpu\libcr_c.a(printf.o)
 .text.printf_display
                0x1a0050c0      0x63c c:/nxp/lpcxpresso_7.7.2_379/lpcxpresso/tools/bin/../lib/gcc/arm-none-eabi/4.9.3/../../../../arm-none-eabi/lib/armv7e-m/fpu\libcr_c.a(printf.o)
 .text.pr_isdigit
                0x1a0056fc       0x28 c:/nxp/lpcxpresso_7.7.2_379/lpcxpresso/tools/bin/../lib/gcc/arm-none-eabi/4.9.3/../../../../arm-none-eabi/lib/armv7e-m/fpu\libcr_c.a(printf.o)
 .text.__vfprintf
                0x1a005724      0xd20 c:/nxp/lpcxpresso_7.7.2_379/lpcxpresso/tools/bin/../lib/gcc/arm-none-eabi/4.9.3/../../../../arm-none-eabi/lib/armv7e-m/fpu\libcr_c.a(printf.o)
                0x1a005724                __vfprintf
 .text.setvbuf  0x1a006444       0x8c c:/nxp/lpcxpresso_7.7.2_379/lpcxpresso/tools/bin/../lib/gcc/arm-none-eabi/4.9.3/../../../../arm-none-eabi/lib/armv7e-m/fpu\libcr_c.a(setvbuf.o)
                0x1a006444                setvbuf
 .text.rand     0x1a0064d0       0x7c c:/nxp/lpcxpresso_7.7.2_379/lpcxpresso/tools/bin/../lib/gcc/arm-none-eabi/4.9.3/../../../../arm-none-eabi/lib/armv7e-m/fpu\libcr_c.a(stdlib.o)
                0x1a0064d0                rand
 .text.strlen   0x1a00654c       0xa8 c:/nxp/lpcxpresso_7.7.2_379/lpcxpresso/tools/bin/../lib/gcc/arm-none-eabi/4.9.3/../../../../arm-none-eabi/lib/armv7e-m/fpu\libcr_c.a(strlen.o)
                0x1a00654c                strlen
 .text._deferredlazyseek
                0x1a0065f4       0x6c c:/nxp/lpcxpresso_7.7.2_379/lpcxpresso/tools/bin/../lib/gcc/arm-none-eabi/4.9.3/../../../../arm-none-eabi/lib/armv7e-m/fpu\libcr_c.a(_deferredlazyseek.o)
                0x1a0065f4                _deferredlazyseek
 .text.__flsbuf
                0x1a006660      0x258 c:/nxp/lpcxpresso_7.7.2_379/lpcxpresso/tools/bin/../lib/gcc/arm-none-eabi/4.9.3/../../../../arm-none-eabi/lib/armv7e-m/fpu\libcr_c.a(_deferredlazyseek.o)
                0x1a006660                __flsbuf
 .text._fdopen  0x1a0068b8       0xb0 c:/nxp/lpcxpresso_7.7.2_379/lpcxpresso/tools/bin/../lib/gcc/arm-none-eabi/4.9.3/../../../../arm-none-eabi/lib/armv7e-m/fpu\libcr_c.a(_fdopen.o)
                0x1a0068b8                _fdopen
 .text._fflush  0x1a006968       0x9c c:/nxp/lpcxpresso_7.7.2_379/lpcxpresso/tools/bin/../lib/gcc/arm-none-eabi/4.9.3/../../../../arm-none-eabi/lib/armv7e-m/fpu\libcr_c.a(_fflush.o)
                0x1a006968                _fflush
 .text._frexpl  0x1a006a04       0xbc c:/nxp/lpcxpresso_7.7.2_379/lpcxpresso/tools/bin/../lib/gcc/arm-none-eabi/4.9.3/../../../../arm-none-eabi/lib/armv7e-m/fpu\libcr_c.a(_frexpl.o)
                0x1a006a04                _frexpl
 .text._ldexpl  0x1a006ac0       0x9c c:/nxp/lpcxpresso_7.7.2_379/lpcxpresso/tools/bin/../lib/gcc/arm-none-eabi/4.9.3/../../../../arm-none-eabi/lib/armv7e-m/fpu\libcr_c.a(_ldexpl.o)
                0x1a006ac0                _ldexpl
 .text._Cwritebuf
                0x1a006b5c       0xcc c:/nxp/lpcxpresso_7.7.2_379/lpcxpresso/tools/bin/../lib/gcc/arm-none-eabi/4.9.3/../../../../arm-none-eabi/lib/armv7e-m/fpu\libcr_c.a(_writebuf.o)
                0x1a006b5c                _Cwritebuf
 .text.malloc   0x1a006c28      0x1b8 c:/nxp/lpcxpresso_7.7.2_379/lpcxpresso/tools/bin/../lib/gcc/arm-none-eabi/4.9.3/../../../../arm-none-eabi/lib/armv7e-m/fpu\libcr_c.a(alloc.o)
                0x1a006c28                malloc
 .text.free     0x1a006de0       0x70 c:/nxp/lpcxpresso_7.7.2_379/lpcxpresso/tools/bin/../lib/gcc/arm-none-eabi/4.9.3/../../../../arm-none-eabi/lib/armv7e-m/fpu\libcr_c.a(alloc.o)
                0x1a006de0                free
 .text._Csys_alloc
                0x1a006e50       0x38 c:/nxp/lpcxpresso_7.7.2_379/lpcxpresso/tools/bin/../lib/gcc/arm-none-eabi/4.9.3/../../../../arm-none-eabi/lib/armv7e-m/fpu\libcr_c.a(alloc.o)
                0x1a006e50                _Csys_alloc
 .text.fclose   0x1a006e88       0xa8 c:/nxp/lpcxpresso_7.7.2_379/lpcxpresso/tools/bin/../lib/gcc/arm-none-eabi/4.9.3/../../../../arm-none-eabi/lib/armv7e-m/fpu\libcr_c.a(fclose.o)
                0x1a006e88                fclose
 .text.fflush   0x1a006f30       0x5c c:/nxp/lpcxpresso_7.7.2_379/lpcxpresso/tools/bin/../lib/gcc/arm-none-eabi/4.9.3/../../../../arm-none-eabi/lib/armv7e-m/fpu\libcr_c.a(fflush.o)
                0x1a006f30                fflush
 .text.fseek    0x1a006f8c      0x1d4 c:/nxp/lpcxpresso_7.7.2_379/lpcxpresso/tools/bin/../lib/gcc/arm-none-eabi/4.9.3/../../../../arm-none-eabi/lib/armv7e-m/fpu\libcr_c.a(fseek.o)
                0x1a006f8c                fseek
 .text.ftell    0x1a007160       0x90 c:/nxp/lpcxpresso_7.7.2_379/lpcxpresso/tools/bin/../lib/gcc/arm-none-eabi/4.9.3/../../../../arm-none-eabi/lib/armv7e-m/fpu\libcr_c.a(ftell.o)
                0x1a007160                ftell
 .text.remove   0x1a0071f0       0x24 c:/nxp/lpcxpresso_7.7.2_379/lpcxpresso/tools/bin/../lib/gcc/arm-none-eabi/4.9.3/../../../../arm-none-eabi/lib/armv7e-m/fpu\libcr_c.a(remove.o)
                0x1a0071f0                remove
 .text._sbrk    0x1a007214       0x60 c:/nxp/lpcxpresso_7.7.2_379/lpcxpresso/tools/bin/../lib/gcc/arm-none-eabi/4.9.3/../../../../arm-none-eabi/lib/armv7e-m/fpu\libcr_c.a(_cr_sbrk.o)
                0x1a007214                _sbrk
 .text._do_fflush
                0x1a007274       0x7c c:/nxp/lpcxpresso_7.7.2_379/lpcxpresso/tools/bin/../lib/gcc/arm-none-eabi/4.9.3/../../../../arm-none-eabi/lib/armv7e-m/fpu\libcr_c.a(_do_fflush.o)
                0x1a007274                _do_fflush
 .text.__check_heap_overflow
                0x1a0072f0       0x2c c:/nxp/lpcxpresso_7.7.2_379/lpcxpresso/tools/bin/../lib/gcc/arm-none-eabi/4.9.3/../../../../arm-none-eabi/lib/armv7e-m/fpu\libcr_c.a(_cr_check_heap.o)
                0x1a0072f0                __check_heap_overflow
 .text.__aeabi_dmul
                0x1a00731c      0x110 c:/nxp/lpcxpresso_7.7.2_379/lpcxpresso/tools/bin/../lib/gcc/arm-none-eabi/4.9.3/armv7e-m/fpu\libcr_eabihelpers.a(double.o)
                0x1a00731c                __aeabi_dmul
 .text.__aeabi_ddiv
                0x1a00742c      0x140 c:/nxp/lpcxpresso_7.7.2_379/lpcxpresso/tools/bin/../lib/gcc/arm-none-eabi/4.9.3/armv7e-m/fpu\libcr_eabihelpers.a(double.o)
                0x1a00742c                __aeabi_ddiv
 .text.__aeabi_dsub
                0x1a00756c      0x1b8 c:/nxp/lpcxpresso_7.7.2_379/lpcxpresso/tools/bin/../lib/gcc/arm-none-eabi/4.9.3/armv7e-m/fpu\libcr_eabihelpers.a(double.o)
                0x1a00756c                __aeabi_dsub
 .text.__aeabi_dadd
                0x1a007724      0x128 c:/nxp/lpcxpresso_7.7.2_379/lpcxpresso/tools/bin/../lib/gcc/arm-none-eabi/4.9.3/armv7e-m/fpu\libcr_eabihelpers.a(double.o)
                0x1a007724                __aeabi_dadd
 .text.__aeabi_d2iz
                0x1a00784c       0x40 c:/nxp/lpcxpresso_7.7.2_379/lpcxpresso/tools/bin/../lib/gcc/arm-none-eabi/4.9.3/armv7e-m/fpu\libcr_eabihelpers.a(double.o)
                0x1a00784c                __aeabi_d2iz
 .text.__bhs_ui2d
                0x1a00788c       0x46 c:/nxp/lpcxpresso_7.7.2_379/lpcxpresso/tools/bin/../lib/gcc/arm-none-eabi/4.9.3/armv7e-m/fpu\libcr_eabihelpers.a(double.o)
                0x1a00788c                __bhs_ui2d
 .text.__aeabi_i2d
                0x1a0078d2       0x10 c:/nxp/lpcxpresso_7.7.2_379/lpcxpresso/tools/bin/../lib/gcc/arm-none-eabi/4.9.3/armv7e-m/fpu\libcr_eabihelpers.a(double.o)
                0x1a0078d2                __aeabi_i2d
 .text.__aeabi_dcmpeq
                0x1a0078e2       0x30 c:/nxp/lpcxpresso_7.7.2_379/lpcxpresso/tools/bin/../lib/gcc/arm-none-eabi/4.9.3/armv7e-m/fpu\libcr_eabihelpers.a(double.o)
                0x1a0078e2                __aeabi_dcmpeq
 .text.__aeabi_dcmplt
                0x1a007912       0x52 c:/nxp/lpcxpresso_7.7.2_379/lpcxpresso/tools/bin/../lib/gcc/arm-none-eabi/4.9.3/armv7e-m/fpu\libcr_eabihelpers.a(double.o)
                0x1a007912                __aeabi_dcmplt
 .text.__aeabi_dcmple
                0x1a007964       0x54 c:/nxp/lpcxpresso_7.7.2_379/lpcxpresso/tools/bin/../lib/gcc/arm-none-eabi/4.9.3/armv7e-m/fpu\libcr_eabihelpers.a(double.o)
                0x1a007964                __aeabi_dcmple
 .text.__aeabi_dcmpge
                0x1a0079b8       0x54 c:/nxp/lpcxpresso_7.7.2_379/lpcxpresso/tools/bin/../lib/gcc/arm-none-eabi/4.9.3/armv7e-m/fpu\libcr_eabihelpers.a(double.o)
                0x1a0079b8                __aeabi_dcmpge
 .text.__aeabi_memset_lowlevel
                0x1a007a0c       0x32 c:/nxp/lpcxpresso_7.7.2_379/lpcxpresso/tools/bin/../lib/gcc/arm-none-eabi/4.9.3/armv7e-m/fpu\libcr_eabihelpers.a(memcpy.o)
                0x1a007a0c                __aeabi_lowlevel_memset
 *fill*         0x1a007a3e        0x2 
 .text.__sys_appexit
                0x1a007a40        0xc c:/nxp/lpcxpresso_7.7.2_379/lpcxpresso/tools/bin/../lib/gcc/arm-none-eabi/4.9.3/../../../../arm-none-eabi/lib/armv7e-m/fpu\libcr_semihost.a(__sys_appexit.o)
                0x1a007a40                __sys_appexit
                0x1a007a40                __exit
 .text.__sys_close
                0x1a007a4c        0xc c:/nxp/lpcxpresso_7.7.2_379/lpcxpresso/tools/bin/../lib/gcc/arm-none-eabi/4.9.3/../../../../arm-none-eabi/lib/armv7e-m/fpu\libcr_semihost.a(__sys_close.o)
                0x1a007a4c                __sys_close
 .text.__sys_flen
                0x1a007a58        0xc c:/nxp/lpcxpresso_7.7.2_379/lpcxpresso/tools/bin/../lib/gcc/arm-none-eabi/4.9.3/../../../../arm-none-eabi/lib/armv7e-m/fpu\libcr_semihost.a(__sys_flen.o)
                0x1a007a58                __sys_flen
 .text.__sys_istty
                0x1a007a64        0xc c:/nxp/lpcxpresso_7.7.2_379/lpcxpresso/tools/bin/../lib/gcc/arm-none-eabi/4.9.3/../../../../arm-none-eabi/lib/armv7e-m/fpu\libcr_semihost.a(__sys_istty.o)
                0x1a007a64                __sys_istty
 .text.__sys_remove
                0x1a007a70        0xc c:/nxp/lpcxpresso_7.7.2_379/lpcxpresso/tools/bin/../lib/gcc/arm-none-eabi/4.9.3/../../../../arm-none-eabi/lib/armv7e-m/fpu\libcr_semihost.a(__sys_remove.o)
                0x1a007a70                __sys_remove
 .text.__sys_seek
                0x1a007a7c        0xc c:/nxp/lpcxpresso_7.7.2_379/lpcxpresso/tools/bin/../lib/gcc/arm-none-eabi/4.9.3/../../../../arm-none-eabi/lib/armv7e-m/fpu\libcr_semihost.a(__sys_seek.o)
                0x1a007a7c                __sys_seek
 .text.__sys_tmpnam
                0x1a007a88        0xc c:/nxp/lpcxpresso_7.7.2_379/lpcxpresso/tools/bin/../lib/gcc/arm-none-eabi/4.9.3/../../../../arm-none-eabi/lib/armv7e-m/fpu\libcr_semihost.a(__sys_tmpnam.o)
                0x1a007a88                __sys_tmpnam
 .text.__sys_write
                0x1a007a94        0xc c:/nxp/lpcxpresso_7.7.2_379/lpcxpresso/tools/bin/../lib/gcc/arm-none-eabi/4.9.3/../../../../arm-none-eabi/lib/armv7e-m/fpu\libcr_semihost.a(__sys_write.o)
                0x1a007a94                __sys_write
                0x1a007a94                __write
 *(.rodata .rodata.* .constdata .constdata.*)
 .rodata.str1.4
                0x1a007aa0      0x1bc ./src/CM4_TEST.o
                                0x1c4 (size before relaxing)
 .rodata.ExtRateIn
                0x1a007c5c        0x4 C:\Users\Eli\Documents\GitHub\ESC-M4\CM4_TEST\COMMON\lpc_board_nxp_lpcxpresso_4337\HARD\liblpc_board_nxp_lpcxpresso_4337_HARD.a(board.o)
                0x1a007c5c                ExtRateIn
 .rodata.OscRateIn
                0x1a007c60        0x4 C:\Users\Eli\Documents\GitHub\ESC-M4\CM4_TEST\COMMON\lpc_board_nxp_lpcxpresso_4337\HARD\liblpc_board_nxp_lpcxpresso_4337_HARD.a(board.o)
                0x1a007c60                OscRateIn
 .rodata.gpioLEDBits
                0x1a007c64        0x8 C:\Users\Eli\Documents\GitHub\ESC-M4\CM4_TEST\COMMON\lpc_board_nxp_lpcxpresso_4337\HARD\liblpc_board_nxp_lpcxpresso_4337_HARD.a(board.o)
 .rodata.InitClkStates
                0x1a007c6c        0xc C:\Users\Eli\Documents\GitHub\ESC-M4\CM4_TEST\COMMON\lpc_board_nxp_lpcxpresso_4337\HARD\liblpc_board_nxp_lpcxpresso_4337_HARD.a(board_sysinit.o)
 .rodata.pinmuxing
                0x1a007c78       0x34 C:\Users\Eli\Documents\GitHub\ESC-M4\CM4_TEST\COMMON\lpc_board_nxp_lpcxpresso_4337\HARD\liblpc_board_nxp_lpcxpresso_4337_HARD.a(board_sysinit.o)
 .rodata.arm_cfft_sR_q15_len1024
                0x1a007cac       0x10 C:\Users\Eli\Documents\GitHub\ESC-M4\CM4_TEST\COMMON\CMSIS_DSP_4_3_0\-Og HARD\libCMSIS_DSP_4_3_0_Og_HARD.a(arm_const_structs.o)
                0x1a007cac                arm_cfft_sR_q15_len1024
 .rodata.arm_cfft_sR_q15_len16
                0x1a007cbc       0x10 C:\Users\Eli\Documents\GitHub\ESC-M4\CM4_TEST\COMMON\CMSIS_DSP_4_3_0\-Og HARD\libCMSIS_DSP_4_3_0_Og_HARD.a(arm_const_structs.o)
                0x1a007cbc                arm_cfft_sR_q15_len16
 .rodata.arm_cfft_sR_q31_len4096
                0x1a007ccc       0x10 C:\Users\Eli\Documents\GitHub\ESC-M4\CM4_TEST\COMMON\CMSIS_DSP_4_3_0\-Og HARD\libCMSIS_DSP_4_3_0_Og_HARD.a(arm_const_structs.o)
                0x1a007ccc                arm_cfft_sR_q31_len4096
 .rodata.arm_cfft_sR_q15_len32
                0x1a007cdc       0x10 C:\Users\Eli\Documents\GitHub\ESC-M4\CM4_TEST\COMMON\CMSIS_DSP_4_3_0\-Og HARD\libCMSIS_DSP_4_3_0_Og_HARD.a(arm_const_structs.o)
                0x1a007cdc                arm_cfft_sR_q15_len32
 .rodata.arm_cfft_sR_q15_len512
                0x1a007cec       0x10 C:\Users\Eli\Documents\GitHub\ESC-M4\CM4_TEST\COMMON\CMSIS_DSP_4_3_0\-Og HARD\libCMSIS_DSP_4_3_0_Og_HARD.a(arm_const_structs.o)
                0x1a007cec                arm_cfft_sR_q15_len512
 .rodata.arm_cfft_sR_q15_len64
                0x1a007cfc       0x10 C:\Users\Eli\Documents\GitHub\ESC-M4\CM4_TEST\COMMON\CMSIS_DSP_4_3_0\-Og HARD\libCMSIS_DSP_4_3_0_Og_HARD.a(arm_const_structs.o)
                0x1a007cfc                arm_cfft_sR_q15_len64
 .rodata.arm_cfft_sR_q15_len256
                0x1a007d0c       0x10 C:\Users\Eli\Documents\GitHub\ESC-M4\CM4_TEST\COMMON\CMSIS_DSP_4_3_0\-Og HARD\libCMSIS_DSP_4_3_0_Og_HARD.a(arm_const_structs.o)
                0x1a007d0c                arm_cfft_sR_q15_len256
 .rodata.arm_cfft_sR_q15_len128
                0x1a007d1c       0x10 C:\Users\Eli\Documents\GitHub\ESC-M4\CM4_TEST\COMMON\CMSIS_DSP_4_3_0\-Og HARD\libCMSIS_DSP_4_3_0_Og_HARD.a(arm_const_structs.o)
                0x1a007d1c                arm_cfft_sR_q15_len128
 .rodata.arm_cfft_sR_q15_len2048
                0x1a007d2c       0x10 C:\Users\Eli\Documents\GitHub\ESC-M4\CM4_TEST\COMMON\CMSIS_DSP_4_3_0\-Og HARD\libCMSIS_DSP_4_3_0_Og_HARD.a(arm_const_structs.o)
                0x1a007d2c                arm_cfft_sR_q15_len2048
 .rodata.armBitRevIndexTable_fixed_128
                0x1a007d3c       0xe0 C:\Users\Eli\Documents\GitHub\ESC-M4\CM4_TEST\COMMON\CMSIS_DSP_4_3_0\-Og HARD\libCMSIS_DSP_4_3_0_Og_HARD.a(arm_common_tables.o)
                0x1a007d3c                armBitRevIndexTable_fixed_128
 .rodata.armBitRevIndexTable_fixed_2048
                0x1a007e1c      0xf80 C:\Users\Eli\Documents\GitHub\ESC-M4\CM4_TEST\COMMON\CMSIS_DSP_4_3_0\-Og HARD\libCMSIS_DSP_4_3_0_Og_HARD.a(arm_common_tables.o)
                0x1a007e1c                armBitRevIndexTable_fixed_2048
 .rodata.armBitRevIndexTable_fixed_4096
                0x1a008d9c     0x1f80 C:\Users\Eli\Documents\GitHub\ESC-M4\CM4_TEST\COMMON\CMSIS_DSP_4_3_0\-Og HARD\libCMSIS_DSP_4_3_0_Og_HARD.a(arm_common_tables.o)
                0x1a008d9c                armBitRevIndexTable_fixed_4096
 .rodata.armBitRevIndexTable_fixed_1024
                0x1a00ad1c      0x7c0 C:\Users\Eli\Documents\GitHub\ESC-M4\CM4_TEST\COMMON\CMSIS_DSP_4_3_0\-Og HARD\libCMSIS_DSP_4_3_0_Og_HARD.a(arm_common_tables.o)
                0x1a00ad1c                armBitRevIndexTable_fixed_1024
 .rodata.twiddleCoef_1024_q15
                0x1a00b4dc      0xc00 C:\Users\Eli\Documents\GitHub\ESC-M4\CM4_TEST\COMMON\CMSIS_DSP_4_3_0\-Og HARD\libCMSIS_DSP_4_3_0_Og_HARD.a(arm_common_tables.o)
                0x1a00b4dc                twiddleCoef_1024_q15
 .rodata.twiddleCoef_32_q15
                0x1a00c0dc       0x60 C:\Users\Eli\Documents\GitHub\ESC-M4\CM4_TEST\COMMON\CMSIS_DSP_4_3_0\-Og HARD\libCMSIS_DSP_4_3_0_Og_HARD.a(arm_common_tables.o)
                0x1a00c0dc                twiddleCoef_32_q15
 .rodata.twiddleCoef_4096_q31
                0x1a00c13c     0x6000 C:\Users\Eli\Documents\GitHub\ESC-M4\CM4_TEST\COMMON\CMSIS_DSP_4_3_0\-Og HARD\libCMSIS_DSP_4_3_0_Og_HARD.a(arm_common_tables.o)
                0x1a00c13c                twiddleCoef_4096_q31
 .rodata.twiddleCoef_16_q15
                0x1a01213c       0x30 C:\Users\Eli\Documents\GitHub\ESC-M4\CM4_TEST\COMMON\CMSIS_DSP_4_3_0\-Og HARD\libCMSIS_DSP_4_3_0_Og_HARD.a(arm_common_tables.o)
                0x1a01213c                twiddleCoef_16_q15
 .rodata.twiddleCoef_64_q15
                0x1a01216c       0xc0 C:\Users\Eli\Documents\GitHub\ESC-M4\CM4_TEST\COMMON\CMSIS_DSP_4_3_0\-Og HARD\libCMSIS_DSP_4_3_0_Og_HARD.a(arm_common_tables.o)
                0x1a01216c                twiddleCoef_64_q15
 .rodata.twiddleCoef_2048_q15
                0x1a01222c     0x1800 C:\Users\Eli\Documents\GitHub\ESC-M4\CM4_TEST\COMMON\CMSIS_DSP_4_3_0\-Og HARD\libCMSIS_DSP_4_3_0_Og_HARD.a(arm_common_tables.o)
                0x1a01222c                twiddleCoef_2048_q15
 .rodata.twiddleCoef_256_q15
                0x1a013a2c      0x300 C:\Users\Eli\Documents\GitHub\ESC-M4\CM4_TEST\COMMON\CMSIS_DSP_4_3_0\-Og HARD\libCMSIS_DSP_4_3_0_Og_HARD.a(arm_common_tables.o)
                0x1a013a2c                twiddleCoef_256_q15
 .rodata.twiddleCoef_512_q15
                0x1a013d2c      0x600 C:\Users\Eli\Documents\GitHub\ESC-M4\CM4_TEST\COMMON\CMSIS_DSP_4_3_0\-Og HARD\libCMSIS_DSP_4_3_0_Og_HARD.a(arm_common_tables.o)
                0x1a013d2c                twiddleCoef_512_q15
 .rodata.armBitRevIndexTable_fixed_512
                0x1a01432c      0x3c0 C:\Users\Eli\Documents\GitHub\ESC-M4\CM4_TEST\COMMON\CMSIS_DSP_4_3_0\-Og HARD\libCMSIS_DSP_4_3_0_Og_HARD.a(arm_common_tables.o)
                0x1a01432c                armBitRevIndexTable_fixed_512
 .rodata.armBitRevIndexTable_fixed_16
                0x1a0146ec       0x18 C:\Users\Eli\Documents\GitHub\ESC-M4\CM4_TEST\COMMON\CMSIS_DSP_4_3_0\-Og HARD\libCMSIS_DSP_4_3_0_Og_HARD.a(arm_common_tables.o)
                0x1a0146ec                armBitRevIndexTable_fixed_16
 .rodata.twiddleCoef_128_q15
                0x1a014704      0x180 C:\Users\Eli\Documents\GitHub\ESC-M4\CM4_TEST\COMMON\CMSIS_DSP_4_3_0\-Og HARD\libCMSIS_DSP_4_3_0_Og_HARD.a(arm_common_tables.o)
                0x1a014704                twiddleCoef_128_q15
 .rodata.armBitRevIndexTable_fixed_32
                0x1a014884       0x30 C:\Users\Eli\Documents\GitHub\ESC-M4\CM4_TEST\COMMON\CMSIS_DSP_4_3_0\-Og HARD\libCMSIS_DSP_4_3_0_Og_HARD.a(arm_common_tables.o)
                0x1a014884                armBitRevIndexTable_fixed_32
 .rodata.armBitRevIndexTable_fixed_256
                0x1a0148b4      0x1e0 C:\Users\Eli\Documents\GitHub\ESC-M4\CM4_TEST\COMMON\CMSIS_DSP_4_3_0\-Og HARD\libCMSIS_DSP_4_3_0_Og_HARD.a(arm_common_tables.o)
                0x1a0148b4                armBitRevIndexTable_fixed_256
 .rodata.armBitRevIndexTable_fixed_64
                0x1a014a94       0x70 C:\Users\Eli\Documents\GitHub\ESC-M4\CM4_TEST\COMMON\CMSIS_DSP_4_3_0\-Og HARD\libCMSIS_DSP_4_3_0_Og_HARD.a(arm_common_tables.o)
                0x1a014a94                armBitRevIndexTable_fixed_64
 .rodata.periph_to_base
                0x1a014b04       0x6c C:\Users\Eli\Documents\GitHub\ESC-M4\CM4_TEST\COMMON\lpc_chip_43xx\HARD\liblpc_chip_43xx_HARD.a(clock_18xx_43xx.o)
 .rodata        0x1a014b70        0xc C:\Users\Eli\Documents\GitHub\ESC-M4\CM4_TEST\COMMON\lpc_chip_43xx\HARD\liblpc_chip_43xx_HARD.a(clock_18xx_43xx.o)
 .rodata.InitClkStates
                0x1a014b7c       0x48 C:\Users\Eli\Documents\GitHub\ESC-M4\CM4_TEST\COMMON\lpc_chip_43xx\HARD\liblpc_chip_43xx_HARD.a(sysinit_18xx_43xx.o)
 .rodata        0x1a014bc4       0x40 c:/nxp/lpcxpresso_7.7.2_379/lpcxpresso/tools/bin/../lib/gcc/arm-none-eabi/4.9.3/../../../../arm-none-eabi/lib/armv7e-m/fpu\libcr_c.a(fpprintf.o)
 .rodata        0x1a014c04        0x8 c:/nxp/lpcxpresso_7.7.2_379/lpcxpresso/tools/bin/../lib/gcc/arm-none-eabi/4.9.3/../../../../arm-none-eabi/lib/armv7e-m/fpu\libcr_c.a(initio.o)
 .rodata        0x1a014c0c       0x4c c:/nxp/lpcxpresso_7.7.2_379/lpcxpresso/tools/bin/../lib/gcc/arm-none-eabi/4.9.3/../../../../arm-none-eabi/lib/armv7e-m/fpu\libcr_c.a(printf.o)
 .rodata.__huge_vall
                0x1a014c58        0x8 c:/nxp/lpcxpresso_7.7.2_379/lpcxpresso/tools/bin/../lib/gcc/arm-none-eabi/4.9.3/../../../../arm-none-eabi/lib/armv7e-m/fpu\libcr_c.a(_hugeval.o)
                0x1a014c58                __huge_vall
 .rodata        0x1a014c60       0x18 c:/nxp/lpcxpresso_7.7.2_379/lpcxpresso/tools/bin/../lib/gcc/arm-none-eabi/4.9.3/../../../../arm-none-eabi/lib/armv7e-m/fpu\libcr_c.a(alloc.o)
                0x1a014c78                . = ALIGN (0x4)

.glue_7         0x1a014c78        0x0
 .glue_7        0x00000000        0x0 linker stubs

.glue_7t        0x1a014c78        0x0
 .glue_7t       0x00000000        0x0 linker stubs

.vfp11_veneer   0x1a014c78        0x0
 .vfp11_veneer  0x00000000        0x0 linker stubs

.v4_bx          0x1a014c78        0x0
 .v4_bx         0x00000000        0x0 linker stubs

.iplt           0x1a014c78        0x0
 .iplt          0x00000000        0x0 ./src/CM4_TEST.o

.rel.dyn        0x1a014c78        0x0
 .rel.iplt      0x00000000        0x0 ./src/CM4_TEST.o

.ARM.extab
 *(.ARM.extab* .gnu.linkonce.armextab.*)
                0x1a014c78                __exidx_start = .

.ARM.exidx
 *(.ARM.exidx* .gnu.linkonce.armexidx.*)
                0x1a014c78                __exidx_end = .
                0x1a014c78                _etext = .

.data_RAM2      0x10080000        0x0 load address 0x1a014c78
 FILL mask 0xff
                0x10080000                PROVIDE (__start_data_RAM2, .)
 *(.ramfunc.$RAM2)
 *(.ramfunc.$RamLoc40)
 *(.data.$RAM2*)
 *(.data.$RamLoc40*)
                0x10080000                . = ALIGN (0x4)
                0x10080000                PROVIDE (__end_data_RAM2, .)

.data_RAM3      0x20000000        0x0 load address 0x1a014c78
 FILL mask 0xff
                0x20000000                PROVIDE (__start_data_RAM3, .)
 *(.ramfunc.$RAM3)
 *(.ramfunc.$RamAHB32)
 *(.data.$RAM3*)
 *(.data.$RamAHB32*)
                0x20000000                . = ALIGN (0x4)
                0x20000000                PROVIDE (__end_data_RAM3, .)

.data_RAM4      0x20008000        0x0 load address 0x1a014c78
 FILL mask 0xff
                0x20008000                PROVIDE (__start_data_RAM4, .)
 *(.ramfunc.$RAM4)
 *(.ramfunc.$RamAHB16)
 *(.data.$RAM4*)
 *(.data.$RamAHB16*)
                0x20008000                . = ALIGN (0x4)
                0x20008000                PROVIDE (__end_data_RAM4, .)

.data_RAM5      0x2000c000        0x0 load address 0x1a014c78
 FILL mask 0xff
                0x2000c000                PROVIDE (__start_data_RAM5, .)
 *(.ramfunc.$RAM5)
 *(.ramfunc.$RamAHB_ETB16)
 *(.data.$RAM5*)
 *(.data.$RamAHB_ETB16*)
                0x2000c000                . = ALIGN (0x4)
                0x2000c000                PROVIDE (__end_data_RAM5, .)

.uninit_RESERVED
                0x10000000        0x0
 *(.bss.$RESERVED*)
                0x10000000                . = ALIGN (0x4)
                0x10000000                _end_uninit_RESERVED = .

.data           0x10000000       0xf0 load address 0x1a014c78
 FILL mask 0xff
                0x10000000                _data = .
 *(vtable)
 *(.ramfunc*)
 *(.data*)
 .data.IIR_Coef_q15
                0x10000000        0xc ./src/CM4_TEST.o
                0x10000000                IIR_Coef_q15
 .data._random_number_seed
                0x1000000c       0xdc c:/nxp/lpcxpresso_7.7.2_379/lpcxpresso/tools/bin/../lib/gcc/arm-none-eabi/4.9.3/../../../../arm-none-eabi/lib/armv7e-m/fpu\libcr_c.a(stdlib.o)
 .data._random_j
                0x100000e8        0x4 c:/nxp/lpcxpresso_7.7.2_379/lpcxpresso/tools/bin/../lib/gcc/arm-none-eabi/4.9.3/../../../../arm-none-eabi/lib/armv7e-m/fpu\libcr_c.a(stdlib.o)
 .data._random_k
                0x100000ec        0x4 c:/nxp/lpcxpresso_7.7.2_379/lpcxpresso/tools/bin/../lib/gcc/arm-none-eabi/4.9.3/../../../../arm-none-eabi/lib/armv7e-m/fpu\libcr_c.a(stdlib.o)
                0x100000f0                . = ALIGN (0x4)
                0x100000f0                _edata = .

.igot.plt       0x100000f0        0x0 load address 0x1a014d68
 .igot.plt      0x00000000        0x0 ./src/CM4_TEST.o

.bss_RAM2       0x10080000        0x0
                0x10080000                PROVIDE (__start_bss_RAM2, .)
 *(.bss.$RAM2*)
 *(.bss.$RamLoc40*)
                0x10080000                . = ALIGN (0x4)
                0x10080000                PROVIDE (__end_bss_RAM2, .)

.bss_RAM3       0x20000000     0x4040
                0x20000000                PROVIDE (__start_bss_RAM3, .)
 *(.bss.$RAM3*)
 .bss.$RAM3     0x20000000     0x4040 ./src/CM4_TEST.o
                0x20000000                InputData
                0x20004000                IIR_Inst
                0x20004010                FIR_Inst
                0x2000401c                PID_Inst
 *(.bss.$RamAHB32*)
                0x20004040                . = ALIGN (0x4)
                0x20004040                PROVIDE (__end_bss_RAM3, .)

.bss_RAM4       0x20008000     0x4000
                0x20008000                PROVIDE (__start_bss_RAM4, .)
 *(.bss.$RAM4*)
 .bss.$RAM4     0x20008000     0x4000 ./src/CM4_TEST.o
                0x20008000                OutputData
 *(.bss.$RamAHB16*)
                0x2000c000                . = ALIGN (0x4)
                0x2000c000                PROVIDE (__end_bss_RAM4, .)

.bss_RAM5       0x2000c000     0x2080
                0x2000c000                PROVIDE (__start_bss_RAM5, .)
 *(.bss.$RAM5*)
 .bss.$RAM5     0x2000c000     0x2080 ./src/CM4_TEST.o
                0x2000c000                FIR_State
 *(.bss.$RamAHB_ETB16*)
                0x2000e080                . = ALIGN (0x4)
                0x2000e080                PROVIDE (__end_bss_RAM5, .)

.bss            0x100000f0      0x2f8
                0x100000f0                _bss = .
 *(.bss*)
 .bss.IIR_State_q15
                0x100000f0        0x8 ./src/CM4_TEST.o
                0x100000f0                IIR_State_q15
 .bss.audio_usb_pll_freq
                0x100000f8        0x8 C:\Users\Eli\Documents\GitHub\ESC-M4\CM4_TEST\COMMON\lpc_chip_43xx\HARD\liblpc_chip_43xx_HARD.a(clock_18xx_43xx.o)
 .bss.errno     0x10000100        0x4 c:/nxp/lpcxpresso_7.7.2_379/lpcxpresso/tools/bin/../lib/gcc/arm-none-eabi/4.9.3/../../../../arm-none-eabi/lib/armv7e-m/fpu\libcr_c.a(errno.o)
                0x10000100                errno
 *(COMMON)
 *fill*         0x10000104        0x4 
 COMMON         0x10000108      0x190 ./src/CM4_TEST.o
                0x10000108                FIR_Coef_q15
                0x10000148                E_IIR
                0x10000198                FIR_Coef_f32
                0x10000218                FIR_Coef_q31
 COMMON         0x10000298        0x4 C:\Users\Eli\Documents\GitHub\ESC-M4\CM4_TEST\COMMON\lpc_chip_43xx\HARD\liblpc_chip_43xx_HARD.a(chip_18xx_43xx.o)
                0x10000298                SystemCoreClock
 COMMON         0x1000029c        0x4 c:/nxp/lpcxpresso_7.7.2_379/lpcxpresso/tools/bin/../lib/gcc/arm-none-eabi/4.9.3/../../../../arm-none-eabi/lib/armv7e-m/fpu\libcr_c.a(initio.o)
                0x1000029c                _extra
 COMMON         0x100002a0      0x140 c:/nxp/lpcxpresso_7.7.2_379/lpcxpresso/tools/bin/../lib/gcc/arm-none-eabi/4.9.3/../../../../arm-none-eabi/lib/armv7e-m/fpu\libcr_c.a(stdio.o)
                0x100002a0                __Ciob
 COMMON         0x100003e0        0x8 c:/nxp/lpcxpresso_7.7.2_379/lpcxpresso/tools/bin/../lib/gcc/arm-none-eabi/4.9.3/../../../../arm-none-eabi/lib/armv7e-m/fpu\libcr_c.a(__init_alloc.o)
                0x100003e0                __heaps
                0x100003e4                __end_of_heap
                0x100003e8                . = ALIGN (0x4)
                0x100003e8                _ebss = .
                0x100003e8                PROVIDE (end, .)

.noinit_RAM2    0x10080000        0x0
 *(.noinit.$RAM2*)
 *(.noinit.$RamLoc40*)
                0x10080000                . = ALIGN (0x4)

.noinit_RAM3    0x20004040        0x0
 *(.noinit.$RAM3*)
 *(.noinit.$RamAHB32*)
                0x20004040                . = ALIGN (0x4)

.noinit_RAM4    0x2000c000        0x0
 *(.noinit.$RAM4*)
 *(.noinit.$RamAHB16*)
                0x2000c000                . = ALIGN (0x4)

.noinit_RAM5    0x2000e080        0x0
 *(.noinit.$RAM5*)
 *(.noinit.$RamAHB_ETB16*)
                0x2000e080                . = ALIGN (0x4)

.noinit         0x100003e8        0x0
                0x100003e8                _noinit = .
 *(.noinit*)
                0x100003e8                . = ALIGN (0x4)
                0x100003e8                _end_noinit = .
                0x100003e8                PROVIDE (_pvHeapStart, DEFINED (__user_heap_base)?__user_heap_base:.)
                0x10008000                PROVIDE (_vStackTop, DEFINED (__user_stack_top)?__user_stack_top:(__top_RamLoc32 - 0x0))
OUTPUT(CM4_TEST_LPC4337_FLASH_Og_HARD.axf elf32-littlearm)

.debug_info     0x00000000     0xf784
 .debug_info    0x00000000     0x3651 ./src/CM4_TEST.o
 .debug_info    0x00003651      0x2d2 ./src/cr_startup_lpc43xx.o
 .debug_info    0x00003923       0x3f ./src/crp.o
 .debug_info    0x00003962      0x10c ./src/sysinit.o
 .debug_info    0x00003a6e     0x190f C:\Users\Eli\Documents\GitHub\ESC-M4\CM4_TEST\COMMON\lpc_board_nxp_lpcxpresso_4337\HARD\liblpc_board_nxp_lpcxpresso_4337_HARD.a(board.o)
 .debug_info    0x0000537d      0xb4d C:\Users\Eli\Documents\GitHub\ESC-M4\CM4_TEST\COMMON\lpc_board_nxp_lpcxpresso_4337\HARD\liblpc_board_nxp_lpcxpresso_4337_HARD.a(board_sysinit.o)
 .debug_info    0x00005eca      0x917 C:\Users\Eli\Documents\GitHub\ESC-M4\CM4_TEST\COMMON\CMSIS_DSP_4_3_0\-Og HARD\libCMSIS_DSP_4_3_0_Og_HARD.a(arm_cfft_q15.o)
 .debug_info    0x000067e1      0x49b C:\Users\Eli\Documents\GitHub\ESC-M4\CM4_TEST\COMMON\CMSIS_DSP_4_3_0\-Og HARD\libCMSIS_DSP_4_3_0_Og_HARD.a(arm_cfft_q31.o)
 .debug_info    0x00006c7c     0x1ddd C:\Users\Eli\Documents\GitHub\ESC-M4\CM4_TEST\COMMON\CMSIS_DSP_4_3_0\-Og HARD\libCMSIS_DSP_4_3_0_Og_HARD.a(arm_cfft_radix4_q15.o)
 .debug_info    0x00008a59      0x7de C:\Users\Eli\Documents\GitHub\ESC-M4\CM4_TEST\COMMON\CMSIS_DSP_4_3_0\-Og HARD\libCMSIS_DSP_4_3_0_Og_HARD.a(arm_cfft_radix4_q31.o)
 .debug_info    0x00009237      0x746 C:\Users\Eli\Documents\GitHub\ESC-M4\CM4_TEST\COMMON\CMSIS_DSP_4_3_0\-Og HARD\libCMSIS_DSP_4_3_0_Og_HARD.a(arm_biquad_cascade_df1_fast_q15.o)
 .debug_info    0x0000997d      0x1b3 C:\Users\Eli\Documents\GitHub\ESC-M4\CM4_TEST\COMMON\CMSIS_DSP_4_3_0\-Og HARD\libCMSIS_DSP_4_3_0_Og_HARD.a(arm_biquad_cascade_df1_init_q15.o)
 .debug_info    0x00009b30      0x7b0 C:\Users\Eli\Documents\GitHub\ESC-M4\CM4_TEST\COMMON\CMSIS_DSP_4_3_0\-Og HARD\libCMSIS_DSP_4_3_0_Og_HARD.a(arm_biquad_cascade_df1_q15.o)
 .debug_info    0x0000a2e0      0x1e6 C:\Users\Eli\Documents\GitHub\ESC-M4\CM4_TEST\COMMON\CMSIS_DSP_4_3_0\-Og HARD\libCMSIS_DSP_4_3_0_Og_HARD.a(arm_fir_init_q15.o)
 .debug_info    0x0000a4c6      0x533 C:\Users\Eli\Documents\GitHub\ESC-M4\CM4_TEST\COMMON\CMSIS_DSP_4_3_0\-Og HARD\libCMSIS_DSP_4_3_0_Og_HARD.a(arm_fir_q15.o)
 .debug_info    0x0000a9f9      0x2ec C:\Users\Eli\Documents\GitHub\ESC-M4\CM4_TEST\COMMON\CMSIS_DSP_4_3_0\-Og HARD\libCMSIS_DSP_4_3_0_Og_HARD.a(arm_pid_init_q15.o)
 .debug_info    0x0000ace5      0x3a9 C:\Users\Eli\Documents\GitHub\ESC-M4\CM4_TEST\COMMON\CMSIS_DSP_4_3_0\-Og HARD\libCMSIS_DSP_4_3_0_Og_HARD.a(arm_cmplx_mag_q15.o)
 .debug_info    0x0000b08e      0x2d2 C:\Users\Eli\Documents\GitHub\ESC-M4\CM4_TEST\COMMON\CMSIS_DSP_4_3_0\-Og HARD\libCMSIS_DSP_4_3_0_Og_HARD.a(arm_cmplx_mag_squared_q15.o)
 .debug_info    0x0000b360      0x936 C:\Users\Eli\Documents\GitHub\ESC-M4\CM4_TEST\COMMON\CMSIS_DSP_4_3_0\-Og HARD\libCMSIS_DSP_4_3_0_Og_HARD.a(arm_const_structs.o)
 .debug_info    0x0000bc96       0xa3 C:\Users\Eli\Documents\GitHub\ESC-M4\CM4_TEST\COMMON\CMSIS_DSP_4_3_0\-Og HARD\libCMSIS_DSP_4_3_0_Og_HARD.a(arm_bitreversal2.o)
 .debug_info    0x0000bd39      0x22e C:\Users\Eli\Documents\GitHub\ESC-M4\CM4_TEST\COMMON\CMSIS_DSP_4_3_0\-Og HARD\libCMSIS_DSP_4_3_0_Og_HARD.a(arm_sqrt_q15.o)
 .debug_info    0x0000bf67      0x930 C:\Users\Eli\Documents\GitHub\ESC-M4\CM4_TEST\COMMON\CMSIS_DSP_4_3_0\-Og HARD\libCMSIS_DSP_4_3_0_Og_HARD.a(arm_common_tables.o)
 .debug_info    0x0000c897      0xa2d C:\Users\Eli\Documents\GitHub\ESC-M4\CM4_TEST\COMMON\lpc_chip_43xx\HARD\liblpc_chip_43xx_HARD.a(chip_18xx_43xx.o)
 .debug_info    0x0000d2c4     0x13ae C:\Users\Eli\Documents\GitHub\ESC-M4\CM4_TEST\COMMON\lpc_chip_43xx\HARD\liblpc_chip_43xx_HARD.a(clock_18xx_43xx.o)
 .debug_info    0x0000e672      0x128 C:\Users\Eli\Documents\GitHub\ESC-M4\CM4_TEST\COMMON\lpc_chip_43xx\HARD\liblpc_chip_43xx_HARD.a(fpu_init.o)
 .debug_info    0x0000e79a      0x42b C:\Users\Eli\Documents\GitHub\ESC-M4\CM4_TEST\COMMON\lpc_chip_43xx\HARD\liblpc_chip_43xx_HARD.a(gpio_18xx_43xx.o)
 .debug_info    0x0000ebc5      0x6da C:\Users\Eli\Documents\GitHub\ESC-M4\CM4_TEST\COMMON\lpc_chip_43xx\HARD\liblpc_chip_43xx_HARD.a(sysinit_18xx_43xx.o)
 .debug_info    0x0000f29f      0x4e5 C:\Users\Eli\Documents\GitHub\ESC-M4\CM4_TEST\COMMON\lpc_chip_43xx\HARD\liblpc_chip_43xx_HARD.a(timer_18xx_43xx.o)

.debug_abbrev   0x00000000     0x24a0
 .debug_abbrev  0x00000000      0x2f5 ./src/CM4_TEST.o
 .debug_abbrev  0x000002f5      0x10d ./src/cr_startup_lpc43xx.o
 .debug_abbrev  0x00000402       0x36 ./src/crp.o
 .debug_abbrev  0x00000438       0xb8 ./src/sysinit.o
 .debug_abbrev  0x000004f0      0x30f C:\Users\Eli\Documents\GitHub\ESC-M4\CM4_TEST\COMMON\lpc_board_nxp_lpcxpresso_4337\HARD\liblpc_board_nxp_lpcxpresso_4337_HARD.a(board.o)
 .debug_abbrev  0x000007ff      0x18d C:\Users\Eli\Documents\GitHub\ESC-M4\CM4_TEST\COMMON\lpc_board_nxp_lpcxpresso_4337\HARD\liblpc_board_nxp_lpcxpresso_4337_HARD.a(board_sysinit.o)
 .debug_abbrev  0x0000098c      0x1fa C:\Users\Eli\Documents\GitHub\ESC-M4\CM4_TEST\COMMON\CMSIS_DSP_4_3_0\-Og HARD\libCMSIS_DSP_4_3_0_Og_HARD.a(arm_cfft_q15.o)
 .debug_abbrev  0x00000b86      0x107 C:\Users\Eli\Documents\GitHub\ESC-M4\CM4_TEST\COMMON\CMSIS_DSP_4_3_0\-Og HARD\libCMSIS_DSP_4_3_0_Og_HARD.a(arm_cfft_q31.o)
 .debug_abbrev  0x00000c8d      0x22b C:\Users\Eli\Documents\GitHub\ESC-M4\CM4_TEST\COMMON\CMSIS_DSP_4_3_0\-Og HARD\libCMSIS_DSP_4_3_0_Og_HARD.a(arm_cfft_radix4_q15.o)
 .debug_abbrev  0x00000eb8      0x14c C:\Users\Eli\Documents\GitHub\ESC-M4\CM4_TEST\COMMON\CMSIS_DSP_4_3_0\-Og HARD\libCMSIS_DSP_4_3_0_Og_HARD.a(arm_cfft_radix4_q31.o)
 .debug_abbrev  0x00001004      0x149 C:\Users\Eli\Documents\GitHub\ESC-M4\CM4_TEST\COMMON\CMSIS_DSP_4_3_0\-Og HARD\libCMSIS_DSP_4_3_0_Og_HARD.a(arm_biquad_cascade_df1_fast_q15.o)
 .debug_abbrev  0x0000114d       0xed C:\Users\Eli\Documents\GitHub\ESC-M4\CM4_TEST\COMMON\CMSIS_DSP_4_3_0\-Og HARD\libCMSIS_DSP_4_3_0_Og_HARD.a(arm_biquad_cascade_df1_init_q15.o)
 .debug_abbrev  0x0000123a      0x1a5 C:\Users\Eli\Documents\GitHub\ESC-M4\CM4_TEST\COMMON\CMSIS_DSP_4_3_0\-Og HARD\libCMSIS_DSP_4_3_0_Og_HARD.a(arm_biquad_cascade_df1_q15.o)
 .debug_abbrev  0x000013df      0x114 C:\Users\Eli\Documents\GitHub\ESC-M4\CM4_TEST\COMMON\CMSIS_DSP_4_3_0\-Og HARD\libCMSIS_DSP_4_3_0_Og_HARD.a(arm_fir_init_q15.o)
 .debug_abbrev  0x000014f3      0x168 C:\Users\Eli\Documents\GitHub\ESC-M4\CM4_TEST\COMMON\CMSIS_DSP_4_3_0\-Og HARD\libCMSIS_DSP_4_3_0_Og_HARD.a(arm_fir_q15.o)
 .debug_abbrev  0x0000165b      0x199 C:\Users\Eli\Documents\GitHub\ESC-M4\CM4_TEST\COMMON\CMSIS_DSP_4_3_0\-Og HARD\libCMSIS_DSP_4_3_0_Og_HARD.a(arm_pid_init_q15.o)
 .debug_abbrev  0x000017f4      0x144 C:\Users\Eli\Documents\GitHub\ESC-M4\CM4_TEST\COMMON\CMSIS_DSP_4_3_0\-Og HARD\libCMSIS_DSP_4_3_0_Og_HARD.a(arm_cmplx_mag_q15.o)
 .debug_abbrev  0x00001938       0xfd C:\Users\Eli\Documents\GitHub\ESC-M4\CM4_TEST\COMMON\CMSIS_DSP_4_3_0\-Og HARD\libCMSIS_DSP_4_3_0_Og_HARD.a(arm_cmplx_mag_squared_q15.o)
 .debug_abbrev  0x00001a35       0xac C:\Users\Eli\Documents\GitHub\ESC-M4\CM4_TEST\COMMON\CMSIS_DSP_4_3_0\-Og HARD\libCMSIS_DSP_4_3_0_Og_HARD.a(arm_const_structs.o)
 .debug_abbrev  0x00001ae1       0x14 C:\Users\Eli\Documents\GitHub\ESC-M4\CM4_TEST\COMMON\CMSIS_DSP_4_3_0\-Og HARD\libCMSIS_DSP_4_3_0_Og_HARD.a(arm_bitreversal2.o)
 .debug_abbrev  0x00001af5      0x12b C:\Users\Eli\Documents\GitHub\ESC-M4\CM4_TEST\COMMON\CMSIS_DSP_4_3_0\-Og HARD\libCMSIS_DSP_4_3_0_Og_HARD.a(arm_sqrt_q15.o)
 .debug_abbrev  0x00001c20       0x87 C:\Users\Eli\Documents\GitHub\ESC-M4\CM4_TEST\COMMON\CMSIS_DSP_4_3_0\-Og HARD\libCMSIS_DSP_4_3_0_Og_HARD.a(arm_common_tables.o)
 .debug_abbrev  0x00001ca7      0x148 C:\Users\Eli\Documents\GitHub\ESC-M4\CM4_TEST\COMMON\lpc_chip_43xx\HARD\liblpc_chip_43xx_HARD.a(chip_18xx_43xx.o)
 .debug_abbrev  0x00001def      0x2a1 C:\Users\Eli\Documents\GitHub\ESC-M4\CM4_TEST\COMMON\lpc_chip_43xx\HARD\liblpc_chip_43xx_HARD.a(clock_18xx_43xx.o)
 .debug_abbrev  0x00002090       0x84 C:\Users\Eli\Documents\GitHub\ESC-M4\CM4_TEST\COMMON\lpc_chip_43xx\HARD\liblpc_chip_43xx_HARD.a(fpu_init.o)
 .debug_abbrev  0x00002114      0x111 C:\Users\Eli\Documents\GitHub\ESC-M4\CM4_TEST\COMMON\lpc_chip_43xx\HARD\liblpc_chip_43xx_HARD.a(gpio_18xx_43xx.o)
 .debug_abbrev  0x00002225      0x12d C:\Users\Eli\Documents\GitHub\ESC-M4\CM4_TEST\COMMON\lpc_chip_43xx\HARD\liblpc_chip_43xx_HARD.a(sysinit_18xx_43xx.o)
 .debug_abbrev  0x00002352      0x14e C:\Users\Eli\Documents\GitHub\ESC-M4\CM4_TEST\COMMON\lpc_chip_43xx\HARD\liblpc_chip_43xx_HARD.a(timer_18xx_43xx.o)

.debug_loc      0x00000000     0x6ad7
 .debug_loc     0x00000000      0x54d ./src/CM4_TEST.o
 .debug_loc     0x0000054d      0x1f0 ./src/cr_startup_lpc43xx.o
 .debug_loc     0x0000073d      0x7e4 C:\Users\Eli\Documents\GitHub\ESC-M4\CM4_TEST\COMMON\CMSIS_DSP_4_3_0\-Og HARD\libCMSIS_DSP_4_3_0_Og_HARD.a(arm_cfft_q15.o)
 .debug_loc     0x00000f21      0x4be C:\Users\Eli\Documents\GitHub\ESC-M4\CM4_TEST\COMMON\CMSIS_DSP_4_3_0\-Og HARD\libCMSIS_DSP_4_3_0_Og_HARD.a(arm_cfft_q31.o)
 .debug_loc     0x000013df     0x1fcb C:\Users\Eli\Documents\GitHub\ESC-M4\CM4_TEST\COMMON\CMSIS_DSP_4_3_0\-Og HARD\libCMSIS_DSP_4_3_0_Og_HARD.a(arm_cfft_radix4_q15.o)
 .debug_loc     0x000033aa     0x13e2 C:\Users\Eli\Documents\GitHub\ESC-M4\CM4_TEST\COMMON\CMSIS_DSP_4_3_0\-Og HARD\libCMSIS_DSP_4_3_0_Og_HARD.a(arm_cfft_radix4_q31.o)
 .debug_loc     0x0000478c      0x71c C:\Users\Eli\Documents\GitHub\ESC-M4\CM4_TEST\COMMON\CMSIS_DSP_4_3_0\-Og HARD\libCMSIS_DSP_4_3_0_Og_HARD.a(arm_biquad_cascade_df1_fast_q15.o)
 .debug_loc     0x00004ea8       0x96 C:\Users\Eli\Documents\GitHub\ESC-M4\CM4_TEST\COMMON\CMSIS_DSP_4_3_0\-Og HARD\libCMSIS_DSP_4_3_0_Og_HARD.a(arm_biquad_cascade_df1_init_q15.o)
 .debug_loc     0x00004f3e      0x7f7 C:\Users\Eli\Documents\GitHub\ESC-M4\CM4_TEST\COMMON\CMSIS_DSP_4_3_0\-Og HARD\libCMSIS_DSP_4_3_0_Og_HARD.a(arm_biquad_cascade_df1_q15.o)
 .debug_loc     0x00005735      0x12d C:\Users\Eli\Documents\GitHub\ESC-M4\CM4_TEST\COMMON\CMSIS_DSP_4_3_0\-Og HARD\libCMSIS_DSP_4_3_0_Og_HARD.a(arm_fir_init_q15.o)
 .debug_loc     0x00005862      0x834 C:\Users\Eli\Documents\GitHub\ESC-M4\CM4_TEST\COMMON\CMSIS_DSP_4_3_0\-Og HARD\libCMSIS_DSP_4_3_0_Og_HARD.a(arm_fir_q15.o)
 .debug_loc     0x00006096      0x18d C:\Users\Eli\Documents\GitHub\ESC-M4\CM4_TEST\COMMON\CMSIS_DSP_4_3_0\-Og HARD\libCMSIS_DSP_4_3_0_Og_HARD.a(arm_pid_init_q15.o)
 .debug_loc     0x00006223      0x2a3 C:\Users\Eli\Documents\GitHub\ESC-M4\CM4_TEST\COMMON\CMSIS_DSP_4_3_0\-Og HARD\libCMSIS_DSP_4_3_0_Og_HARD.a(arm_cmplx_mag_q15.o)
 .debug_loc     0x000064c6      0x2ba C:\Users\Eli\Documents\GitHub\ESC-M4\CM4_TEST\COMMON\CMSIS_DSP_4_3_0\-Og HARD\libCMSIS_DSP_4_3_0_Og_HARD.a(arm_cmplx_mag_squared_q15.o)
 .debug_loc     0x00006780      0x357 C:\Users\Eli\Documents\GitHub\ESC-M4\CM4_TEST\COMMON\CMSIS_DSP_4_3_0\-Og HARD\libCMSIS_DSP_4_3_0_Og_HARD.a(arm_sqrt_q15.o)

.debug_aranges  0x00000000      0x718
 .debug_aranges
                0x00000000       0x20 ./src/CM4_TEST.o
 .debug_aranges
                0x00000020       0x80 ./src/cr_startup_lpc43xx.o
 .debug_aranges
                0x000000a0       0x18 ./src/crp.o
 .debug_aranges
                0x000000b8       0x20 ./src/sysinit.o
 .debug_aranges
                0x000000d8      0x160 C:\Users\Eli\Documents\GitHub\ESC-M4\CM4_TEST\COMMON\lpc_board_nxp_lpcxpresso_4337\HARD\liblpc_board_nxp_lpcxpresso_4337_HARD.a(board.o)
 .debug_aranges
                0x00000238       0x48 C:\Users\Eli\Documents\GitHub\ESC-M4\CM4_TEST\COMMON\lpc_board_nxp_lpcxpresso_4337\HARD\liblpc_board_nxp_lpcxpresso_4337_HARD.a(board_sysinit.o)
 .debug_aranges
                0x00000280       0x30 C:\Users\Eli\Documents\GitHub\ESC-M4\CM4_TEST\COMMON\CMSIS_DSP_4_3_0\-Og HARD\libCMSIS_DSP_4_3_0_Og_HARD.a(arm_cfft_q15.o)
 .debug_aranges
                0x000002b0       0x30 C:\Users\Eli\Documents\GitHub\ESC-M4\CM4_TEST\COMMON\CMSIS_DSP_4_3_0\-Og HARD\libCMSIS_DSP_4_3_0_Og_HARD.a(arm_cfft_q31.o)
 .debug_aranges
                0x000002e0       0x30 C:\Users\Eli\Documents\GitHub\ESC-M4\CM4_TEST\COMMON\CMSIS_DSP_4_3_0\-Og HARD\libCMSIS_DSP_4_3_0_Og_HARD.a(arm_cfft_radix4_q15.o)
 .debug_aranges
                0x00000310       0x30 C:\Users\Eli\Documents\GitHub\ESC-M4\CM4_TEST\COMMON\CMSIS_DSP_4_3_0\-Og HARD\libCMSIS_DSP_4_3_0_Og_HARD.a(arm_cfft_radix4_q31.o)
 .debug_aranges
                0x00000340       0x20 C:\Users\Eli\Documents\GitHub\ESC-M4\CM4_TEST\COMMON\CMSIS_DSP_4_3_0\-Og HARD\libCMSIS_DSP_4_3_0_Og_HARD.a(arm_biquad_cascade_df1_fast_q15.o)
 .debug_aranges
                0x00000360       0x20 C:\Users\Eli\Documents\GitHub\ESC-M4\CM4_TEST\COMMON\CMSIS_DSP_4_3_0\-Og HARD\libCMSIS_DSP_4_3_0_Og_HARD.a(arm_biquad_cascade_df1_init_q15.o)
 .debug_aranges
                0x00000380       0x20 C:\Users\Eli\Documents\GitHub\ESC-M4\CM4_TEST\COMMON\CMSIS_DSP_4_3_0\-Og HARD\libCMSIS_DSP_4_3_0_Og_HARD.a(arm_biquad_cascade_df1_q15.o)
 .debug_aranges
                0x000003a0       0x20 C:\Users\Eli\Documents\GitHub\ESC-M4\CM4_TEST\COMMON\CMSIS_DSP_4_3_0\-Og HARD\libCMSIS_DSP_4_3_0_Og_HARD.a(arm_fir_init_q15.o)
 .debug_aranges
                0x000003c0       0x20 C:\Users\Eli\Documents\GitHub\ESC-M4\CM4_TEST\COMMON\CMSIS_DSP_4_3_0\-Og HARD\libCMSIS_DSP_4_3_0_Og_HARD.a(arm_fir_q15.o)
 .debug_aranges
                0x000003e0       0x20 C:\Users\Eli\Documents\GitHub\ESC-M4\CM4_TEST\COMMON\CMSIS_DSP_4_3_0\-Og HARD\libCMSIS_DSP_4_3_0_Og_HARD.a(arm_pid_init_q15.o)
 .debug_aranges
                0x00000400       0x20 C:\Users\Eli\Documents\GitHub\ESC-M4\CM4_TEST\COMMON\CMSIS_DSP_4_3_0\-Og HARD\libCMSIS_DSP_4_3_0_Og_HARD.a(arm_cmplx_mag_q15.o)
 .debug_aranges
                0x00000420       0x20 C:\Users\Eli\Documents\GitHub\ESC-M4\CM4_TEST\COMMON\CMSIS_DSP_4_3_0\-Og HARD\libCMSIS_DSP_4_3_0_Og_HARD.a(arm_cmplx_mag_squared_q15.o)
 .debug_aranges
                0x00000440       0x18 C:\Users\Eli\Documents\GitHub\ESC-M4\CM4_TEST\COMMON\CMSIS_DSP_4_3_0\-Og HARD\libCMSIS_DSP_4_3_0_Og_HARD.a(arm_const_structs.o)
 .debug_aranges
                0x00000458       0x20 C:\Users\Eli\Documents\GitHub\ESC-M4\CM4_TEST\COMMON\CMSIS_DSP_4_3_0\-Og HARD\libCMSIS_DSP_4_3_0_Og_HARD.a(arm_bitreversal2.o)
 .debug_aranges
                0x00000478       0x20 C:\Users\Eli\Documents\GitHub\ESC-M4\CM4_TEST\COMMON\CMSIS_DSP_4_3_0\-Og HARD\libCMSIS_DSP_4_3_0_Og_HARD.a(arm_sqrt_q15.o)
 .debug_aranges
                0x00000498       0x18 C:\Users\Eli\Documents\GitHub\ESC-M4\CM4_TEST\COMMON\CMSIS_DSP_4_3_0\-Og HARD\libCMSIS_DSP_4_3_0_Og_HARD.a(arm_common_tables.o)
 .debug_aranges
                0x000004b0       0x40 C:\Users\Eli\Documents\GitHub\ESC-M4\CM4_TEST\COMMON\lpc_chip_43xx\HARD\liblpc_chip_43xx_HARD.a(chip_18xx_43xx.o)
 .debug_aranges
                0x000004f0      0x128 C:\Users\Eli\Documents\GitHub\ESC-M4\CM4_TEST\COMMON\lpc_chip_43xx\HARD\liblpc_chip_43xx_HARD.a(clock_18xx_43xx.o)
 .debug_aranges
                0x00000618       0x20 C:\Users\Eli\Documents\GitHub\ESC-M4\CM4_TEST\COMMON\lpc_chip_43xx\HARD\liblpc_chip_43xx_HARD.a(fpu_init.o)
 .debug_aranges
                0x00000638       0x68 C:\Users\Eli\Documents\GitHub\ESC-M4\CM4_TEST\COMMON\lpc_chip_43xx\HARD\liblpc_chip_43xx_HARD.a(gpio_18xx_43xx.o)
 .debug_aranges
                0x000006a0       0x38 C:\Users\Eli\Documents\GitHub\ESC-M4\CM4_TEST\COMMON\lpc_chip_43xx\HARD\liblpc_chip_43xx_HARD.a(sysinit_18xx_43xx.o)
 .debug_aranges
                0x000006d8       0x40 C:\Users\Eli\Documents\GitHub\ESC-M4\CM4_TEST\COMMON\lpc_chip_43xx\HARD\liblpc_chip_43xx_HARD.a(timer_18xx_43xx.o)

.debug_ranges   0x00000000      0x530
 .debug_ranges  0x00000000       0x10 ./src/CM4_TEST.o
 .debug_ranges  0x00000010       0x70 ./src/cr_startup_lpc43xx.o
 .debug_ranges  0x00000080       0x10 ./src/sysinit.o
 .debug_ranges  0x00000090      0x150 C:\Users\Eli\Documents\GitHub\ESC-M4\CM4_TEST\COMMON\lpc_board_nxp_lpcxpresso_4337\HARD\liblpc_board_nxp_lpcxpresso_4337_HARD.a(board.o)
 .debug_ranges  0x000001e0       0x38 C:\Users\Eli\Documents\GitHub\ESC-M4\CM4_TEST\COMMON\lpc_board_nxp_lpcxpresso_4337\HARD\liblpc_board_nxp_lpcxpresso_4337_HARD.a(board_sysinit.o)
 .debug_ranges  0x00000218       0x20 C:\Users\Eli\Documents\GitHub\ESC-M4\CM4_TEST\COMMON\CMSIS_DSP_4_3_0\-Og HARD\libCMSIS_DSP_4_3_0_Og_HARD.a(arm_cfft_q15.o)
 .debug_ranges  0x00000238       0x20 C:\Users\Eli\Documents\GitHub\ESC-M4\CM4_TEST\COMMON\CMSIS_DSP_4_3_0\-Og HARD\libCMSIS_DSP_4_3_0_Og_HARD.a(arm_cfft_q31.o)
 .debug_ranges  0x00000258       0x20 C:\Users\Eli\Documents\GitHub\ESC-M4\CM4_TEST\COMMON\CMSIS_DSP_4_3_0\-Og HARD\libCMSIS_DSP_4_3_0_Og_HARD.a(arm_cfft_radix4_q15.o)
 .debug_ranges  0x00000278       0x20 C:\Users\Eli\Documents\GitHub\ESC-M4\CM4_TEST\COMMON\CMSIS_DSP_4_3_0\-Og HARD\libCMSIS_DSP_4_3_0_Og_HARD.a(arm_cfft_radix4_q31.o)
 .debug_ranges  0x00000298       0x10 C:\Users\Eli\Documents\GitHub\ESC-M4\CM4_TEST\COMMON\CMSIS_DSP_4_3_0\-Og HARD\libCMSIS_DSP_4_3_0_Og_HARD.a(arm_biquad_cascade_df1_fast_q15.o)
 .debug_ranges  0x000002a8       0x10 C:\Users\Eli\Documents\GitHub\ESC-M4\CM4_TEST\COMMON\CMSIS_DSP_4_3_0\-Og HARD\libCMSIS_DSP_4_3_0_Og_HARD.a(arm_biquad_cascade_df1_init_q15.o)
 .debug_ranges  0x000002b8       0x10 C:\Users\Eli\Documents\GitHub\ESC-M4\CM4_TEST\COMMON\CMSIS_DSP_4_3_0\-Og HARD\libCMSIS_DSP_4_3_0_Og_HARD.a(arm_biquad_cascade_df1_q15.o)
 .debug_ranges  0x000002c8       0x10 C:\Users\Eli\Documents\GitHub\ESC-M4\CM4_TEST\COMMON\CMSIS_DSP_4_3_0\-Og HARD\libCMSIS_DSP_4_3_0_Og_HARD.a(arm_fir_init_q15.o)
 .debug_ranges  0x000002d8       0x10 C:\Users\Eli\Documents\GitHub\ESC-M4\CM4_TEST\COMMON\CMSIS_DSP_4_3_0\-Og HARD\libCMSIS_DSP_4_3_0_Og_HARD.a(arm_fir_q15.o)
 .debug_ranges  0x000002e8       0x10 C:\Users\Eli\Documents\GitHub\ESC-M4\CM4_TEST\COMMON\CMSIS_DSP_4_3_0\-Og HARD\libCMSIS_DSP_4_3_0_Og_HARD.a(arm_pid_init_q15.o)
 .debug_ranges  0x000002f8       0x10 C:\Users\Eli\Documents\GitHub\ESC-M4\CM4_TEST\COMMON\CMSIS_DSP_4_3_0\-Og HARD\libCMSIS_DSP_4_3_0_Og_HARD.a(arm_cmplx_mag_q15.o)
 .debug_ranges  0x00000308       0x10 C:\Users\Eli\Documents\GitHub\ESC-M4\CM4_TEST\COMMON\CMSIS_DSP_4_3_0\-Og HARD\libCMSIS_DSP_4_3_0_Og_HARD.a(arm_cmplx_mag_squared_q15.o)
 .debug_ranges  0x00000318       0x10 C:\Users\Eli\Documents\GitHub\ESC-M4\CM4_TEST\COMMON\CMSIS_DSP_4_3_0\-Og HARD\libCMSIS_DSP_4_3_0_Og_HARD.a(arm_sqrt_q15.o)
 .debug_ranges  0x00000328       0x30 C:\Users\Eli\Documents\GitHub\ESC-M4\CM4_TEST\COMMON\lpc_chip_43xx\HARD\liblpc_chip_43xx_HARD.a(chip_18xx_43xx.o)
 .debug_ranges  0x00000358      0x118 C:\Users\Eli\Documents\GitHub\ESC-M4\CM4_TEST\COMMON\lpc_chip_43xx\HARD\liblpc_chip_43xx_HARD.a(clock_18xx_43xx.o)
 .debug_ranges  0x00000470       0x10 C:\Users\Eli\Documents\GitHub\ESC-M4\CM4_TEST\COMMON\lpc_chip_43xx\HARD\liblpc_chip_43xx_HARD.a(fpu_init.o)
 .debug_ranges  0x00000480       0x58 C:\Users\Eli\Documents\GitHub\ESC-M4\CM4_TEST\COMMON\lpc_chip_43xx\HARD\liblpc_chip_43xx_HARD.a(gpio_18xx_43xx.o)
 .debug_ranges  0x000004d8       0x28 C:\Users\Eli\Documents\GitHub\ESC-M4\CM4_TEST\COMMON\lpc_chip_43xx\HARD\liblpc_chip_43xx_HARD.a(sysinit_18xx_43xx.o)
 .debug_ranges  0x00000500       0x30 C:\Users\Eli\Documents\GitHub\ESC-M4\CM4_TEST\COMMON\lpc_chip_43xx\HARD\liblpc_chip_43xx_HARD.a(timer_18xx_43xx.o)

.debug_macro    0x00000000     0x8439
 .debug_macro   0x00000000      0x3b7 ./src/CM4_TEST.o
 .debug_macro   0x000003b7      0x8bc ./src/CM4_TEST.o
 .debug_macro   0x00000c73       0x10 ./src/CM4_TEST.o
 .debug_macro   0x00000c83       0x10 ./src/CM4_TEST.o
 .debug_macro   0x00000c93      0x12d ./src/CM4_TEST.o
 .debug_macro   0x00000dc0      0x5b2 ./src/CM4_TEST.o
 .debug_macro   0x00001372       0x22 ./src/CM4_TEST.o
 .debug_macro   0x00001394       0x7b ./src/CM4_TEST.o
 .debug_macro   0x0000140f       0x28 ./src/CM4_TEST.o
 .debug_macro   0x00001437       0x3b ./src/CM4_TEST.o
 .debug_macro   0x00001472       0x2d ./src/CM4_TEST.o
 .debug_macro   0x0000149f       0x42 ./src/CM4_TEST.o
 .debug_macro   0x000014e1      0xd39 ./src/CM4_TEST.o
 .debug_macro   0x0000221a      0x2bc ./src/CM4_TEST.o
 .debug_macro   0x000024d6      0x112 ./src/CM4_TEST.o
 .debug_macro   0x000025e8       0x11 ./src/CM4_TEST.o
 .debug_macro   0x000025f9       0x1e ./src/CM4_TEST.o
 .debug_macro   0x00002617       0x16 ./src/CM4_TEST.o
 .debug_macro   0x0000262d      0x2e6 ./src/CM4_TEST.o
 .debug_macro   0x00002913       0x82 ./src/CM4_TEST.o
 .debug_macro   0x00002995      0x13d ./src/CM4_TEST.o
 .debug_macro   0x00002ad2      0x198 ./src/CM4_TEST.o
 .debug_macro   0x00002c6a       0x34 ./src/CM4_TEST.o
 .debug_macro   0x00002c9e       0x58 ./src/CM4_TEST.o
 .debug_macro   0x00002cf6      0x236 ./src/CM4_TEST.o
 .debug_macro   0x00002f2c      0x572 ./src/CM4_TEST.o
 .debug_macro   0x0000349e       0x16 ./src/CM4_TEST.o
 .debug_macro   0x000034b4      0x18a ./src/CM4_TEST.o
 .debug_macro   0x0000363e       0x88 ./src/CM4_TEST.o
 .debug_macro   0x000036c6      0x1b9 ./src/CM4_TEST.o
 .debug_macro   0x0000387f      0x1da ./src/CM4_TEST.o
 .debug_macro   0x00003a59       0x40 ./src/CM4_TEST.o
 .debug_macro   0x00003a99       0x1c ./src/CM4_TEST.o
 .debug_macro   0x00003ab5       0x2e ./src/CM4_TEST.o
 .debug_macro   0x00003ae3       0x2e ./src/CM4_TEST.o
 .debug_macro   0x00003b11       0x22 ./src/CM4_TEST.o
 .debug_macro   0x00003b33      0x201 ./src/CM4_TEST.o
 .debug_macro   0x00003d34       0xe0 ./src/CM4_TEST.o
 .debug_macro   0x00003e14      0x34c ./src/CM4_TEST.o
 .debug_macro   0x00004160       0xdc ./src/CM4_TEST.o
 .debug_macro   0x0000423c       0x94 ./src/CM4_TEST.o
 .debug_macro   0x000042d0       0xb8 ./src/CM4_TEST.o
 .debug_macro   0x00004388       0x4c ./src/CM4_TEST.o
 .debug_macro   0x000043d4       0x16 ./src/CM4_TEST.o
 .debug_macro   0x000043ea      0x328 ./src/CM4_TEST.o
 .debug_macro   0x00004712       0x3a ./src/CM4_TEST.o
 .debug_macro   0x0000474c       0xd0 ./src/CM4_TEST.o
 .debug_macro   0x0000481c       0x18 ./src/CM4_TEST.o
 .debug_macro   0x00004834       0x22 ./src/CM4_TEST.o
 .debug_macro   0x00004856       0x40 ./src/CM4_TEST.o
 .debug_macro   0x00004896       0x5e ./src/CM4_TEST.o
 .debug_macro   0x000048f4       0x9a ./src/CM4_TEST.o
 .debug_macro   0x0000498e       0x20 ./src/CM4_TEST.o
 .debug_macro   0x000049ae       0x82 ./src/CM4_TEST.o
 .debug_macro   0x00004a30       0x12 ./src/CM4_TEST.o
 .debug_macro   0x00004a42       0xc4 ./src/CM4_TEST.o
 .debug_macro   0x00004b06       0xd6 ./src/CM4_TEST.o
 .debug_macro   0x00004bdc       0x22 ./src/CM4_TEST.o
 .debug_macro   0x00004bfe       0x7c ./src/CM4_TEST.o
 .debug_macro   0x00004c7a       0x40 ./src/CM4_TEST.o
 .debug_macro   0x00004cba       0x1d ./src/cr_startup_lpc43xx.o
 .debug_macro   0x00004cd7       0x1a ./src/crp.o
 .debug_macro   0x00004cf1       0x34 ./src/crp.o
 .debug_macro   0x00004d25      0x306 ./src/sysinit.o
 .debug_macro   0x0000502b      0x32c C:\Users\Eli\Documents\GitHub\ESC-M4\CM4_TEST\COMMON\lpc_board_nxp_lpcxpresso_4337\HARD\liblpc_board_nxp_lpcxpresso_4337_HARD.a(board.o)
 .debug_macro   0x00005357      0x88c C:\Users\Eli\Documents\GitHub\ESC-M4\CM4_TEST\COMMON\lpc_board_nxp_lpcxpresso_4337\HARD\liblpc_board_nxp_lpcxpresso_4337_HARD.a(board.o)
 .debug_macro   0x00005be3       0x2d C:\Users\Eli\Documents\GitHub\ESC-M4\CM4_TEST\COMMON\lpc_board_nxp_lpcxpresso_4337\HARD\liblpc_board_nxp_lpcxpresso_4337_HARD.a(board.o)
 .debug_macro   0x00005c10       0xfc C:\Users\Eli\Documents\GitHub\ESC-M4\CM4_TEST\COMMON\lpc_board_nxp_lpcxpresso_4337\HARD\liblpc_board_nxp_lpcxpresso_4337_HARD.a(board.o)
 .debug_macro   0x00005d0c       0x20 C:\Users\Eli\Documents\GitHub\ESC-M4\CM4_TEST\COMMON\lpc_board_nxp_lpcxpresso_4337\HARD\liblpc_board_nxp_lpcxpresso_4337_HARD.a(board.o)
 .debug_macro   0x00005d2c       0x12 C:\Users\Eli\Documents\GitHub\ESC-M4\CM4_TEST\COMMON\lpc_board_nxp_lpcxpresso_4337\HARD\liblpc_board_nxp_lpcxpresso_4337_HARD.a(board.o)
 .debug_macro   0x00005d3e      0x339 C:\Users\Eli\Documents\GitHub\ESC-M4\CM4_TEST\COMMON\lpc_board_nxp_lpcxpresso_4337\HARD\liblpc_board_nxp_lpcxpresso_4337_HARD.a(board.o)
 .debug_macro   0x00006077      0x306 C:\Users\Eli\Documents\GitHub\ESC-M4\CM4_TEST\COMMON\lpc_board_nxp_lpcxpresso_4337\HARD\liblpc_board_nxp_lpcxpresso_4337_HARD.a(board_sysinit.o)
 .debug_macro   0x0000637d       0x9a C:\Users\Eli\Documents\GitHub\ESC-M4\CM4_TEST\COMMON\CMSIS_DSP_4_3_0\-Og HARD\libCMSIS_DSP_4_3_0_Og_HARD.a(arm_cfft_q15.o)
 .debug_macro   0x00006417      0x89e C:\Users\Eli\Documents\GitHub\ESC-M4\CM4_TEST\COMMON\CMSIS_DSP_4_3_0\-Og HARD\libCMSIS_DSP_4_3_0_Og_HARD.a(arm_cfft_q15.o)
 .debug_macro   0x00006cb5       0x9a C:\Users\Eli\Documents\GitHub\ESC-M4\CM4_TEST\COMMON\CMSIS_DSP_4_3_0\-Og HARD\libCMSIS_DSP_4_3_0_Og_HARD.a(arm_cfft_q31.o)
 .debug_macro   0x00006d4f       0x9a C:\Users\Eli\Documents\GitHub\ESC-M4\CM4_TEST\COMMON\CMSIS_DSP_4_3_0\-Og HARD\libCMSIS_DSP_4_3_0_Og_HARD.a(arm_cfft_radix4_q15.o)
 .debug_macro   0x00006de9       0x9a C:\Users\Eli\Documents\GitHub\ESC-M4\CM4_TEST\COMMON\CMSIS_DSP_4_3_0\-Og HARD\libCMSIS_DSP_4_3_0_Og_HARD.a(arm_cfft_radix4_q31.o)
 .debug_macro   0x00006e83       0x9a C:\Users\Eli\Documents\GitHub\ESC-M4\CM4_TEST\COMMON\CMSIS_DSP_4_3_0\-Og HARD\libCMSIS_DSP_4_3_0_Og_HARD.a(arm_biquad_cascade_df1_fast_q15.o)
 .debug_macro   0x00006f1d       0x9a C:\Users\Eli\Documents\GitHub\ESC-M4\CM4_TEST\COMMON\CMSIS_DSP_4_3_0\-Og HARD\libCMSIS_DSP_4_3_0_Og_HARD.a(arm_biquad_cascade_df1_init_q15.o)
 .debug_macro   0x00006fb7       0x9a C:\Users\Eli\Documents\GitHub\ESC-M4\CM4_TEST\COMMON\CMSIS_DSP_4_3_0\-Og HARD\libCMSIS_DSP_4_3_0_Og_HARD.a(arm_biquad_cascade_df1_q15.o)
 .debug_macro   0x00007051       0x9a C:\Users\Eli\Documents\GitHub\ESC-M4\CM4_TEST\COMMON\CMSIS_DSP_4_3_0\-Og HARD\libCMSIS_DSP_4_3_0_Og_HARD.a(arm_fir_init_q15.o)
 .debug_macro   0x000070eb       0x9a C:\Users\Eli\Documents\GitHub\ESC-M4\CM4_TEST\COMMON\CMSIS_DSP_4_3_0\-Og HARD\libCMSIS_DSP_4_3_0_Og_HARD.a(arm_fir_q15.o)
 .debug_macro   0x00007185       0x9a C:\Users\Eli\Documents\GitHub\ESC-M4\CM4_TEST\COMMON\CMSIS_DSP_4_3_0\-Og HARD\libCMSIS_DSP_4_3_0_Og_HARD.a(arm_pid_init_q15.o)
 .debug_macro   0x0000721f       0x9a C:\Users\Eli\Documents\GitHub\ESC-M4\CM4_TEST\COMMON\CMSIS_DSP_4_3_0\-Og HARD\libCMSIS_DSP_4_3_0_Og_HARD.a(arm_cmplx_mag_q15.o)
 .debug_macro   0x000072b9       0x9a C:\Users\Eli\Documents\GitHub\ESC-M4\CM4_TEST\COMMON\CMSIS_DSP_4_3_0\-Og HARD\libCMSIS_DSP_4_3_0_Og_HARD.a(arm_cmplx_mag_squared_q15.o)
 .debug_macro   0x00007353       0xb6 C:\Users\Eli\Documents\GitHub\ESC-M4\CM4_TEST\COMMON\CMSIS_DSP_4_3_0\-Og HARD\libCMSIS_DSP_4_3_0_Og_HARD.a(arm_const_structs.o)
 .debug_macro   0x00007409       0xad C:\Users\Eli\Documents\GitHub\ESC-M4\CM4_TEST\COMMON\CMSIS_DSP_4_3_0\-Og HARD\libCMSIS_DSP_4_3_0_Og_HARD.a(arm_sqrt_q15.o)
 .debug_macro   0x000074b6       0xad C:\Users\Eli\Documents\GitHub\ESC-M4\CM4_TEST\COMMON\CMSIS_DSP_4_3_0\-Og HARD\libCMSIS_DSP_4_3_0_Og_HARD.a(arm_common_tables.o)
 .debug_macro   0x00007563      0x2d0 C:\Users\Eli\Documents\GitHub\ESC-M4\CM4_TEST\COMMON\lpc_chip_43xx\HARD\liblpc_chip_43xx_HARD.a(chip_18xx_43xx.o)
 .debug_macro   0x00007833      0x2d6 C:\Users\Eli\Documents\GitHub\ESC-M4\CM4_TEST\COMMON\lpc_chip_43xx\HARD\liblpc_chip_43xx_HARD.a(clock_18xx_43xx.o)
 .debug_macro   0x00007b09       0xc0 C:\Users\Eli\Documents\GitHub\ESC-M4\CM4_TEST\COMMON\lpc_chip_43xx\HARD\liblpc_chip_43xx_HARD.a(fpu_init.o)
 .debug_macro   0x00007bc9      0x2d0 C:\Users\Eli\Documents\GitHub\ESC-M4\CM4_TEST\COMMON\lpc_chip_43xx\HARD\liblpc_chip_43xx_HARD.a(gpio_18xx_43xx.o)
 .debug_macro   0x00007e99      0x2d0 C:\Users\Eli\Documents\GitHub\ESC-M4\CM4_TEST\COMMON\lpc_chip_43xx\HARD\liblpc_chip_43xx_HARD.a(sysinit_18xx_43xx.o)
 .debug_macro   0x00008169      0x2d0 C:\Users\Eli\Documents\GitHub\ESC-M4\CM4_TEST\COMMON\lpc_chip_43xx\HARD\liblpc_chip_43xx_HARD.a(timer_18xx_43xx.o)

.debug_line     0x00000000     0x74d7
 .debug_line    0x00000000      0x8f0 ./src/CM4_TEST.o
 .debug_line    0x000008f0      0x104 ./src/cr_startup_lpc43xx.o
 .debug_line    0x000009f4       0x78 ./src/crp.o
 .debug_line    0x00000a6c      0x68f ./src/sysinit.o
 .debug_line    0x000010fb      0x9e5 C:\Users\Eli\Documents\GitHub\ESC-M4\CM4_TEST\COMMON\lpc_board_nxp_lpcxpresso_4337\HARD\liblpc_board_nxp_lpcxpresso_4337_HARD.a(board.o)
 .debug_line    0x00001ae0      0x6d9 C:\Users\Eli\Documents\GitHub\ESC-M4\CM4_TEST\COMMON\lpc_board_nxp_lpcxpresso_4337\HARD\liblpc_board_nxp_lpcxpresso_4337_HARD.a(board_sysinit.o)
 .debug_line    0x000021b9      0x3a1 C:\Users\Eli\Documents\GitHub\ESC-M4\CM4_TEST\COMMON\CMSIS_DSP_4_3_0\-Og HARD\libCMSIS_DSP_4_3_0_Og_HARD.a(arm_cfft_q15.o)
 .debug_line    0x0000255a      0x34d C:\Users\Eli\Documents\GitHub\ESC-M4\CM4_TEST\COMMON\CMSIS_DSP_4_3_0\-Og HARD\libCMSIS_DSP_4_3_0_Og_HARD.a(arm_cfft_q31.o)
 .debug_line    0x000028a7      0x86d C:\Users\Eli\Documents\GitHub\ESC-M4\CM4_TEST\COMMON\CMSIS_DSP_4_3_0\-Og HARD\libCMSIS_DSP_4_3_0_Og_HARD.a(arm_cfft_radix4_q15.o)
 .debug_line    0x00003114      0x7e8 C:\Users\Eli\Documents\GitHub\ESC-M4\CM4_TEST\COMMON\CMSIS_DSP_4_3_0\-Og HARD\libCMSIS_DSP_4_3_0_Og_HARD.a(arm_cfft_radix4_q31.o)
 .debug_line    0x000038fc      0x248 C:\Users\Eli\Documents\GitHub\ESC-M4\CM4_TEST\COMMON\CMSIS_DSP_4_3_0\-Og HARD\libCMSIS_DSP_4_3_0_Og_HARD.a(arm_biquad_cascade_df1_fast_q15.o)
 .debug_line    0x00003b44      0x1de C:\Users\Eli\Documents\GitHub\ESC-M4\CM4_TEST\COMMON\CMSIS_DSP_4_3_0\-Og HARD\libCMSIS_DSP_4_3_0_Og_HARD.a(arm_biquad_cascade_df1_init_q15.o)
 .debug_line    0x00003d22      0x268 C:\Users\Eli\Documents\GitHub\ESC-M4\CM4_TEST\COMMON\CMSIS_DSP_4_3_0\-Og HARD\libCMSIS_DSP_4_3_0_Og_HARD.a(arm_biquad_cascade_df1_q15.o)
 .debug_line    0x00003f8a      0x1dd C:\Users\Eli\Documents\GitHub\ESC-M4\CM4_TEST\COMMON\CMSIS_DSP_4_3_0\-Og HARD\libCMSIS_DSP_4_3_0_Og_HARD.a(arm_fir_init_q15.o)
 .debug_line    0x00004167      0x276 C:\Users\Eli\Documents\GitHub\ESC-M4\CM4_TEST\COMMON\CMSIS_DSP_4_3_0\-Og HARD\libCMSIS_DSP_4_3_0_Og_HARD.a(arm_fir_q15.o)
 .debug_line    0x000043dd      0x1f3 C:\Users\Eli\Documents\GitHub\ESC-M4\CM4_TEST\COMMON\CMSIS_DSP_4_3_0\-Og HARD\libCMSIS_DSP_4_3_0_Og_HARD.a(arm_pid_init_q15.o)
 .debug_line    0x000045d0      0x207 C:\Users\Eli\Documents\GitHub\ESC-M4\CM4_TEST\COMMON\CMSIS_DSP_4_3_0\-Og HARD\libCMSIS_DSP_4_3_0_Og_HARD.a(arm_cmplx_mag_q15.o)
 .debug_line    0x000047d7      0x212 C:\Users\Eli\Documents\GitHub\ESC-M4\CM4_TEST\COMMON\CMSIS_DSP_4_3_0\-Og HARD\libCMSIS_DSP_4_3_0_Og_HARD.a(arm_cmplx_mag_squared_q15.o)
 .debug_line    0x000049e9      0x238 C:\Users\Eli\Documents\GitHub\ESC-M4\CM4_TEST\COMMON\CMSIS_DSP_4_3_0\-Og HARD\libCMSIS_DSP_4_3_0_Og_HARD.a(arm_const_structs.o)
 .debug_line    0x00004c21       0x9c C:\Users\Eli\Documents\GitHub\ESC-M4\CM4_TEST\COMMON\CMSIS_DSP_4_3_0\-Og HARD\libCMSIS_DSP_4_3_0_Og_HARD.a(arm_bitreversal2.o)
 .debug_line    0x00004cbd      0x20a C:\Users\Eli\Documents\GitHub\ESC-M4\CM4_TEST\COMMON\CMSIS_DSP_4_3_0\-Og HARD\libCMSIS_DSP_4_3_0_Og_HARD.a(arm_sqrt_q15.o)
 .debug_line    0x00004ec7      0x1cc C:\Users\Eli\Documents\GitHub\ESC-M4\CM4_TEST\COMMON\CMSIS_DSP_4_3_0\-Og HARD\libCMSIS_DSP_4_3_0_Og_HARD.a(arm_common_tables.o)
 .debug_line    0x00005093      0x635 C:\Users\Eli\Documents\GitHub\ESC-M4\CM4_TEST\COMMON\lpc_chip_43xx\HARD\liblpc_chip_43xx_HARD.a(chip_18xx_43xx.o)
 .debug_line    0x000056c8      0x93c C:\Users\Eli\Documents\GitHub\ESC-M4\CM4_TEST\COMMON\lpc_chip_43xx\HARD\liblpc_chip_43xx_HARD.a(clock_18xx_43xx.o)
 .debug_line    0x00006004      0x1f9 C:\Users\Eli\Documents\GitHub\ESC-M4\CM4_TEST\COMMON\lpc_chip_43xx\HARD\liblpc_chip_43xx_HARD.a(fpu_init.o)
 .debug_line    0x000061fd      0x686 C:\Users\Eli\Documents\GitHub\ESC-M4\CM4_TEST\COMMON\lpc_chip_43xx\HARD\liblpc_chip_43xx_HARD.a(gpio_18xx_43xx.o)
 .debug_line    0x00006883      0x624 C:\Users\Eli\Documents\GitHub\ESC-M4\CM4_TEST\COMMON\lpc_chip_43xx\HARD\liblpc_chip_43xx_HARD.a(sysinit_18xx_43xx.o)
 .debug_line    0x00006ea7      0x630 C:\Users\Eli\Documents\GitHub\ESC-M4\CM4_TEST\COMMON\lpc_chip_43xx\HARD\liblpc_chip_43xx_HARD.a(timer_18xx_43xx.o)

.debug_str      0x00000000    0x1b03b
 .debug_str     0x00000000    0x17687 ./src/CM4_TEST.o
                              0x177ce (size before relaxing)
 .debug_str     0x00017687      0x1e5 ./src/cr_startup_lpc43xx.o
                               0x2773 (size before relaxing)
 .debug_str     0x0001786c       0xe9 ./src/crp.o
                               0x2658 (size before relaxing)
 .debug_str     0x00017955       0x2c ./src/sysinit.o
                              0x15109 (size before relaxing)
 .debug_str     0x00017981     0x1def C:\Users\Eli\Documents\GitHub\ESC-M4\CM4_TEST\COMMON\lpc_board_nxp_lpcxpresso_4337\HARD\liblpc_board_nxp_lpcxpresso_4337_HARD.a(board.o)
                              0x177b4 (size before relaxing)
 .debug_str     0x00019770      0x114 C:\Users\Eli\Documents\GitHub\ESC-M4\CM4_TEST\COMMON\lpc_board_nxp_lpcxpresso_4337\HARD\liblpc_board_nxp_lpcxpresso_4337_HARD.a(board_sysinit.o)
                              0x160fa (size before relaxing)
 .debug_str     0x00019884      0x1c7 C:\Users\Eli\Documents\GitHub\ESC-M4\CM4_TEST\COMMON\CMSIS_DSP_4_3_0\-Og HARD\libCMSIS_DSP_4_3_0_Og_HARD.a(arm_cfft_q15.o)
                               0x4e59 (size before relaxing)
 .debug_str     0x00019a4b       0xba C:\Users\Eli\Documents\GitHub\ESC-M4\CM4_TEST\COMMON\CMSIS_DSP_4_3_0\-Og HARD\libCMSIS_DSP_4_3_0_Og_HARD.a(arm_cfft_q31.o)
                               0x4e1b (size before relaxing)
 .debug_str     0x00019b05      0x100 C:\Users\Eli\Documents\GitHub\ESC-M4\CM4_TEST\COMMON\CMSIS_DSP_4_3_0\-Og HARD\libCMSIS_DSP_4_3_0_Og_HARD.a(arm_cfft_radix4_q15.o)
                               0x4eab (size before relaxing)
 .debug_str     0x00019c05       0xad C:\Users\Eli\Documents\GitHub\ESC-M4\CM4_TEST\COMMON\CMSIS_DSP_4_3_0\-Og HARD\libCMSIS_DSP_4_3_0_Og_HARD.a(arm_cfft_radix4_q31.o)
                               0x4e63 (size before relaxing)
 .debug_str     0x00019cb2       0x7e C:\Users\Eli\Documents\GitHub\ESC-M4\CM4_TEST\COMMON\CMSIS_DSP_4_3_0\-Og HARD\libCMSIS_DSP_4_3_0_Og_HARD.a(arm_biquad_cascade_df1_fast_q15.o)
                               0x4df6 (size before relaxing)
 .debug_str     0x00019d30       0x4a C:\Users\Eli\Documents\GitHub\ESC-M4\CM4_TEST\COMMON\CMSIS_DSP_4_3_0\-Og HARD\libCMSIS_DSP_4_3_0_Og_HARD.a(arm_biquad_cascade_df1_init_q15.o)
                               0x4d8b (size before relaxing)
 .debug_str     0x00019d7a       0x62 C:\Users\Eli\Documents\GitHub\ESC-M4\CM4_TEST\COMMON\CMSIS_DSP_4_3_0\-Og HARD\libCMSIS_DSP_4_3_0_Og_HARD.a(arm_biquad_cascade_df1_q15.o)
                               0x4e20 (size before relaxing)
 .debug_str     0x00019ddc       0x2d C:\Users\Eli\Documents\GitHub\ESC-M4\CM4_TEST\COMMON\CMSIS_DSP_4_3_0\-Og HARD\libCMSIS_DSP_4_3_0_Og_HARD.a(arm_fir_init_q15.o)
                               0x4dfd (size before relaxing)
 .debug_str     0x00019e09       0x56 C:\Users\Eli\Documents\GitHub\ESC-M4\CM4_TEST\COMMON\CMSIS_DSP_4_3_0\-Og HARD\libCMSIS_DSP_4_3_0_Og_HARD.a(arm_fir_q15.o)
                               0x4dc7 (size before relaxing)
 .debug_str     0x00019e5f       0x3d C:\Users\Eli\Documents\GitHub\ESC-M4\CM4_TEST\COMMON\CMSIS_DSP_4_3_0\-Og HARD\libCMSIS_DSP_4_3_0_Og_HARD.a(arm_pid_init_q15.o)
                               0x4d7b (size before relaxing)
 .debug_str     0x00019e9c       0x48 C:\Users\Eli\Documents\GitHub\ESC-M4\CM4_TEST\COMMON\CMSIS_DSP_4_3_0\-Og HARD\libCMSIS_DSP_4_3_0_Og_HARD.a(arm_cmplx_mag_q15.o)
                               0x4e07 (size before relaxing)
 .debug_str     0x00019ee4       0x38 C:\Users\Eli\Documents\GitHub\ESC-M4\CM4_TEST\COMMON\CMSIS_DSP_4_3_0\-Og HARD\libCMSIS_DSP_4_3_0_Og_HARD.a(arm_cmplx_mag_squared_q15.o)
                               0x4d71 (size before relaxing)
 .debug_str     0x00019f1c      0x5a0 C:\Users\Eli\Documents\GitHub\ESC-M4\CM4_TEST\COMMON\CMSIS_DSP_4_3_0\-Og HARD\libCMSIS_DSP_4_3_0_Og_HARD.a(arm_const_structs.o)
                               0x5c57 (size before relaxing)
 .debug_str     0x0001a4bc       0x85 C:\Users\Eli\Documents\GitHub\ESC-M4\CM4_TEST\COMMON\CMSIS_DSP_4_3_0\-Og HARD\libCMSIS_DSP_4_3_0_Og_HARD.a(arm_sqrt_q15.o)
                               0x5261 (size before relaxing)
 .debug_str     0x0001a541      0x129 C:\Users\Eli\Documents\GitHub\ESC-M4\CM4_TEST\COMMON\CMSIS_DSP_4_3_0\-Og HARD\libCMSIS_DSP_4_3_0_Og_HARD.a(arm_common_tables.o)
                               0x5620 (size before relaxing)
 .debug_str     0x0001a66a       0xe3 C:\Users\Eli\Documents\GitHub\ESC-M4\CM4_TEST\COMMON\lpc_chip_43xx\HARD\liblpc_chip_43xx_HARD.a(chip_18xx_43xx.o)
                              0x15a1c (size before relaxing)
 .debug_str     0x0001a74d      0x5c1 C:\Users\Eli\Documents\GitHub\ESC-M4\CM4_TEST\COMMON\lpc_chip_43xx\HARD\liblpc_chip_43xx_HARD.a(clock_18xx_43xx.o)
                              0x15f65 (size before relaxing)
 .debug_str     0x0001ad0e       0xad C:\Users\Eli\Documents\GitHub\ESC-M4\CM4_TEST\COMMON\lpc_chip_43xx\HARD\liblpc_chip_43xx_HARD.a(fpu_init.o)
                               0x9911 (size before relaxing)
 .debug_str     0x0001adbb       0xe4 C:\Users\Eli\Documents\GitHub\ESC-M4\CM4_TEST\COMMON\lpc_chip_43xx\HARD\liblpc_chip_43xx_HARD.a(gpio_18xx_43xx.o)
                              0x14e14 (size before relaxing)
 .debug_str     0x0001ae9f       0x7e C:\Users\Eli\Documents\GitHub\ESC-M4\CM4_TEST\COMMON\lpc_chip_43xx\HARD\liblpc_chip_43xx_HARD.a(sysinit_18xx_43xx.o)
                              0x158c4 (size before relaxing)
 .debug_str     0x0001af1d      0x11e C:\Users\Eli\Documents\GitHub\ESC-M4\CM4_TEST\COMMON\lpc_chip_43xx\HARD\liblpc_chip_43xx_HARD.a(timer_18xx_43xx.o)
                              0x1520e (size before relaxing)

.comment        0x00000000       0x70
 .comment       0x00000000       0x70 ./src/CM4_TEST.o
                                 0x71 (size before relaxing)
 .comment       0x00000000       0x71 ./src/cr_startup_lpc43xx.o
 .comment       0x00000000       0x71 ./src/crp.o
 .comment       0x00000000       0x71 ./src/sysinit.o
 .comment       0x00000000       0x71 C:\Users\Eli\Documents\GitHub\ESC-M4\CM4_TEST\COMMON\lpc_board_nxp_lpcxpresso_4337\HARD\liblpc_board_nxp_lpcxpresso_4337_HARD.a(board.o)
 .comment       0x00000000       0x71 C:\Users\Eli\Documents\GitHub\ESC-M4\CM4_TEST\COMMON\lpc_board_nxp_lpcxpresso_4337\HARD\liblpc_board_nxp_lpcxpresso_4337_HARD.a(board_sysinit.o)
 .comment       0x00000000       0x71 C:\Users\Eli\Documents\GitHub\ESC-M4\CM4_TEST\COMMON\CMSIS_DSP_4_3_0\-Og HARD\libCMSIS_DSP_4_3_0_Og_HARD.a(arm_cfft_q15.o)
 .comment       0x00000000       0x71 C:\Users\Eli\Documents\GitHub\ESC-M4\CM4_TEST\COMMON\CMSIS_DSP_4_3_0\-Og HARD\libCMSIS_DSP_4_3_0_Og_HARD.a(arm_cfft_q31.o)
 .comment       0x00000000       0x71 C:\Users\Eli\Documents\GitHub\ESC-M4\CM4_TEST\COMMON\CMSIS_DSP_4_3_0\-Og HARD\libCMSIS_DSP_4_3_0_Og_HARD.a(arm_cfft_radix4_q15.o)
 .comment       0x00000000       0x71 C:\Users\Eli\Documents\GitHub\ESC-M4\CM4_TEST\COMMON\CMSIS_DSP_4_3_0\-Og HARD\libCMSIS_DSP_4_3_0_Og_HARD.a(arm_cfft_radix4_q31.o)
 .comment       0x00000000       0x71 C:\Users\Eli\Documents\GitHub\ESC-M4\CM4_TEST\COMMON\CMSIS_DSP_4_3_0\-Og HARD\libCMSIS_DSP_4_3_0_Og_HARD.a(arm_biquad_cascade_df1_fast_q15.o)
 .comment       0x00000000       0x71 C:\Users\Eli\Documents\GitHub\ESC-M4\CM4_TEST\COMMON\CMSIS_DSP_4_3_0\-Og HARD\libCMSIS_DSP_4_3_0_Og_HARD.a(arm_biquad_cascade_df1_init_q15.o)
 .comment       0x00000000       0x71 C:\Users\Eli\Documents\GitHub\ESC-M4\CM4_TEST\COMMON\CMSIS_DSP_4_3_0\-Og HARD\libCMSIS_DSP_4_3_0_Og_HARD.a(arm_biquad_cascade_df1_q15.o)
 .comment       0x00000000       0x71 C:\Users\Eli\Documents\GitHub\ESC-M4\CM4_TEST\COMMON\CMSIS_DSP_4_3_0\-Og HARD\libCMSIS_DSP_4_3_0_Og_HARD.a(arm_fir_init_q15.o)
 .comment       0x00000000       0x71 C:\Users\Eli\Documents\GitHub\ESC-M4\CM4_TEST\COMMON\CMSIS_DSP_4_3_0\-Og HARD\libCMSIS_DSP_4_3_0_Og_HARD.a(arm_fir_q15.o)
 .comment       0x00000000       0x71 C:\Users\Eli\Documents\GitHub\ESC-M4\CM4_TEST\COMMON\CMSIS_DSP_4_3_0\-Og HARD\libCMSIS_DSP_4_3_0_Og_HARD.a(arm_pid_init_q15.o)
 .comment       0x00000000       0x71 C:\Users\Eli\Documents\GitHub\ESC-M4\CM4_TEST\COMMON\CMSIS_DSP_4_3_0\-Og HARD\libCMSIS_DSP_4_3_0_Og_HARD.a(arm_cmplx_mag_q15.o)
 .comment       0x00000000       0x71 C:\Users\Eli\Documents\GitHub\ESC-M4\CM4_TEST\COMMON\CMSIS_DSP_4_3_0\-Og HARD\libCMSIS_DSP_4_3_0_Og_HARD.a(arm_cmplx_mag_squared_q15.o)