Archive member included because of file (symbol)

../../../../../COMMON/LIB/LPCXPRESSO/CMSIS_DSP_4_5_0/-O3 HARD\libCMSIS_DSP_4_5_0_O3_HARD.a(arm_cfft_f32.o)
                              ./source/CM_TEST.o (symbol from plugin) (arm_cfft_f32)
../../../../../COMMON/LIB/LPCXPRESSO/CMSIS_DSP_4_5_0/-O3 HARD\libCMSIS_DSP_4_5_0_O3_HARD.a(arm_cfft_q15.o)
                              ./source/CM_TEST.o (symbol from plugin) (arm_cfft_q15)
../../../../../COMMON/LIB/LPCXPRESSO/CMSIS_DSP_4_5_0/-O3 HARD\libCMSIS_DSP_4_5_0_O3_HARD.a(arm_cfft_q31.o)
                              ./source/CM_TEST.o (symbol from plugin) (arm_cfft_q31)
../../../../../COMMON/LIB/LPCXPRESSO/CMSIS_DSP_4_5_0/-O3 HARD\libCMSIS_DSP_4_5_0_O3_HARD.a(arm_cfft_radix4_q15.o)
                              ../../../../../COMMON/LIB/LPCXPRESSO/CMSIS_DSP_4_5_0/-O3 HARD\libCMSIS_DSP_4_5_0_O3_HARD.a(arm_cfft_q15.o) (arm_radix4_butterfly_q15)
../../../../../COMMON/LIB/LPCXPRESSO/CMSIS_DSP_4_5_0/-O3 HARD\libCMSIS_DSP_4_5_0_O3_HARD.a(arm_cfft_radix4_q31.o)
                              ../../../../../COMMON/LIB/LPCXPRESSO/CMSIS_DSP_4_5_0/-O3 HARD\libCMSIS_DSP_4_5_0_O3_HARD.a(arm_cfft_q31.o) (arm_radix4_butterfly_q31)
../../../../../COMMON/LIB/LPCXPRESSO/CMSIS_DSP_4_5_0/-O3 HARD\libCMSIS_DSP_4_5_0_O3_HARD.a(arm_cfft_radix8_f32.o)
                              ../../../../../COMMON/LIB/LPCXPRESSO/CMSIS_DSP_4_5_0/-O3 HARD\libCMSIS_DSP_4_5_0_O3_HARD.a(arm_cfft_f32.o) (arm_radix8_butterfly_f32)
../../../../../COMMON/LIB/LPCXPRESSO/CMSIS_DSP_4_5_0/-O3 HARD\libCMSIS_DSP_4_5_0_O3_HARD.a(arm_rfft_fast_f32.o)
                              ./source/CM_TEST.o (symbol from plugin) (arm_rfft_fast_f32)
../../../../../COMMON/LIB/LPCXPRESSO/CMSIS_DSP_4_5_0/-O3 HARD\libCMSIS_DSP_4_5_0_O3_HARD.a(arm_rfft_fast_init_f32.o)
                              ./source/CM_TEST.o (symbol from plugin) (arm_rfft_fast_init_f32)
../../../../../COMMON/LIB/LPCXPRESSO/CMSIS_DSP_4_5_0/-O3 HARD\libCMSIS_DSP_4_5_0_O3_HARD.a(arm_rfft_init_q15.o)
                              ./source/CM_TEST.o (symbol from plugin) (arm_rfft_init_q15)
../../../../../COMMON/LIB/LPCXPRESSO/CMSIS_DSP_4_5_0/-O3 HARD\libCMSIS_DSP_4_5_0_O3_HARD.a(arm_rfft_init_q31.o)
                              ./source/CM_TEST.o (symbol from plugin) (arm_rfft_init_q31)
../../../../../COMMON/LIB/LPCXPRESSO/CMSIS_DSP_4_5_0/-O3 HARD\libCMSIS_DSP_4_5_0_O3_HARD.a(arm_rfft_q15.o)
                              ./source/CM_TEST.o (symbol from plugin) (arm_rfft_q15)
../../../../../COMMON/LIB/LPCXPRESSO/CMSIS_DSP_4_5_0/-O3 HARD\libCMSIS_DSP_4_5_0_O3_HARD.a(arm_rfft_q31.o)
                              ./source/CM_TEST.o (symbol from plugin) (arm_rfft_q31)
../../../../../COMMON/LIB/LPCXPRESSO/CMSIS_DSP_4_5_0/-O3 HARD\libCMSIS_DSP_4_5_0_O3_HARD.a(arm_biquad_cascade_df1_32x64_init_q31.o)
                              ./source/CM_TEST.o (symbol from plugin) (arm_biquad_cas_df1_32x64_init_q31)
../../../../../COMMON/LIB/LPCXPRESSO/CMSIS_DSP_4_5_0/-O3 HARD\libCMSIS_DSP_4_5_0_O3_HARD.a(arm_biquad_cascade_df1_32x64_q31.o)
                              ./source/CM_TEST.o (symbol from plugin) (arm_biquad_cas_df1_32x64_q31)
../../../../../COMMON/LIB/LPCXPRESSO/CMSIS_DSP_4_5_0/-O3 HARD\libCMSIS_DSP_4_5_0_O3_HARD.a(arm_biquad_cascade_df1_f32.o)
                              ./source/CM_TEST.o (symbol from plugin) (arm_biquad_cascade_df1_f32)
../../../../../COMMON/LIB/LPCXPRESSO/CMSIS_DSP_4_5_0/-O3 HARD\libCMSIS_DSP_4_5_0_O3_HARD.a(arm_biquad_cascade_df1_fast_q15.o)
                              ./source/CM_TEST.o (symbol from plugin) (arm_biquad_cascade_df1_fast_q15)
../../../../../COMMON/LIB/LPCXPRESSO/CMSIS_DSP_4_5_0/-O3 HARD\libCMSIS_DSP_4_5_0_O3_HARD.a(arm_biquad_cascade_df1_fast_q31.o)
                              ./source/CM_TEST.o (symbol from plugin) (arm_biquad_cascade_df1_fast_q31)
../../../../../COMMON/LIB/LPCXPRESSO/CMSIS_DSP_4_5_0/-O3 HARD\libCMSIS_DSP_4_5_0_O3_HARD.a(arm_biquad_cascade_df1_init_f32.o)
                              ./source/CM_TEST.o (symbol from plugin) (arm_biquad_cascade_df1_init_f32)
../../../../../COMMON/LIB/LPCXPRESSO/CMSIS_DSP_4_5_0/-O3 HARD\libCMSIS_DSP_4_5_0_O3_HARD.a(arm_biquad_cascade_df1_init_q15.o)
                              ./source/CM_TEST.o (symbol from plugin) (arm_biquad_cascade_df1_init_q15)
../../../../../COMMON/LIB/LPCXPRESSO/CMSIS_DSP_4_5_0/-O3 HARD\libCMSIS_DSP_4_5_0_O3_HARD.a(arm_biquad_cascade_df1_init_q31.o)
                              ./source/CM_TEST.o (symbol from plugin) (arm_biquad_cascade_df1_init_q31)
../../../../../COMMON/LIB/LPCXPRESSO/CMSIS_DSP_4_5_0/-O3 HARD\libCMSIS_DSP_4_5_0_O3_HARD.a(arm_biquad_cascade_df1_q15.o)
                              ./source/CM_TEST.o (symbol from plugin) (arm_biquad_cascade_df1_q15)
../../../../../COMMON/LIB/LPCXPRESSO/CMSIS_DSP_4_5_0/-O3 HARD\libCMSIS_DSP_4_5_0_O3_HARD.a(arm_biquad_cascade_df1_q31.o)
                              ./source/CM_TEST.o (symbol from plugin) (arm_biquad_cascade_df1_q31)
[...]
Memory Configuration

Name             Origin             Length             Attributes
m_interrupts     0x10000000         0x00000400         xr
m_flash_config   0x10000400         0x00000010         xr
m_text           0x10000410         0x000ffbf0         xr
m_data           0x20000000         0x00020000         rw
m_data_2         0x2f000000         0x00010000         rw
m_itcm           0x00000000         0x00010000         xrw
*default*        0x00000000         0xffffffff

Linker script and memory map

LOAD c:/freescale/kds_v3/toolchain/bin/../lib/gcc/arm-none-eabi/4.8.4/armv7e-m/fpu/crti.o
LOAD c:/freescale/kds_v3/toolchain/bin/../lib/gcc/arm-none-eabi/4.8.4/armv7e-m/fpu/crtbegin.o
LOAD c:/freescale/kds_v3/toolchain/bin/../lib/gcc/arm-none-eabi/4.8.4/../../../../arm-none-eabi/lib/armv7e-m/fpu/crt0.o
LOAD ./utilities/fsl_debug_console.o
LOAD C:\Users\ehughes\AppData\Local\Temp\cckuhkCg.ltrans0.ltrans.o
LOAD C:\Users\ehughes\AppData\Local\Temp\cckuhkCg.ltrans1.ltrans.o
LOAD C:\Users\ehughes\AppData\Local\Temp\cckuhkCg.ltrans2.ltrans.o
LOAD C:\Users\ehughes\AppData\Local\Temp\cckuhkCg.ltrans3.ltrans.o
LOAD C:\Users\ehughes\AppData\Local\Temp\cckuhkCg.ltrans4.ltrans.o
LOAD C:\Users\ehughes\AppData\Local\Temp\cckuhkCg.ltrans5.ltrans.o
LOAD c:/freescale/kds_v3/toolchain/bin/../lib/gcc/arm-none-eabi/4.8.4/armv7e-m/fpu\libgcc.a
LOAD c:/freescale/kds_v3/toolchain/bin/../lib/gcc/arm-none-eabi/4.8.4/../../../../arm-none-eabi/lib/armv7e-m/fpu\libg_s.a
LOAD c:/freescale/kds_v3/toolchain/bin/../lib/gcc/arm-none-eabi/4.8.4/../../../../arm-none-eabi/lib/armv7e-m/fpu\libc_s.a
LOAD c:/freescale/kds_v3/toolchain/bin/../lib/gcc/arm-none-eabi/4.8.4/armv7e-m/fpu\libgcc.a
LOAD c:/freescale/kds_v3/toolchain/bin/../lib/gcc/arm-none-eabi/4.8.4/../../../../arm-none-eabi/lib/armv7e-m/fpu\libc_s.a
LOAD c:/freescale/kds_v3/toolchain/bin/../lib/gcc/arm-none-eabi/4.8.4/../../../../arm-none-eabi/lib/armv7e-m/fpu\libnosys.a
LOAD c:/freescale/kds_v3/toolchain/bin/../lib/gcc/arm-none-eabi/4.8.4/armv7e-m/fpu\libgcc.a
LOAD c:/freescale/kds_v3/toolchain/bin/../lib/gcc/arm-none-eabi/4.8.4/../../../../arm-none-eabi/lib/armv7e-m/fpu\libc_s.a
LOAD c:/freescale/kds_v3/toolchain/bin/../lib/gcc/arm-none-eabi/4.8.4/../../../../arm-none-eabi/lib/armv7e-m/fpu\libnosys.a
LOAD ./utilities/fsl_notifier.o
LOAD ./utilities/fsl_sbrk.o
LOAD ./utilities/fsl_shell.o
LOAD ./startup/startup_MKV58F24.o
LOAD ./startup/system_MKV58F24.o
LOAD ./source/CM_TEST.o
LOAD ./source/Goertzel.o
LOAD ./source/IIR.o
LOAD ./drivers/fsl_adc16.o
LOAD ./drivers/fsl_aoi.o
LOAD ./drivers/fsl_clock.o
LOAD ./drivers/fsl_cmp.o
LOAD ./drivers/fsl_common.o
LOAD ./drivers/fsl_crc.o
LOAD ./drivers/fsl_dac.o
LOAD ./drivers/fsl_dmamux.o
LOAD ./drivers/fsl_dspi.o
LOAD ./drivers/fsl_dspi_edma.o
LOAD ./drivers/fsl_edma.o
LOAD ./drivers/fsl_enet.o
LOAD ./drivers/fsl_ewm.o
LOAD ./drivers/fsl_flash.o
LOAD ./drivers/fsl_flexbus.o
LOAD ./drivers/fsl_flexcan.o
LOAD ./drivers/fsl_flexcan_edma.o
LOAD ./drivers/fsl_ftm.o
LOAD ./drivers/fsl_gpio.o
LOAD ./drivers/fsl_hsadc.o
LOAD ./drivers/fsl_i2c.o
LOAD ./drivers/fsl_i2c_edma.o
LOAD ./drivers/fsl_llwu.o
LOAD ./drivers/fsl_lptmr.o
LOAD ./drivers/fsl_mpu.o
LOAD ./drivers/fsl_pdb.o
LOAD ./drivers/fsl_pit.o
LOAD ./drivers/fsl_pmc.o
LOAD ./drivers/fsl_pwm.o
LOAD ./drivers/fsl_rcm.o
LOAD ./drivers/fsl_sim.o
LOAD ./drivers/fsl_smc.o
LOAD ./drivers/fsl_trng.o
LOAD ./drivers/fsl_uart.o
LOAD ./drivers/fsl_uart_edma.o
LOAD ./drivers/fsl_wdog.o
LOAD ./drivers/fsl_xbara.o
LOAD ./drivers/fsl_xbarb.o
LOAD ./board/board.o
LOAD ./board/clock_config.o
LOAD ./board/pin_mux.o
LOAD ../../../../../COMMON/LIB/LPCXPRESSO/CMSIS_DSP_4_5_0/-O3 HARD\libCMSIS_DSP_4_5_0_O3_HARD.a
LOAD c:/freescale/kds_v3/toolchain/bin/../lib/gcc/arm-none-eabi/4.8.4/../../../../arm-none-eabi/lib/armv7e-m/fpu\libstdc++_s.a
LOAD c:/freescale/kds_v3/toolchain/bin/../lib/gcc/arm-none-eabi/4.8.4/../../../../arm-none-eabi/lib/armv7e-m/fpu\libm.a
START GROUP
LOAD c:/freescale/kds_v3/toolchain/bin/../lib/gcc/arm-none-eabi/4.8.4/armv7e-m/fpu\libgcc.a
LOAD c:/freescale/kds_v3/toolchain/bin/../lib/gcc/arm-none-eabi/4.8.4/../../../../arm-none-eabi/lib/armv7e-m/fpu\libg_s.a
LOAD c:/freescale/kds_v3/toolchain/bin/../lib/gcc/arm-none-eabi/4.8.4/../../../../arm-none-eabi/lib/armv7e-m/fpu\libc_s.a
END GROUP
START GROUP
LOAD c:/freescale/kds_v3/toolchain/bin/../lib/gcc/arm-none-eabi/4.8.4/armv7e-m/fpu\libgcc.a
LOAD c:/freescale/kds_v3/toolchain/bin/../lib/gcc/arm-none-eabi/4.8.4/../../../../arm-none-eabi/lib/armv7e-m/fpu\libc_s.a
LOAD c:/freescale/kds_v3/toolchain/bin/../lib/gcc/arm-none-eabi/4.8.4/../../../../arm-none-eabi/lib/armv7e-m/fpu\libnosys.a
END GROUP
START GROUP
LOAD c:/freescale/kds_v3/toolchain/bin/../lib/gcc/arm-none-eabi/4.8.4/armv7e-m/fpu\libgcc.a
LOAD c:/freescale/kds_v3/toolchain/bin/../lib/gcc/arm-none-eabi/4.8.4/../../../../arm-none-eabi/lib/armv7e-m/fpu\libc_s.a
LOAD c:/freescale/kds_v3/toolchain/bin/../lib/gcc/arm-none-eabi/4.8.4/../../../../arm-none-eabi/lib/armv7e-m/fpu\libnosys.a
END GROUP
LOAD c:/freescale/kds_v3/toolchain/bin/../lib/gcc/arm-none-eabi/4.8.4/armv7e-m/fpu/crtend.o
LOAD c:/freescale/kds_v3/toolchain/bin/../lib/gcc/arm-none-eabi/4.8.4/armv7e-m/fpu/crtn.o
                0x00000400                HEAP_SIZE = DEFINED (__heap_size__)?__heap_size__:0x400
                0x00000400                STACK_SIZE = DEFINED (__stack_size__)?__stack_size__:0x400
                0x00000000                M_VECTOR_RAM_SIZE = DEFINED (__ram_vector_table__)?0x400:0x0

.interrupts     0x10000000      0x400
                0x10000000                __VECTOR_TABLE = .
                0x10000000                . = ALIGN (0x4)
 *(.isr_vector)
 .isr_vector    0x10000000      0x400 ./startup/startup_MKV58F24.o
                0x10000000                __isr_vector
                0x10000400                . = ALIGN (0x4)

.flash_config   0x10000400       0x10
                0x10000400                . = ALIGN (0x4)
 *(.FlashConfig)
 .FlashConfig   0x10000400       0x10 ./startup/startup_MKV58F24.o
                0x10000410                . = ALIGN (0x4)

.text           0x10000410    0x586f0
                0x10000410                . = ALIGN (0x4)
 *(.text)
 .text          0x10000410       0x54 c:/freescale/kds_v3/toolchain/bin/../lib/gcc/arm-none-eabi/4.8.4/armv7e-m/fpu/crtbegin.o
 .text          0x10000464       0x74 c:/freescale/kds_v3/toolchain/bin/../lib/gcc/arm-none-eabi/4.8.4/../../../../arm-none-eabi/lib/armv7e-m/fpu/crt0.o
                0x10000464                _start
                0x10000464                _mainCRTStartup
 .text          0x100004d8      0x214 ./startup/startup_MKV58F24.o
                0x100004d8                Reset_Handler
                0x1000053c                PORTC_IRQHandler
                0x1000053c                DebugMon_Handler
                0x1000053c                Reserved88_IRQHandler
                0x1000053c                CMP0_IRQHandler
                0x1000053c                ENET_Transmit_DriverIRQHandler
                0x1000053c                PWM1_RELOAD1_IRQHandler
                0x1000053c                UART1_ERR_DriverIRQHandler
                0x1000053c                BusFault_Handler
                0x1000053c                LPTMR0_IRQHandler
                0x1000053c                DMA_Error_DriverIRQHandler
                0x1000053c                FTM2_IRQHandler
                0x1000053c                PORTE_IRQHandler
                0x1000053c                PWM0_CMP3_IRQHandler
                0x1000053c                FTM3_IRQHandler
                0x1000053c                PWM0_FAULT_IRQHandler
                0x1000053c                ENC_COMPARE_IRQHandler
                0x1000053c                MCM_IRQHandler
                0x1000053c                PORTA_IRQHandler
                0x1000053c                PWM1_CAP_IRQHandler
                0x1000053c                FTM0_IRQHandler
                0x1000053c                PWM0_RELOAD2_IRQHandler
                0x1000053c                PIT0_IRQHandler
                0x1000053c                PWM0_CMP2_IRQHandler
                0x1000053c                PIT1_IRQHandler
                0x1000053c                PWM1_RELOAD2_IRQHandler
                0x1000053c                CMP2_IRQHandler
                0x1000053c                PMC_IRQHandler
                0x1000053c                LLWU_IRQHandler
                0x1000053c                PWM1_CMP3_IRQHandler
                0x1000053c                PWM1_RELOAD3_IRQHandler
                0x1000053c                PWM1_CMP2_IRQHandler
                0x1000053c                PWM1_CMP1_IRQHandler
                0x1000053c                ENET_Error_DriverIRQHandler
                0x1000053c                PWM1_FAULT_IRQHandler
                0x1000053c                PWM0_RERR_IRQHandler
                0x1000053c                ENET_1588_Timer_DriverIRQHandler
                0x1000053c                Reserved46_IRQHandler
                0x1000053c                SWI_IRQHandler
                0x1000053c                ADC0_IRQHandler
                0x1000053c                UsageFault_Handler
                0x1000053c                PWM1_RELOAD0_IRQHandler
                0x1000053c                PWM1_CMP0_IRQHandler
                0x1000053c                PWM0_CMP1_IRQHandler
                0x1000053c                DefaultISR
                0x1000053c                UART5_ERR_DriverIRQHandler
                0x1000053c                CMP1_IRQHandler
                0x1000053c                PORTD_IRQHandler
                0x1000053c                PORTB_IRQHandler
                0x1000053c                PDB1_IRQHandler
                0x1000053c                UART2_ERR_DriverIRQHandler
                0x1000053c                PIT2_IRQHandler
                0x1000053c                UART3_ERR_DriverIRQHandler
                0x1000053c                PDB0_IRQHandler
                0x1000053c                ENC_INDEX_IRQHandler
                0x1000053c                CMP3_IRQHandler
                0x1000053c                PWM0_CMP0_IRQHandler
                0x1000053c                FTM1_IRQHandler
                0x1000053c                DAC0_IRQHandler
                0x1000053c                HSADC1_CCA_IRQHandler
                0x1000053c                HSADC0_CCB_IRQHandler
                0x1000053c                ENET_Receive_DriverIRQHandler
                0x1000053c                PIT3_IRQHandler
                0x1000053c                PWM0_CAP_IRQHandler
                0x1000053c                MemManage_Handler
                0x1000053c                WDOG_EWM_IRQHandler
                0x1000053c                UART4_ERR_DriverIRQHandler
                0x1000053c                MCG_IRQHandler
                0x1000053c                FTFE_IRQHandler
                0x1000053c                TRNG0_IRQHandler
                0x1000053c                HSADC1_CCB_IRQHandler
                0x1000053c                PWM0_RELOAD3_IRQHandler
                0x1000053c                UART0_ERR_DriverIRQHandler
                0x1000053c                PWM0_RELOAD0_IRQHandler
                0x1000053c                XBARA_IRQHandler
                0x1000053c                ENC_HOME_IRQHandler
                0x1000053c                Read_Collision_IRQHandler
                0x1000053c                HSADC0_CCA_IRQHandler
                0x1000053c                ENC_WDOG_SAB_IRQHandler
                0x1000053c                HSADC_ERR_IRQHandler
                0x1000053c                PWM1_RERR_IRQHandler
                0x1000053c                PWM0_RELOAD1_IRQHandler
                0x10000540                NMI_Handler
                0x10000544                HardFault_Handler
                0x10000548                SVC_Handler
                0x1000054c                PendSV_Handler
                0x10000550                SysTick_Handler
                0x10000554                DMA0_DMA16_IRQHandler
                0x10000558                DMA1_DMA17_IRQHandler
                0x1000055c                DMA2_DMA18_IRQHandler
                0x10000560                DMA3_DMA19_IRQHandler
                0x10000564                DMA4_DMA20_IRQHandler
                0x10000568                DMA5_DMA21_IRQHandler
                0x1000056c                DMA6_DMA22_IRQHandler
                0x10000570                DMA7_DMA23_IRQHandler
                0x10000574                DMA8_DMA24_IRQHandler
                0x10000578                DMA9_DMA25_IRQHandler
                0x1000057c                DMA10_DMA26_IRQHandler
                0x10000580                DMA11_DMA27_IRQHandler
                0x10000584                DMA12_DMA28_IRQHandler
                0x10000588                DMA13_DMA29_IRQHandler
                0x1000058c                DMA14_DMA30_IRQHandler
                0x10000590                DMA15_DMA31_IRQHandler
                0x10000594                DMA_Error_IRQHandler
                0x10000598                I2C0_IRQHandler
                0x1000059c                I2C1_IRQHandler
                0x100005a0                SPI0_IRQHandler
                0x100005a4                SPI1_IRQHandler
                0x100005a8                UART5_RX_TX_IRQHandler
                0x100005ac                UART5_ERR_IRQHandler
                0x100005b0                UART0_RX_TX_IRQHandler
                0x100005b4                UART0_ERR_IRQHandler
                0x100005b8                UART1_RX_TX_IRQHandler
                0x100005bc                UART1_ERR_IRQHandler
                0x100005c0                UART2_RX_TX_IRQHandler
                0x100005c4                UART2_ERR_IRQHandler
                0x100005c8                UART3_RX_TX_IRQHandler
                0x100005cc                UART3_ERR_IRQHandler
                0x100005d0                UART4_RX_TX_IRQHandler
                0x100005d4                UART4_ERR_IRQHandler
                0x100005d8                SPI2_IRQHandler
                0x100005dc                CAN0_ORed_Message_buffer_IRQHandler
                0x100005e0                CAN0_Bus_Off_IRQHandler
                0x100005e4                CAN0_Error_IRQHandler
                0x100005e8                CAN0_Tx_Warning_IRQHandler
                0x100005ec                CAN0_Rx_Warning_IRQHandler
                0x100005f0                CAN0_Wake_Up_IRQHandler
                0x100005f4                CAN1_ORed_Message_buffer_IRQHandler
                0x100005f8                CAN1_Bus_Off_IRQHandler
                0x100005fc                CAN1_Error_IRQHandler
                0x10000600                CAN1_Tx_Warning_IRQHandler
                0x10000604                CAN1_Rx_Warning_IRQHandler
                0x10000608                CAN1_Wake_Up_IRQHandler
                0x1000060c                ENET_1588_Timer_IRQHandler
                0x1000061c                CAN2_ORed_Message_buffer_IRQHandler
                0x10000620                CAN2_Bus_Off_IRQHandler
                0x10000624                CAN2_Error_IRQHandler
                0x10000628                CAN2_Tx_Warning_IRQHandler
                0x1000062c                CAN2_Rx_Warning_IRQHandler
                0x10000630                CAN2_Wake_Up_IRQHandler
 .text          0x100006ec       0xc0 ../../../../../COMMON/LIB/LPCXPRESSO/CMSIS_DSP_4_5_0/-O3 HARD\libCMSIS_DSP_4_5_0_O3_HARD.a(arm_bitreversal2.o)
                0x100006ec                arm_bitreversal_32
                0x10000756                arm_bitreversal_16
 .text          0x100007ac      0x370 c:/freescale/kds_v3/toolchain/bin/../lib/gcc/arm-none-eabi/4.8.4/armv7e-m/fpu\libgcc.a(_arm_addsubdf3.o)
                0x100007ac                __aeabi_drsub
                0x100007b4                __aeabi_dsub
                0x100007b4                __subdf3
                0x100007b8                __aeabi_dadd
                0x100007b8                __adddf3
                0x10000a30                __floatunsidf
                0x10000a30                __aeabi_ui2d
                0x10000a50                __floatsidf
                0x10000a50                __aeabi_i2d
                0x10000a74                __aeabi_f2d
                0x10000a74                __extendsfdf2
                0x10000ab0                __floatundidf
                0x10000ab0                __aeabi_ul2d
                0x10000ac0                __floatdidf
                0x10000ac0                __aeabi_l2d
 .text          0x10000b1c      0x424 c:/freescale/kds_v3/toolchain/bin/../lib/gcc/arm-none-eabi/4.8.4/armv7e-m/fpu\libgcc.a(_arm_muldivdf3.o)
                0x10000b1c                __aeabi_dmul
                0x10000b1c                __muldf3
                0x10000d70                __divdf3
                0x10000d70                __aeabi_ddiv
 .text          0x10000f40       0xa0 c:/freescale/kds_v3/toolchain/bin/../lib/gcc/arm-none-eabi/4.8.4/armv7e-m/fpu\libgcc.a(_arm_truncdfsf2.o)
                0x10000f40                __truncdfsf2
                0x10000f40                __aeabi_d2f
 *(.text*)
 .text.startup.main
                0x10000fe0     0x5640 C:\Users\ehughes\AppData\Local\Temp\cckuhkCg.ltrans0.ltrans.o
                0x10000fe0                main
 .text.DMA7_DMA23_DriverIRQHandler
                0x10006620      0x16c C:\Users\ehughes\AppData\Local\Temp\cckuhkCg.ltrans1.ltrans.o
                0x10006620                DMA7_DMA23_DriverIRQHandler
 .text.DMA6_DMA22_DriverIRQHandler
                0x1000678c      0x16c C:\Users\ehughes\AppData\Local\Temp\cckuhkCg.ltrans1.ltrans.o
                0x1000678c                DMA6_DMA22_DriverIRQHandler
 .text.DMA5_DMA21_DriverIRQHandler
                0x100068f8      0x16c C:\Users\ehughes\AppData\Local\Temp\cckuhkCg.ltrans1.ltrans.o
                0x100068f8                DMA5_DMA21_DriverIRQHandler
 .text.DMA4_DMA20_DriverIRQHandler
                0x10006a64      0x16c C:\Users\ehughes\AppData\Local\Temp\cckuhkCg.ltrans1.ltrans.o
                0x10006a64                DMA4_DMA20_DriverIRQHandler
 .text.DMA3_DMA19_DriverIRQHandler
                0x10006bd0      0x16c C:\Users\ehughes\AppData\Local\Temp\cckuhkCg.ltrans1.ltrans.o
                0x10006bd0                DMA3_DMA19_DriverIRQHandler
 .text.DMA2_DMA18_DriverIRQHandler
                0x10006d3c      0x16c C:\Users\ehughes\AppData\Local\Temp\cckuhkCg.ltrans1.ltrans.o
                0x10006d3c                DMA2_DMA18_DriverIRQHandler
 .text.DMA13_DMA29_DriverIRQHandler
                0x10006ea8      0x16c C:\Users\ehughes\AppData\Local\Temp\cckuhkCg.ltrans2.ltrans.o
                0x10006ea8                DMA13_DMA29_DriverIRQHandler
 .text.DMA12_DMA28_DriverIRQHandler
                0x10007014      0x16c C:\Users\ehughes\AppData\Local\Temp\cckuhkCg.ltrans2.ltrans.o
                0x10007014                DMA12_DMA28_DriverIRQHandler
 .text.DMA11_DMA27_DriverIRQHandler
                0x10007180      0x16c C:\Users\ehughes\AppData\Local\Temp\cckuhkCg.ltrans2.ltrans.o
                0x10007180                DMA11_DMA27_DriverIRQHandler
 .text.DMA10_DMA26_DriverIRQHandler
                0x100072ec      0x16c C:\Users\ehughes\AppData\Local\Temp\cckuhkCg.ltrans2.ltrans.o
                0x100072ec                DMA10_DMA26_DriverIRQHandler
 .text.DMA9_DMA25_DriverIRQHandler
                0x10007458      0x16c C:\Users\ehughes\AppData\Local\Temp\cckuhkCg.ltrans2.ltrans.o
                0x10007458                DMA9_DMA25_DriverIRQHandler
 .text.DMA8_DMA24_DriverIRQHandler
                0x100075c4      0x16c C:\Users\ehughes\AppData\Local\Temp\cckuhkCg.ltrans2.ltrans.o
                0x100075c4                DMA8_DMA24_DriverIRQHandler
 .text.UART5_RX_TX_DriverIRQHandler
                0x10007730       0x18 C:\Users\ehughes\AppData\Local\Temp\cckuhkCg.ltrans3.ltrans.o
                0x10007730                UART5_RX_TX_DriverIRQHandler
 .text.UART4_RX_TX_DriverIRQHandler
                0x10007748       0x18 C:\Users\ehughes\AppData\Local\Temp\cckuhkCg.ltrans3.ltrans.o
                0x10007748                UART4_RX_TX_DriverIRQHandler
 .text.UART3_RX_TX_DriverIRQHandler
                0x10007760       0x18 C:\Users\ehughes\AppData\Local\Temp\cckuhkCg.ltrans3.ltrans.o
                0x10007760                UART3_RX_TX_DriverIRQHandler
 .text.UART2_RX_TX_DriverIRQHandler
                0x10007778       0x18 C:\Users\ehughes\AppData\Local\Temp\cckuhkCg.ltrans3.ltrans.o
                0x10007778                UART2_RX_TX_DriverIRQHandler
 .text.UART1_RX_TX_DriverIRQHandler
                0x10007790       0x18 C:\Users\ehughes\AppData\Local\Temp\cckuhkCg.ltrans3.ltrans.o
                0x10007790                UART1_RX_TX_DriverIRQHandler
 .text.UART0_RX_TX_DriverIRQHandler
                0x100077a8       0x18 C:\Users\ehughes\AppData\Local\Temp\cckuhkCg.ltrans3.ltrans.o
                0x100077a8                UART0_RX_TX_DriverIRQHandler
 .text.I2C1_DriverIRQHandler
                0x100077c0       0x40 C:\Users\ehughes\AppData\Local\Temp\cckuhkCg.ltrans3.ltrans.o
                0x100077c0                I2C1_DriverIRQHandler
 .text.I2C0_DriverIRQHandler
                0x10007800       0x40 C:\Users\ehughes\AppData\Local\Temp\cckuhkCg.ltrans3.ltrans.o
                0x10007800                I2C0_DriverIRQHandler
 .text.CAN2_DriverIRQHandler
                0x10007840       0x1c C:\Users\ehughes\AppData\Local\Temp\cckuhkCg.ltrans3.ltrans.o
                0x10007840                CAN2_DriverIRQHandler
 .text.CAN1_DriverIRQHandler
                0x1000785c       0x1c C:\Users\ehughes\AppData\Local\Temp\cckuhkCg.ltrans3.ltrans.o
                0x1000785c                CAN1_DriverIRQHandler
 .text.CAN0_DriverIRQHandler
                0x10007878       0x1c C:\Users\ehughes\AppData\Local\Temp\cckuhkCg.ltrans3.ltrans.o
                0x10007878                CAN0_DriverIRQHandler
 .text.ENET_Error_IRQHandler
                0x10007894       0x18 C:\Users\ehughes\AppData\Local\Temp\cckuhkCg.ltrans3.ltrans.o
                0x10007894                ENET_Error_IRQHandler
 .text.ENET_Receive_IRQHandler
                0x100078ac       0x18 C:\Users\ehughes\AppData\Local\Temp\cckuhkCg.ltrans3.ltrans.o
                0x100078ac                ENET_Receive_IRQHandler
 .text.ENET_Transmit_IRQHandler
                0x100078c4       0x18 C:\Users\ehughes\AppData\Local\Temp\cckuhkCg.ltrans3.ltrans.o
                0x100078c4                ENET_Transmit_IRQHandler
 .text.DMA15_DMA31_DriverIRQHandler
                0x100078dc       0x40 C:\Users\ehughes\AppData\Local\Temp\cckuhkCg.ltrans3.ltrans.o
                0x100078dc                DMA15_DMA31_DriverIRQHandler
 .text.DMA14_DMA30_DriverIRQHandler
                0x1000791c       0x40 C:\Users\ehughes\AppData\Local\Temp\cckuhkCg.ltrans3.ltrans.o
                0x1000791c                DMA14_DMA30_DriverIRQHandler
 .text.UART_WriteBlocking
                0x1000795c       0x18 C:\Users\ehughes\AppData\Local\Temp\cckuhkCg.ltrans4.ltrans.o
                0x1000795c                UART_WriteBlocking
 .text.SystemInit
                0x10007974       0xa0 C:\Users\ehughes\AppData\Local\Temp\cckuhkCg.ltrans4.ltrans.o
                0x10007974                SystemInit
 .text._sbrk    0x10007a14       0x38 C:\Users\ehughes\AppData\Local\Temp\cckuhkCg.ltrans4.ltrans.o
                0x10007a14                _sbrk
 .text.DbgConsole_Printf
                0x10007a4c      0x414 C:\Users\ehughes\AppData\Local\Temp\cckuhkCg.ltrans4.ltrans.o
                0x10007a4c                DbgConsole_Printf
 .text.unlikely.__assert_func
                0x10007e60       0x1c C:\Users\ehughes\AppData\Local\Temp\cckuhkCg.ltrans4.ltrans.o
                0x10007e60                __assert_func
 .text.UART_ReadBlocking
                0x10007e7c       0x74 C:\Users\ehughes\AppData\Local\Temp\cckuhkCg.ltrans4.ltrans.o
                0x10007e7c                UART_ReadBlocking
 .text.DMA1_DMA17_DriverIRQHandler
                0x10007ef0      0x16c C:\Users\ehughes\AppData\Local\Temp\cckuhkCg.ltrans5.ltrans.o
                0x10007ef0                DMA1_DMA17_DriverIRQHandler
 .text.DMA0_DMA16_DriverIRQHandler
                0x1000805c      0x16c C:\Users\ehughes\AppData\Local\Temp\cckuhkCg.ltrans5.ltrans.o
                0x1000805c                DMA0_DMA16_DriverIRQHandler
 .text.SPI2_DriverIRQHandler
                0x100081c8       0x1c C:\Users\ehughes\AppData\Local\Temp\cckuhkCg.ltrans5.ltrans.o
                0x100081c8                SPI2_DriverIRQHandler
 .text.SPI1_DriverIRQHandler
                0x100081e4       0x1c C:\Users\ehughes\AppData\Local\Temp\cckuhkCg.ltrans5.ltrans.o
                0x100081e4                SPI1_DriverIRQHandler
 .text.SPI0_DriverIRQHandler
                0x10008200       0x1c C:\Users\ehughes\AppData\Local\Temp\cckuhkCg.ltrans5.ltrans.o
                0x10008200                SPI0_DriverIRQHandler
 .text.strlen   0x1000821c       0x10 c:/freescale/kds_v3/toolchain/bin/../lib/gcc/arm-none-eabi/4.8.4/../../../../arm-none-eabi/lib/armv7e-m/fpu\libg_s.a(lib_a-strlen.o)
                0x1000821c                strlen
 .text.arm_cfft_radix8by2_f32
                0x1000822c      0x180 ../../../../../COMMON/LIB/LPCXPRESSO/CMSIS_DSP_4_5_0/-O3 HARD\libCMSIS_DSP_4_5_0_O3_HARD.a(arm_cfft_f32.o)
                0x1000822c                arm_cfft_radix8by2_f32
 .text.arm_cfft_radix8by4_f32
                0x100083ac      0x480 ../../../../../COMMON/LIB/LPCXPRESSO/CMSIS_DSP_4_5_0/-O3 HARD\libCMSIS_DSP_4_5_0_O3_HARD.a(arm_cfft_f32.o)
                0x100083ac                arm_cfft_radix8by4_f32
 .text.arm_cfft_f32
                0x1000882c       0xf4 ../../../../../COMMON/LIB/LPCXPRESSO/CMSIS_DSP_4_5_0/-O3 HARD\libCMSIS_DSP_4_5_0_O3_HARD.a(arm_cfft_f32.o)
                0x1000882c                arm_cfft_f32
 .text.arm_cfft_radix4by2_q15
                0x10008920       0xc8 ../../../../../COMMON/LIB/LPCXPRESSO/CMSIS_DSP_4_5_0/-O3 HARD\libCMSIS_DSP_4_5_0_O3_HARD.a(arm_cfft_q15.o)
                0x10008920                arm_cfft_radix4by2_q15
 .text.arm_cfft_radix4by2_inverse_q15
                0x100089e8       0xc8 ../../../../../COMMON/LIB/LPCXPRESSO/CMSIS_DSP_4_5_0/-O3 HARD\libCMSIS_DSP_4_5_0_O3_HARD.a(arm_cfft_q15.o)
                0x100089e8                arm_cfft_radix4by2_inverse_q15
 .text.arm_cfft_q15
                0x10008ab0       0xbc ../../../../../COMMON/LIB/LPCXPRESSO/CMSIS_DSP_4_5_0/-O3 HARD\libCMSIS_DSP_4_5_0_O3_HARD.a(arm_cfft_q15.o)
                0x10008ab0                arm_cfft_q15
 .text.arm_cfft_radix4by2_q31
                0x10008b6c      0x148 ../../../../../COMMON/LIB/LPCXPRESSO/CMSIS_DSP_4_5_0/-O3 HARD\libCMSIS_DSP_4_5_0_O3_HARD.a(arm_cfft_q31.o)
                0x10008b6c                arm_cfft_radix4by2_q31
 .text.arm_cfft_radix4by2_inverse_q31
                0x10008cb4      0x140 ../../../../../COMMON/LIB/LPCXPRESSO/CMSIS_DSP_4_5_0/-O3 HARD\libCMSIS_DSP_4_5_0_O3_HARD.a(arm_cfft_q31.o)
                0x10008cb4                arm_cfft_radix4by2_inverse_q31
 .text.arm_cfft_q31
                0x10008df4       0xbc ../../../../../COMMON/LIB/LPCXPRESSO/CMSIS_DSP_4_5_0/-O3 HARD\libCMSIS_DSP_4_5_0_O3_HARD.a(arm_cfft_q31.o)
                0x10008df4                arm_cfft_q31
 .text.arm_radix4_butterfly_q15
                0x10008eb0      0x25c ../../../../../COMMON/LIB/LPCXPRESSO/CMSIS_DSP_4_5_0/-O3 HARD\libCMSIS_DSP_4_5_0_O3_HARD.a(arm_cfft_radix4_q15.o)
                0x10008eb0                arm_radix4_butterfly_q15
 .text.arm_radix4_butterfly_inverse_q15
                0x1000910c      0x25c ../../../../../COMMON/LIB/LPCXPRESSO/CMSIS_DSP_4_5_0/-O3 HARD\libCMSIS_DSP_4_5_0_O3_HARD.a(arm_cfft_radix4_q15.o)
                0x1000910c                arm_radix4_butterfly_inverse_q15
 .text.arm_radix4_butterfly_q31
                0x10009368      0x42c ../../../../../COMMON/LIB/LPCXPRESSO/CMSIS_DSP_4_5_0/-O3 HARD\libCMSIS_DSP_4_5_0_O3_HARD.a(arm_cfft_radix4_q31.o)
                0x10009368                arm_radix4_butterfly_q31
 .text.arm_radix4_butterfly_inverse_q31
                0x10009794      0x424 ../../../../../COMMON/LIB/LPCXPRESSO/CMSIS_DSP_4_5_0/-O3 HARD\libCMSIS_DSP_4_5_0_O3_HARD.a(arm_cfft_radix4_q31.o)
                0x10009794                arm_radix4_butterfly_inverse_q31
 .text.arm_radix8_butterfly_f32
                0x10009bb8      0x5b8 ../../../../../COMMON/LIB/LPCXPRESSO/CMSIS_DSP_4_5_0/-O3 HARD\libCMSIS_DSP_4_5_0_O3_HARD.a(arm_cfft_radix8_f32.o)
                0x10009bb8                arm_radix8_butterfly_f32
 .text.arm_rfft_fast_f32
                0x1000a170      0x16c ../../../../../COMMON/LIB/LPCXPRESSO/CMSIS_DSP_4_5_0/-O3 HARD\libCMSIS_DSP_4_5_0_O3_HARD.a(arm_rfft_fast_f32.o)
                0x1000a170                arm_rfft_fast_f32
 .text.arm_rfft_fast_init_f32
                0x1000a2dc      0x104 ../../../../../COMMON/LIB/LPCXPRESSO/CMSIS_DSP_4_5_0/-O3 HARD\libCMSIS_DSP_4_5_0_O3_HARD.a(arm_rfft_fast_init_f32.o)
                0x1000a2dc                arm_rfft_fast_init_f32
 .text.arm_rfft_init_q15
                0x1000a3e0       0xfc ../../../../../COMMON/LIB/LPCXPRESSO/CMSIS_DSP_4_5_0/-O3 HARD\libCMSIS_DSP_4_5_0_O3_HARD.a(arm_rfft_init_q15.o)
                0x1000a3e0                arm_rfft_init_q15
 .text.arm_rfft_init_q31
                0x1000a4dc       0xfc ../../../../../COMMON/LIB/LPCXPRESSO/CMSIS_DSP_4_5_0/-O3 HARD\libCMSIS_DSP_4_5_0_O3_HARD.a(arm_rfft_init_q31.o)
                0x1000a4dc                arm_rfft_init_q31
 .text.arm_split_rfft_q15
                0x1000a5d8       0xb4 ../../../../../COMMON/LIB/LPCXPRESSO/CMSIS_DSP_4_5_0/-O3 HARD\libCMSIS_DSP_4_5_0_O3_HARD.a(arm_rfft_q15.o)
                0x1000a5d8                arm_split_rfft_q15
 .text.arm_rfft_q15
                0x1000a68c       0xbc ../../../../../COMMON/LIB/LPCXPRESSO/CMSIS_DSP_4_5_0/-O3 HARD\libCMSIS_DSP_4_5_0_O3_HARD.a(arm_rfft_q15.o)
                0x1000a68c                arm_rfft_q15
 .text.arm_split_rfft_q31
                0x1000a748      0x194 ../../../../../COMMON/LIB/LPCXPRESSO/CMSIS_DSP_4_5_0/-O3 HARD\libCMSIS_DSP_4_5_0_O3_HARD.a(arm_rfft_q31.o)
                0x1000a748                arm_split_rfft_q31
 .text.arm_split_rifft_q31
                0x1000a8dc      0x134 ../../../../../COMMON/LIB/LPCXPRESSO/CMSIS_DSP_4_5_0/-O3 HARD\libCMSIS_DSP_4_5_0_O3_HARD.a(arm_rfft_q31.o)
                0x1000a8dc                arm_split_rifft_q31
 .text.arm_rfft_q31
                0x1000aa10       0x78 ../../../../../COMMON/LIB/LPCXPRESSO/CMSIS_DSP_4_5_0/-O3 HARD\libCMSIS_DSP_4_5_0_O3_HARD.a(arm_rfft_q31.o)
                0x1000aa10                arm_rfft_q31
 .text.arm_biquad_cas_df1_32x64_init_q31
                0x1000aa88       0x20 ../../../../../COMMON/LIB/LPCXPRESSO/CMSIS_DSP_4_5_0/-O3 HARD\libCMSIS_DSP_4_5_0_O3_HARD.a(arm_biquad_cascade_df1_32x64_init_q31.o)
                0x1000aa88                arm_biquad_cas_df1_32x64_init_q31
 .text.arm_biquad_cas_df1_32x64_q31
                0x1000aaa8      0x6c0 ../../../../../COMMON/LIB/LPCXPRESSO/CMSIS_DSP_4_5_0/-O3 HARD\libCMSIS_DSP_4_5_0_O3_HARD.a(arm_biquad_cascade_df1_32x64_q31.o)
                0x1000aaa8                arm_biquad_cas_df1_32x64_q31
 .text.arm_biquad_cascade_df1_f32
                0x1000b168      0x144 ../../../../../COMMON/LIB/LPCXPRESSO/CMSIS_DSP_4_5_0/-O3 HARD\libCMSIS_DSP_4_5_0_O3_HARD.a(arm_biquad_cascade_df1_f32.o)
                0x1000b168                arm_biquad_cascade_df1_f32
 .text.arm_biquad_cascade_df1_fast_q15
                0x1000b2ac       0xfc ../../../../../COMMON/LIB/LPCXPRESSO/CMSIS_DSP_4_5_0/-O3 HARD\libCMSIS_DSP_4_5_0_O3_HARD.a(arm_biquad_cascade_df1_fast_q15.o)
                0x1000b2ac                arm_biquad_cascade_df1_fast_q15
 .text.arm_biquad_cascade_df1_fast_q31
                0x1000b3a8      0x3dc ../../../../../COMMON/LIB/LPCXPRESSO/CMSIS_DSP_4_5_0/-O3 HARD\libCMSIS_DSP_4_5_0_O3_HARD.a(arm_biquad_cascade_df1_fast_q31.o)
                0x1000b3a8                arm_biquad_cascade_df1_fast_q31
 .text.arm_biquad_cascade_df1_init_f32
                0x1000b784       0x18 ../../../../../COMMON/LIB/LPCXPRESSO/CMSIS_DSP_4_5_0/-O3 HARD\libCMSIS_DSP_4_5_0_O3_HARD.a(arm_biquad_cascade_df1_init_f32.o)
                0x1000b784                arm_biquad_cascade_df1_init_f32
 .text.arm_biquad_cascade_df1_init_q15
                0x1000b79c       0x20 ../../../../../COMMON/LIB/LPCXPRESSO/CMSIS_DSP_4_5_0/-O3 HARD\libCMSIS_DSP_4_5_0_O3_HARD.a(arm_biquad_cascade_df1_init_q15.o)
                0x1000b79c                arm_biquad_cascade_df1_init_q15
 .text.arm_biquad_cascade_df1_init_q31
                0x1000b7bc       0x20 ../../../../../COMMON/LIB/LPCXPRESSO/CMSIS_DSP_4_5_0/-O3 HARD\libCMSIS_DSP_4_5_0_O3_HARD.a(arm_biquad_cascade_df1_init_q31.o)
                0x1000b7bc                arm_biquad_cascade_df1_init_q31
 .text.arm_biquad_cascade_df1_q15
                0x1000b7dc      0x13c ../../../../../COMMON/LIB/LPCXPRESSO/CMSIS_DSP_4_5_0/-O3 HARD\libCMSIS_DSP_4_5_0_O3_HARD.a(arm_biquad_cascade_df1_q15.o)
                0x1000b7dc                arm_biquad_cascade_df1_q15
 .text.arm_biquad_cascade_df1_q31
                0x1000b918      0x228 ../../../../../COMMON/LIB/LPCXPRESSO/CMSIS_DSP_4_5_0/-O3 HARD\libCMSIS_DSP_4_5_0_O3_HARD.a(arm_biquad_cascade_df1_q31.o)
                0x1000b918                arm_biquad_cascade_df1_q31
 .text.arm_biquad_cascade_df2T_f32
                0x1000bb40      0x15c ../../../../../COMMON/LIB/LPCXPRESSO/CMSIS_DSP_4_5_0/-O3 HARD\libCMSIS_DSP_4_5_0_O3_HARD.a(arm_biquad_cascade_df2T_f32.o)
                0x1000bb40                arm_biquad_cascade_df2T_f32
 .text.arm_biquad_cascade_df2T_init_f32
                0x1000bc9c       0x18 ../../../../../COMMON/LIB/LPCXPRESSO/CMSIS_DSP_4_5_0/-O3 HARD\libCMSIS_DSP_4_5_0_O3_HARD.a(arm_biquad_cascade_df2T_init_f32.o)
                0x1000bc9c                arm_biquad_cascade_df2T_init_f32
 .text.arm_fir_f32
                0x1000bcb4      0x3f8 ../../../../../COMMON/LIB/LPCXPRESSO/CMSIS_DSP_4_5_0/-O3 HARD\libCMSIS_DSP_4_5_0_O3_HARD.a(arm_fir_f32.o)
                0x1000bcb4                arm_fir_f32
 .text.arm_fir_init_f32
                0x1000c0ac       0x24 ../../../../../COMMON/LIB/LPCXPRESSO/CMSIS_DSP_4_5_0/-O3 HARD\libCMSIS_DSP_4_5_0_O3_HARD.a(arm_fir_init_f32.o)
                0x1000c0ac                arm_fir_init_f32
 .text.arm_fir_init_q15
                0x1000c0d0       0x2c ../../../../../COMMON/LIB/LPCXPRESSO/CMSIS_DSP_4_5_0/-O3 HARD\libCMSIS_DSP_4_5_0_O3_HARD.a(arm_fir_init_q15.o)
                0x1000c0d0                arm_fir_init_q15
 .text.arm_fir_init_q31
                0x1000c0fc       0x24 ../../../../../COMMON/LIB/LPCXPRESSO/CMSIS_DSP_4_5_0/-O3 HARD\libCMSIS_DSP_4_5_0_O3_HARD.a(arm_fir_init_q31.o)
                0x1000c0fc                arm_fir_init_q31
 .text.arm_fir_q15
                0x1000c120      0x28c ../../../../../COMMON/LIB/LPCXPRESSO/CMSIS_DSP_4_5_0/-O3 HARD\libCMSIS_DSP_4_5_0_O3_HARD.a(arm_fir_q15.o)
                0x1000c120                arm_fir_q15
 .text.arm_fir_q31
                0x1000c3ac      0x290 ../../../../../COMMON/LIB/LPCXPRESSO/CMSIS_DSP_4_5_0/-O3 HARD\libCMSIS_DSP_4_5_0_O3_HARD.a(arm_fir_q31.o)
                0x1000c3ac                arm_fir_q31
 .text.arm_pid_init_f32
                0x1000c63c       0x38 ../../../../../COMMON/LIB/LPCXPRESSO/CMSIS_DSP_4_5_0/-O3 HARD\libCMSIS_DSP_4_5_0_O3_HARD.a(arm_pid_init_f32.o)
                0x1000c63c                arm_pid_init_f32
 .text.arm_pid_init_q15
                0x1000c674       0x40 ../../../../../COMMON/LIB/LPCXPRESSO/CMSIS_DSP_4_5_0/-O3 HARD\libCMSIS_DSP_4_5_0_O3_HARD.a(arm_pid_init_q15.o)
                0x1000c674                arm_pid_init_q15
 .text.arm_pid_init_q31
                0x1000c6b4       0x34 ../../../../../COMMON/LIB/LPCXPRESSO/CMSIS_DSP_4_5_0/-O3 HARD\libCMSIS_DSP_4_5_0_O3_HARD.a(arm_pid_init_q31.o)
                0x1000c6b4                arm_pid_init_q31
 .text.arm_cmplx_mag_f32
                0x1000c6e8      0x134 ../../../../../COMMON/LIB/LPCXPRESSO/CMSIS_DSP_4_5_0/-O3 HARD\libCMSIS_DSP_4_5_0_O3_HARD.a(arm_cmplx_mag_f32.o)
                0x1000c6e8                arm_cmplx_mag_f32
 .text.arm_cmplx_mag_q15
                0x1000c81c       0xa4 ../../../../../COMMON/LIB/LPCXPRESSO/CMSIS_DSP_4_5_0/-O3 HARD\libCMSIS_DSP_4_5_0_O3_HARD.a(arm_cmplx_mag_q15.o)
                0x1000c81c                arm_cmplx_mag_q15
 .text.arm_cmplx_mag_q31
                0x1000c8c0       0xfc ../../../../../COMMON/LIB/LPCXPRESSO/CMSIS_DSP_4_5_0/-O3 HARD\libCMSIS_DSP_4_5_0_O3_HARD.a(arm_cmplx_mag_q31.o)
                0x1000c8c0                arm_cmplx_mag_q31
 .text.arm_cmplx_mag_squared_f32
                0x1000c9bc       0x9c ../../../../../COMMON/LIB/LPCXPRESSO/CMSIS_DSP_4_5_0/-O3 HARD\libCMSIS_DSP_4_5_0_O3_HARD.a(arm_cmplx_mag_squared_f32.o)
                0x1000c9bc                arm_cmplx_mag_squared_f32
 .text.arm_cmplx_mag_squared_q15
                0x1000ca58       0x80 ../../../../../COMMON/LIB/LPCXPRESSO/CMSIS_DSP_4_5_0/-O3 HARD\libCMSIS_DSP_4_5_0_O3_HARD.a(arm_cmplx_mag_squared_q15.o)
                0x1000ca58                arm_cmplx_mag_squared_q15
 .text.arm_cmplx_mag_squared_q31
                0x1000cad8       0xbc ../../../../../COMMON/LIB/LPCXPRESSO/CMSIS_DSP_4_5_0/-O3 HARD\libCMSIS_DSP_4_5_0_O3_HARD.a(arm_cmplx_mag_squared_q31.o)
                0x1000cad8                arm_cmplx_mag_squared_q31
 .text.arm_sqrt_q15
                0x1000cb94       0xe4 ../../../../../COMMON/LIB/LPCXPRESSO/CMSIS_DSP_4_5_0/-O3 HARD\libCMSIS_DSP_4_5_0_O3_HARD.a(arm_sqrt_q15.o)
                0x1000cb94                arm_sqrt_q15
 .text.arm_sqrt_q31
                0x1000cc78       0xf0 ../../../../../COMMON/LIB/LPCXPRESSO/CMSIS_DSP_4_5_0/-O3 HARD\libCMSIS_DSP_4_5_0_O3_HARD.a(arm_sqrt_q31.o)
                0x1000cc78                arm_sqrt_q31
 .text.sqrtf    0x1000cd68       0xb8 c:/freescale/kds_v3/toolchain/bin/../lib/gcc/arm-none-eabi/4.8.4/../../../../arm-none-eabi/lib/armv7e-m/fpu\libm.a(lib_a-wf_sqrt.o)
                0x1000cd68                sqrtf
 .text.__ieee754_sqrtf
                0x1000ce20       0xa4 c:/freescale/kds_v3/toolchain/bin/../lib/gcc/arm-none-eabi/4.8.4/../../../../arm-none-eabi/lib/armv7e-m/fpu\libm.a(lib_a-ef_sqrt.o)
                0x1000ce20                __ieee754_sqrtf
 .text.matherr  0x1000cec4        0x4 c:/freescale/kds_v3/toolchain/bin/../lib/gcc/arm-none-eabi/4.8.4/../../../../arm-none-eabi/lib/armv7e-m/fpu\libm.a(lib_a-s_matherr.o)
                0x1000cec4                matherr
 .text.__fpclassifyf
                0x1000cec8       0x38 c:/freescale/kds_v3/toolchain/bin/../lib/gcc/arm-none-eabi/4.8.4/../../../../arm-none-eabi/lib/armv7e-m/fpu\libm.a(lib_a-sf_fpclassify.o)
                0x1000cec8                __fpclassifyf
 .text.__errno  0x1000cf00        0xc c:/freescale/kds_v3/toolchain/bin/../lib/gcc/arm-none-eabi/4.8.4/../../../../arm-none-eabi/lib/armv7e-m/fpu\libg_s.a(lib_a-errno.o)
                0x1000cf00                __errno
 .text.exit     0x1000cf0c       0x28 c:/freescale/kds_v3/toolchain/bin/../lib/gcc/arm-none-eabi/4.8.4/../../../../arm-none-eabi/lib/armv7e-m/fpu\libg_s.a(lib_a-exit.o)
                0x1000cf0c                exit
 .text.__libc_init_array
                0x1000cf34       0x4c c:/freescale/kds_v3/toolchain/bin/../lib/gcc/arm-none-eabi/4.8.4/../../../../arm-none-eabi/lib/armv7e-m/fpu\libg_s.a(lib_a-init.o)
                0x1000cf34                __libc_init_array
 .text.memset   0x1000cf80       0x10 c:/freescale/kds_v3/toolchain/bin/../lib/gcc/arm-none-eabi/4.8.4/../../../../arm-none-eabi/lib/armv7e-m/fpu\libg_s.a(lib_a-memset.o)
                0x1000cf80                memset
 .text.rand     0x1000cf90       0x74 c:/freescale/kds_v3/toolchain/bin/../lib/gcc/arm-none-eabi/4.8.4/../../../../arm-none-eabi/lib/armv7e-m/fpu\libg_s.a(lib_a-rand.o)
                0x1000cf90                rand
 .text.malloc   0x1000d004       0x10 c:/freescale/kds_v3/toolchain/bin/../lib/gcc/arm-none-eabi/4.8.4/../../../../arm-none-eabi/lib/armv7e-m/fpu\libg_s.a(lib_a-malloc.o)
                0x1000d004                malloc
 .text._malloc_r
                0x1000d014       0xa8 c:/freescale/kds_v3/toolchain/bin/../lib/gcc/arm-none-eabi/4.8.4/../../../../arm-none-eabi/lib/armv7e-m/fpu\libg_s.a(lib_a-nano-mallocr.o)
                0x1000d014                _malloc_r
 .text._sbrk_r  0x1000d0bc       0x20 c:/freescale/kds_v3/toolchain/bin/../lib/gcc/arm-none-eabi/4.8.4/../../../../arm-none-eabi/lib/armv7e-m/fpu\libg_s.a(lib_a-sbrkr.o)
                0x1000d0bc                _sbrk_r
 .text._exit    0x1000d0dc        0x4 c:/freescale/kds_v3/toolchain/bin/../lib/gcc/arm-none-eabi/4.8.4/../../../../arm-none-eabi/lib/armv7e-m/fpu\libnosys.a(_exit.o)
                0x1000d0dc                _exit
 *(.rodata)
 .rodata        0x1000d0e0       0x14 C:\Users\ehughes\AppData\Local\Temp\cckuhkCg.ltrans0.ltrans.o
 *(.rodata*)
 .rodata.fllFactorTable.7357.5497.4582
                0x1000d0f4       0x10 C:\Users\ehughes\AppData\Local\Temp\cckuhkCg.ltrans0.ltrans.o
 .rodata.str1.4
                0x1000d104      0x4a5 C:\Users\ehughes\AppData\Local\Temp\cckuhkCg.ltrans0.ltrans.o
                                0x4c4 (size before relaxing)
 *fill*         0x1000d5a9        0x3 
 .rodata.str1.4
                0x1000d5ac       0x27 C:\Users\ehughes\AppData\Local\Temp\cckuhkCg.ltrans1.ltrans.o
                                 0x28 (size before relaxing)
 .rodata.str1.4
                0x00000000       0x28 C:\Users\ehughes\AppData\Local\Temp\cckuhkCg.ltrans2.ltrans.o
 *fill*         0x1000d5d3        0x1 
 .rodata.__func__.7729.7424
                0x1000d5d4       0x10 C:\Users\ehughes\AppData\Local\Temp\cckuhkCg.ltrans3.ltrans.o
                0x1000d5d4                __func__.7729.7424
 .rodata.__func__.7797.8665.4398
                0x1000d5e4       0x18 C:\Users\ehughes\AppData\Local\Temp\cckuhkCg.ltrans3.ltrans.o
 .rodata.str1.4
                0x1000d5fc       0x57 C:\Users\ehughes\AppData\Local\Temp\cckuhkCg.ltrans3.ltrans.o
                                 0x80 (size before relaxing)
 *fill*         0x1000d653        0x1 
 .rodata.__func__.7805.8667.4396
                0x1000d654       0x18 C:\Users\ehughes\AppData\Local\Temp\cckuhkCg.ltrans3.ltrans.o
 .rodata.__func__.7801.8666.4397
                0x1000d66c       0x18 C:\Users\ehughes\AppData\Local\Temp\cckuhkCg.ltrans3.ltrans.o
 .rodata.__func__.7532.11505.4181
                0x1000d684       0x14 C:\Users\ehughes\AppData\Local\Temp\cckuhkCg.ltrans4.ltrans.o
 .rodata.str1.4
                0x1000d698       0xb0 C:\Users\ehughes\AppData\Local\Temp\cckuhkCg.ltrans4.ltrans.o
                                 0xc8 (size before relaxing)
 .rodata.__func__.7913.6435.4255
                0x1000d748       0x18 C:\Users\ehughes\AppData\Local\Temp\cckuhkCg.ltrans5.ltrans.o
 .rodata.str1.4
                0x1000d760       0x48 C:\Users\ehughes\AppData\Local\Temp\cckuhkCg.ltrans5.ltrans.o
                                 0x70 (size before relaxing)
 .rodata.__func__.7909.6434.4256
                0x1000d7a8       0x18 C:\Users\ehughes\AppData\Local\Temp\cckuhkCg.ltrans5.ltrans.o
 .rodata.__func__.7917.6436.4254
                0x1000d7c0       0x18 C:\Users\ehughes\AppData\Local\Temp\cckuhkCg.ltrans5.ltrans.o
 .rodata.realCoefAQ15
                0x1000d7d8     0x4000 ../../../../../COMMON/LIB/LPCXPRESSO/CMSIS_DSP_4_5_0/-O3 HARD\libCMSIS_DSP_4_5_0_O3_HARD.a(arm_rfft_init_q15.o)
 .rodata.realCoefBQ15
                0x100117d8     0x4000 ../../../../../COMMON/LIB/LPCXPRESSO/CMSIS_DSP_4_5_0/-O3 HARD\libCMSIS_DSP_4_5_0_O3_HARD.a(arm_rfft_init_q15.o)
 .rodata.realCoefAQ31
                0x100157d8     0x8000 ../../../../../COMMON/LIB/LPCXPRESSO/CMSIS_DSP_4_5_0/-O3 HARD\libCMSIS_DSP_4_5_0_O3_HARD.a(arm_rfft_init_q31.o)
 .rodata.realCoefBQ31
                0x1001d7d8     0x8000 ../../../../../COMMON/LIB/LPCXPRESSO/CMSIS_DSP_4_5_0/-O3 HARD\libCMSIS_DSP_4_5_0_O3_HARD.a(arm_rfft_init_q31.o)
 .rodata.armBitRevIndexTable_fixed_128
                0x100257d8       0xe0 ../../../../../COMMON/LIB/LPCXPRESSO/CMSIS_DSP_4_5_0/-O3 HARD\libCMSIS_DSP_4_5_0_O3_HARD.a(arm_common_tables.o)
                0x100257d8                armBitRevIndexTable_fixed_128
 .rodata.twiddleCoef_2048
                0x100258b8     0x4000 ../../../../../COMMON/LIB/LPCXPRESSO/CMSIS_DSP_4_5_0/-O3 HARD\libCMSIS_DSP_4_5_0_O3_HARD.a(arm_common_tables.o)
                0x100258b8                twiddleCoef_2048
 .rodata.armBitRevIndexTable_fixed_2048
                0x100298b8      0xf80 ../../../../../COMMON/LIB/LPCXPRESSO/CMSIS_DSP_4_5_0/-O3 HARD\libCMSIS_DSP_4_5_0_O3_HARD.a(arm_common_tables.o)
                0x100298b8                armBitRevIndexTable_fixed_2048
 .rodata.twiddleCoef_32_q31
                0x1002a838       0xc0 ../../../../../COMMON/LIB/LPCXPRESSO/CMSIS_DSP_4_5_0/-O3 HARD\libCMSIS_DSP_4_5_0_O3_HARD.a(arm_common_tables.o)
                0x1002a838                twiddleCoef_32_q31
 .rodata.armBitRevIndexTable_fixed_4096
                0x1002a8f8     0x1f80 ../../../../../COMMON/LIB/LPCXPRESSO/CMSIS_DSP_4_5_0/-O3 HARD\libCMSIS_DSP_4_5_0_O3_HARD.a(arm_common_tables.o)
                0x1002a8f8                armBitRevIndexTable_fixed_4096
 .rodata.twiddleCoef_rfft_64
                0x1002c878      0x100 ../../../../../COMMON/LIB/LPCXPRESSO/CMSIS_DSP_4_5_0/-O3 HARD\libCMSIS_DSP_4_5_0_O3_HARD.a(arm_common_tables.o)
                0x1002c878                twiddleCoef_rfft_64
 .rodata.armBitRevIndexTable64
                0x1002c978       0x70 ../../../../../COMMON/LIB/LPCXPRESSO/CMSIS_DSP_4_5_0/-O3 HARD\libCMSIS_DSP_4_5_0_O3_HARD.a(arm_common_tables.o)
                0x1002c978                armBitRevIndexTable64
 .rodata.twiddleCoef_rfft_2048
                0x1002c9e8     0x2000 ../../../../../COMMON/LIB/LPCXPRESSO/CMSIS_DSP_4_5_0/-O3 HARD\libCMSIS_DSP_4_5_0_O3_HARD.a(arm_common_tables.o)
                0x1002c9e8                twiddleCoef_rfft_2048
 .rodata.armBitRevIndexTable_fixed_1024
                0x1002e9e8      0x7c0 ../../../../../COMMON/LIB/LPCXPRESSO/CMSIS_DSP_4_5_0/-O3 HARD\libCMSIS_DSP_4_5_0_O3_HARD.a(arm_common_tables.o)
                0x1002e9e8                armBitRevIndexTable_fixed_1024
 .rodata.twiddleCoef_rfft_4096
                0x1002f1a8     0x4000 ../../../../../COMMON/LIB/LPCXPRESSO/CMSIS_DSP_4_5_0/-O3 HARD\libCMSIS_DSP_4_5_0_O3_HARD.a(arm_common_tables.o)
                0x1002f1a8                twiddleCoef_rfft_4096
 .rodata.twiddleCoef_256
                0x100331a8      0x800 ../../../../../COMMON/LIB/LPCXPRESSO/CMSIS_DSP_4_5_0/-O3 HARD\libCMSIS_DSP_4_5_0_O3_HARD.a(arm_common_tables.o)
                0x100331a8                twiddleCoef_256
 .rodata.twiddleCoef_1024_q15
                0x100339a8      0xc00 ../../../../../COMMON/LIB/LPCXPRESSO/CMSIS_DSP_4_5_0/-O3 HARD\libCMSIS_DSP_4_5_0_O3_HARD.a(arm_common_tables.o)
                0x100339a8                twiddleCoef_1024_q15
 .rodata.twiddleCoef_1024_q31
                0x100345a8     0x1800 ../../../../../COMMON/LIB/LPCXPRESSO/CMSIS_DSP_4_5_0/-O3 HARD\libCMSIS_DSP_4_5_0_O3_HARD.a(arm_common_tables.o)
                0x100345a8                twiddleCoef_1024_q31
 .rodata.twiddleCoef_32_q15
                0x10035da8       0x60 ../../../../../COMMON/LIB/LPCXPRESSO/CMSIS_DSP_4_5_0/-O3 HARD\libCMSIS_DSP_4_5_0_O3_HARD.a(arm_common_tables.o)
                0x10035da8                twiddleCoef_32_q15
 .rodata.twiddleCoef_16
                0x10035e08       0x80 ../../../../../COMMON/LIB/LPCXPRESSO/CMSIS_DSP_4_5_0/-O3 HARD\libCMSIS_DSP_4_5_0_O3_HARD.a(arm_common_tables.o)
                0x10035e08                twiddleCoef_16
 .rodata.twiddleCoef_4096_q15
                0x10035e88     0x3000 ../../../../../COMMON/LIB/LPCXPRESSO/CMSIS_DSP_4_5_0/-O3 HARD\libCMSIS_DSP_4_5_0_O3_HARD.a(arm_common_tables.o)
                0x10035e88                twiddleCoef_4096_q15
 .rodata.twiddleCoef_4096_q31
                0x10038e88     0x6000 ../../../../../COMMON/LIB/LPCXPRESSO/CMSIS_DSP_4_5_0/-O3 HARD\libCMSIS_DSP_4_5_0_O3_HARD.a(arm_common_tables.o)
                0x10038e88                twiddleCoef_4096_q31
 .rodata.twiddleCoef_1024
                0x1003ee88     0x2000 ../../../../../COMMON/LIB/LPCXPRESSO/CMSIS_DSP_4_5_0/-O3 HARD\libCMSIS_DSP_4_5_0_O3_HARD.a(arm_common_tables.o)
                0x1003ee88                twiddleCoef_1024
 .rodata.twiddleCoef_32
                0x10040e88      0x100 ../../../../../COMMON/LIB/LPCXPRESSO/CMSIS_DSP_4_5_0/-O3 HARD\libCMSIS_DSP_4_5_0_O3_HARD.a(arm_common_tables.o)
                0x10040e88                twiddleCoef_32
 .rodata.armBitRevIndexTable1024
                0x10040f88      0xe10 ../../../../../COMMON/LIB/LPCXPRESSO/CMSIS_DSP_4_5_0/-O3 HARD\libCMSIS_DSP_4_5_0_O3_HARD.a(arm_common_tables.o)
                0x10040f88                armBitRevIndexTable1024
 .rodata.twiddleCoef_16_q15
                0x10041d98       0x30 ../../../../../COMMON/LIB/LPCXPRESSO/CMSIS_DSP_4_5_0/-O3 HARD\libCMSIS_DSP_4_5_0_O3_HARD.a(arm_common_tables.o)
                0x10041d98                twiddleCoef_16_q15
 .rodata.twiddleCoef_16_q31
                0x10041dc8       0x60 ../../../../../COMMON/LIB/LPCXPRESSO/CMSIS_DSP_4_5_0/-O3 HARD\libCMSIS_DSP_4_5_0_O3_HARD.a(arm_common_tables.o)
                0x10041dc8                twiddleCoef_16_q31
 .rodata.armBitRevIndexTable16
                0x10041e28       0x28 ../../../../../COMMON/LIB/LPCXPRESSO/CMSIS_DSP_4_5_0/-O3 HARD\libCMSIS_DSP_4_5_0_O3_HARD.a(arm_common_tables.o)
                0x10041e28                armBitRevIndexTable16
 .rodata.twiddleCoef_rfft_32
                0x10041e50       0x80 ../../../../../COMMON/LIB/LPCXPRESSO/CMSIS_DSP_4_5_0/-O3 HARD\libCMSIS_DSP_4_5_0_O3_HARD.a(arm_common_tables.o)
                0x10041e50                twiddleCoef_rfft_32
 .rodata.armBitRevIndexTable32
                0x10041ed0       0x60 ../../../../../COMMON/LIB/LPCXPRESSO/CMSIS_DSP_4_5_0/-O3 HARD\libCMSIS_DSP_4_5_0_O3_HARD.a(arm_common_tables.o)
                0x10041ed0                armBitRevIndexTable32
 .rodata.twiddleCoef_128
                0x10041f30      0x400 ../../../../../COMMON/LIB/LPCXPRESSO/CMSIS_DSP_4_5_0/-O3 HARD\libCMSIS_DSP_4_5_0_O3_HARD.a(arm_common_tables.o)
                0x10041f30                twiddleCoef_128
 .rodata.twiddleCoef_64_q15
                0x10042330       0xc0 ../../../../../COMMON/LIB/LPCXPRESSO/CMSIS_DSP_4_5_0/-O3 HARD\libCMSIS_DSP_4_5_0_O3_HARD.a(arm_common_tables.o)
                0x10042330                twiddleCoef_64_q15
 .rodata.twiddleCoef_2048_q15
                0x100423f0     0x1800 ../../../../../COMMON/LIB/LPCXPRESSO/CMSIS_DSP_4_5_0/-O3 HARD\libCMSIS_DSP_4_5_0_O3_HARD.a(arm_common_tables.o)
                0x100423f0                twiddleCoef_2048_q15
 .rodata.twiddleCoef_64_q31
                0x10043bf0      0x180 ../../../../../COMMON/LIB/LPCXPRESSO/CMSIS_DSP_4_5_0/-O3 HARD\libCMSIS_DSP_4_5_0_O3_HARD.a(arm_common_tables.o)
                0x10043bf0                twiddleCoef_64_q31
 .rodata.twiddleCoef_2048_q31
                0x10043d70     0x3000 ../../../../../COMMON/LIB/LPCXPRESSO/CMSIS_DSP_4_5_0/-O3 HARD\libCMSIS_DSP_4_5_0_O3_HARD.a(arm_common_tables.o)
                0x10043d70                twiddleCoef_2048_q31
 .rodata.twiddleCoef_256_q15
                0x10046d70      0x300 ../../../../../COMMON/LIB/LPCXPRESSO/CMSIS_DSP_4_5_0/-O3 HARD\libCMSIS_DSP_4_5_0_O3_HARD.a(arm_common_tables.o)
                0x10046d70                twiddleCoef_256_q15
 .rodata.twiddleCoef_512_q15
                0x10047070      0x600 ../../../../../COMMON/LIB/LPCXPRESSO/CMSIS_DSP_4_5_0/-O3 HARD\libCMSIS_DSP_4_5_0_O3_HARD.a(arm_common_tables.o)
                0x10047070                twiddleCoef_512_q15
 .rodata.twiddleCoef_256_q31
                0x10047670      0x600 ../../../../../COMMON/LIB/LPCXPRESSO/CMSIS_DSP_4_5_0/-O3 HARD\libCMSIS_DSP_4_5_0_O3_HARD.a(arm_common_tables.o)
                0x10047670                twiddleCoef_256_q31
 .rodata.twiddleCoef_512
                0x10047c70     0x1000 ../../../../../COMMON/LIB/LPCXPRESSO/CMSIS_DSP_4_5_0/-O3 HARD\libCMSIS_DSP_4_5_0_O3_HARD.a(arm_common_tables.o)
                0x10047c70                twiddleCoef_512
 .rodata.twiddleCoef_512_q31
                0x10048c70      0xc00 ../../../../../COMMON/LIB/LPCXPRESSO/CMSIS_DSP_4_5_0/-O3 HARD\libCMSIS_DSP_4_5_0_O3_HARD.a(arm_common_tables.o)
                0x10048c70                twiddleCoef_512_q31
 .rodata.armBitRevIndexTable2048
                0x10049870     0x1dc0 ../../../../../COMMON/LIB/LPCXPRESSO/CMSIS_DSP_4_5_0/-O3 HARD\libCMSIS_DSP_4_5_0_O3_HARD.a(arm_common_tables.o)
                0x10049870                armBitRevIndexTable2048
 .rodata.twiddleCoef_64
                0x1004b630      0x200 ../../../../../COMMON/LIB/LPCXPRESSO/CMSIS_DSP_4_5_0/-O3 HARD\libCMSIS_DSP_4_5_0_O3_HARD.a(arm_common_tables.o)
                0x1004b630                twiddleCoef_64
 .rodata.armBitRevIndexTable4096
                0x1004b830     0x1f80 ../../../../../COMMON/LIB/LPCXPRESSO/CMSIS_DSP_4_5_0/-O3 HARD\libCMSIS_DSP_4_5_0_O3_HARD.a(arm_common_tables.o)
                0x1004b830                armBitRevIndexTable4096
 .rodata.twiddleCoef_rfft_512
                0x1004d7b0      0x800 ../../../../../COMMON/LIB/LPCXPRESSO/CMSIS_DSP_4_5_0/-O3 HARD\libCMSIS_DSP_4_5_0_O3_HARD.a(arm_common_tables.o)
                0x1004d7b0                twiddleCoef_rfft_512
 .rodata.armBitRevIndexTable512
                0x1004dfb0      0x380 ../../../../../COMMON/LIB/LPCXPRESSO/CMSIS_DSP_4_5_0/-O3 HARD\libCMSIS_DSP_4_5_0_O3_HARD.a(arm_common_tables.o)
                0x1004dfb0                armBitRevIndexTable512
 .rodata.armBitRevIndexTable_fixed_512
                0x1004e330      0x3c0 ../../../../../COMMON/LIB/LPCXPRESSO/CMSIS_DSP_4_5_0/-O3 HARD\libCMSIS_DSP_4_5_0_O3_HARD.a(arm_common_tables.o)
                0x1004e330                armBitRevIndexTable_fixed_512
 .rodata.armBitRevIndexTable_fixed_16
                0x1004e6f0       0x18 ../../../../../COMMON/LIB/LPCXPRESSO/CMSIS_DSP_4_5_0/-O3 HARD\libCMSIS_DSP_4_5_0_O3_HARD.a(arm_common_tables.o)
                0x1004e6f0                armBitRevIndexTable_fixed_16
 .rodata.twiddleCoef_128_q15
                0x1004e708      0x180 ../../../../../COMMON/LIB/LPCXPRESSO/CMSIS_DSP_4_5_0/-O3 HARD\libCMSIS_DSP_4_5_0_O3_HARD.a(arm_common_tables.o)
                0x1004e708                twiddleCoef_128_q15
 .rodata.twiddleCoef_rfft_1024
                0x1004e888     0x1000 ../../../../../COMMON/LIB/LPCXPRESSO/CMSIS_DSP_4_5_0/-O3 HARD\libCMSIS_DSP_4_5_0_O3_HARD.a(arm_common_tables.o)
                0x1004e888                twiddleCoef_rfft_1024
 .rodata.twiddleCoef_rfft_256
                0x1004f888      0x400 ../../../../../COMMON/LIB/LPCXPRESSO/CMSIS_DSP_4_5_0/-O3 HARD\libCMSIS_DSP_4_5_0_O3_HARD.a(arm_common_tables.o)
                0x1004f888                twiddleCoef_rfft_256
 .rodata.armBitRevIndexTable256
                0x1004fc88      0x370 ../../../../../COMMON/LIB/LPCXPRESSO/CMSIS_DSP_4_5_0/-O3 HARD\libCMSIS_DSP_4_5_0_O3_HARD.a(arm_common_tables.o)
                0x1004fc88                armBitRevIndexTable256
 .rodata.armBitRevIndexTable_fixed_32
                0x1004fff8       0x30 ../../../../../COMMON/LIB/LPCXPRESSO/CMSIS_DSP_4_5_0/-O3 HARD\libCMSIS_DSP_4_5_0_O3_HARD.a(arm_common_tables.o)
                0x1004fff8                armBitRevIndexTable_fixed_32
 .rodata.armBitRevIndexTable_fixed_256
                0x10050028      0x1e0 ../../../../../COMMON/LIB/LPCXPRESSO/CMSIS_DSP_4_5_0/-O3 HARD\libCMSIS_DSP_4_5_0_O3_HARD.a(arm_common_tables.o)
                0x10050028                armBitRevIndexTable_fixed_256
 .rodata.armBitRevIndexTable_fixed_64
                0x10050208       0x70 ../../../../../COMMON/LIB/LPCXPRESSO/CMSIS_DSP_4_5_0/-O3 HARD\libCMSIS_DSP_4_5_0_O3_HARD.a(arm_common_tables.o)
                0x10050208                armBitRevIndexTable_fixed_64
 .rodata.twiddleCoef_rfft_128
                0x10050278      0x200 ../../../../../COMMON/LIB/LPCXPRESSO/CMSIS_DSP_4_5_0/-O3 HARD\libCMSIS_DSP_4_5_0_O3_HARD.a(arm_common_tables.o)
                0x10050278                twiddleCoef_rfft_128
 .rodata.armBitRevIndexTable128
                0x10050478      0x1a0 ../../../../../COMMON/LIB/LPCXPRESSO/CMSIS_DSP_4_5_0/-O3 HARD\libCMSIS_DSP_4_5_0_O3_HARD.a(arm_common_tables.o)
                0x10050478                armBitRevIndexTable128
 .rodata.twiddleCoef_4096
                0x10050618     0x8000 ../../../../../COMMON/LIB/LPCXPRESSO/CMSIS_DSP_4_5_0/-O3 HARD\libCMSIS_DSP_4_5_0_O3_HARD.a(arm_common_tables.o)
                0x10050618                twiddleCoef_4096
 .rodata.twiddleCoef_128_q31
                0x10058618      0x300 ../../../../../COMMON/LIB/LPCXPRESSO/CMSIS_DSP_4_5_0/-O3 HARD\libCMSIS_DSP_4_5_0_O3_HARD.a(arm_common_tables.o)
                0x10058618                twiddleCoef_128_q31
 .rodata.arm_cfft_sR_q15_len1024
                0x10058918       0x10 ../../../../../COMMON/LIB/LPCXPRESSO/CMSIS_DSP_4_5_0/-O3 HARD\libCMSIS_DSP_4_5_0_O3_HARD.a(arm_const_structs.o)
                0x10058918                arm_cfft_sR_q15_len1024
 .rodata.arm_cfft_sR_q31_len512
                0x10058928       0x10 ../../../../../COMMON/LIB/LPCXPRESSO/CMSIS_DSP_4_5_0/-O3 HARD\libCMSIS_DSP_4_5_0_O3_HARD.a(arm_const_structs.o)
                0x10058928                arm_cfft_sR_q31_len512
 .rodata.arm_cfft_sR_q15_len16
                0x10058938       0x10 ../../../../../COMMON/LIB/LPCXPRESSO/CMSIS_DSP_4_5_0/-O3 HARD\libCMSIS_DSP_4_5_0_O3_HARD.a(arm_const_structs.o)
                0x10058938                arm_cfft_sR_q15_len16
 .rodata.arm_cfft_sR_f32_len256
                0x10058948       0x10 ../../../../../COMMON/LIB/LPCXPRESSO/CMSIS_DSP_4_5_0/-O3 HARD\libCMSIS_DSP_4_5_0_O3_HARD.a(arm_const_structs.o)
                0x10058948                arm_cfft_sR_f32_len256
 .rodata.arm_cfft_sR_f32_len2048
                0x10058958       0x10 ../../../../../COMMON/LIB/LPCXPRESSO/CMSIS_DSP_4_5_0/-O3 HARD\libCMSIS_DSP_4_5_0_O3_HARD.a(arm_const_structs.o)
                0x10058958                arm_cfft_sR_f32_len2048
 .rodata.arm_cfft_sR_q31_len4096
                0x10058968       0x10 ../../../../../COMMON/LIB/LPCXPRESSO/CMSIS_DSP_4_5_0/-O3 HARD\libCMSIS_DSP_4_5_0_O3_HARD.a(arm_const_structs.o)
                0x10058968                arm_cfft_sR_q31_len4096
 .rodata.arm_cfft_sR_q15_len32
                0x10058978       0x10 ../../../../../COMMON/LIB/LPCXPRESSO/CMSIS_DSP_4_5_0/-O3 HARD\libCMSIS_DSP_4_5_0_O3_HARD.a(arm_const_structs.o)
                0x10058978                arm_cfft_sR_q15_len32
 .rodata.arm_cfft_sR_f32_len16
                0x10058988       0x10 ../../../../../COMMON/LIB/LPCXPRESSO/CMSIS_DSP_4_5_0/-O3 HARD\libCMSIS_DSP_4_5_0_O3_HARD.a(arm_const_structs.o)
                0x10058988                arm_cfft_sR_f32_len16
 .rodata.arm_cfft_sR_q15_len4096
                0x10058998       0x10 ../../../../../COMMON/LIB/LPCXPRESSO/CMSIS_DSP_4_5_0/-O3 HARD\libCMSIS_DSP_4_5_0_O3_HARD.a(arm_const_structs.o)
                0x10058998                arm_cfft_sR_q15_len4096
 .rodata.arm_cfft_sR_q15_len512
                0x100589a8       0x10 ../../../../../COMMON/LIB/LPCXPRESSO/CMSIS_DSP_4_5_0/-O3 HARD\libCMSIS_DSP_4_5_0_O3_HARD.a(arm_const_structs.o)
                0x100589a8                arm_cfft_sR_q15_len512
 .rodata.arm_cfft_sR_f32_len32
                0x100589b8       0x10 ../../../../../COMMON/LIB/LPCXPRESSO/CMSIS_DSP_4_5_0/-O3 HARD\libCMSIS_DSP_4_5_0_O3_HARD.a(arm_const_structs.o)
                0x100589b8                arm_cfft_sR_f32_len32
 .rodata.arm_cfft_sR_f32_len64
                0x100589c8       0x10 ../../../../../COMMON/LIB/LPCXPRESSO/CMSIS_DSP_4_5_0/-O3 HARD\libCMSIS_DSP_4_5_0_O3_HARD.a(arm_const_structs.o)
                0x100589c8                arm_cfft_sR_f32_len64
 .rodata.arm_cfft_sR_q31_len16
                0x100589d8       0x10 ../../../../../COMMON/LIB/LPCXPRESSO/CMSIS_DSP_4_5_0/-O3 HARD\libCMSIS_DSP_4_5_0_O3_HARD.a(arm_const_structs.o)
                0x100589d8                arm_cfft_sR_q31_len16
 .rodata.arm_cfft_sR_f32_len1024
                0x100589e8       0x10 ../../../../../COMMON/LIB/LPCXPRESSO/CMSIS_DSP_4_5_0/-O3 HARD\libCMSIS_DSP_4_5_0_O3_HARD.a(arm_const_structs.o)
                0x100589e8                arm_cfft_sR_f32_len1024
 .rodata.arm_cfft_sR_q15_len64
                0x100589f8       0x10 ../../../../../COMMON/LIB/LPCXPRESSO/CMSIS_DSP_4_5_0/-O3 HARD\libCMSIS_DSP_4_5_0_O3_HARD.a(arm_const_structs.o)
                0x100589f8                arm_cfft_sR_q15_len64
 .rodata.arm_cfft_sR_q15_len256
                0x10058a08       0x10 ../../../../../COMMON/LIB/LPCXPRESSO/CMSIS_DSP_4_5_0/-O3 HARD\libCMSIS_DSP_4_5_0_O3_HARD.a(arm_const_structs.o)
                0x10058a08                arm_cfft_sR_q15_len256
 .rodata.arm_cfft_sR_q31_len32
                0x10058a18       0x10 ../../../../../COMMON/LIB/LPCXPRESSO/CMSIS_DSP_4_5_0/-O3 HARD\libCMSIS_DSP_4_5_0_O3_HARD.a(arm_const_structs.o)
                0x10058a18                arm_cfft_sR_q31_len32
 .rodata.arm_cfft_sR_q31_len2048
                0x10058a28       0x10 ../../../../../COMMON/LIB/LPCXPRESSO/CMSIS_DSP_4_5_0/-O3 HARD\libCMSIS_DSP_4_5_0_O3_HARD.a(arm_const_structs.o)
                0x10058a28                arm_cfft_sR_q31_len2048
 .rodata.arm_cfft_sR_q15_len128
                0x10058a38       0x10 ../../../../../COMMON/LIB/LPCXPRESSO/CMSIS_DSP_4_5_0/-O3 HARD\libCMSIS_DSP_4_5_0_O3_HARD.a(arm_const_structs.o)
                0x10058a38                arm_cfft_sR_q15_len128
 .rodata.arm_cfft_sR_q31_len256
                0x10058a48       0x10 ../../../../../COMMON/LIB/LPCXPRESSO/CMSIS_DSP_4_5_0/-O3 HARD\libCMSIS_DSP_4_5_0_O3_HARD.a(arm_const_structs.o)
                0x10058a48                arm_cfft_sR_q31_len256
 .rodata.arm_cfft_sR_q15_len2048
                0x10058a58       0x10 ../../../../../COMMON/LIB/LPCXPRESSO/CMSIS_DSP_4_5_0/-O3 HARD\libCMSIS_DSP_4_5_0_O3_HARD.a(arm_const_structs.o)
                0x10058a58                arm_cfft_sR_q15_len2048
 .rodata.arm_cfft_sR_f32_len128
                0x10058a68       0x10 ../../../../../COMMON/LIB/LPCXPRESSO/CMSIS_DSP_4_5_0/-O3 HARD\libCMSIS_DSP_4_5_0_O3_HARD.a(arm_const_structs.o)
                0x10058a68                arm_cfft_sR_f32_len128
 .rodata.arm_cfft_sR_f32_len512
                0x10058a78       0x10 ../../../../../COMMON/LIB/LPCXPRESSO/CMSIS_DSP_4_5_0/-O3 HARD\libCMSIS_DSP_4_5_0_O3_HARD.a(arm_const_structs.o)
                0x10058a78                arm_cfft_sR_f32_len512
 .rodata.arm_cfft_sR_q31_len1024
                0x10058a88       0x10 ../../../../../COMMON/LIB/LPCXPRESSO/CMSIS_DSP_4_5_0/-O3 HARD\libCMSIS_DSP_4_5_0_O3_HARD.a(arm_const_structs.o)
                0x10058a88                arm_cfft_sR_q31_len1024
 .rodata.arm_cfft_sR_f32_len4096
                0x10058a98       0x10 ../../../../../COMMON/LIB/LPCXPRESSO/CMSIS_DSP_4_5_0/-O3 HARD\libCMSIS_DSP_4_5_0_O3_HARD.a(arm_const_structs.o)
                0x10058a98                arm_cfft_sR_f32_len4096
 .rodata.arm_cfft_sR_q31_len128
                0x10058aa8       0x10 ../../../../../COMMON/LIB/LPCXPRESSO/CMSIS_DSP_4_5_0/-O3 HARD\libCMSIS_DSP_4_5_0_O3_HARD.a(arm_const_structs.o)
                0x10058aa8                arm_cfft_sR_q31_len128
 .rodata.arm_cfft_sR_q31_len64
                0x10058ab8       0x10 ../../../../../COMMON/LIB/LPCXPRESSO/CMSIS_DSP_4_5_0/-O3 HARD\libCMSIS_DSP_4_5_0_O3_HARD.a(arm_const_structs.o)
                0x10058ab8                arm_cfft_sR_q31_len64
 .rodata.str1.4
                0x10058ac8        0x6 c:/freescale/kds_v3/toolchain/bin/../lib/gcc/arm-none-eabi/4.8.4/../../../../arm-none-eabi/lib/armv7e-m/fpu\libm.a(lib_a-wf_sqrt.o)
                                  0x8 (size before relaxing)
 .rodata.str1.1
                0x10058ace        0x2 c:/freescale/kds_v3/toolchain/bin/../lib/gcc/arm-none-eabi/4.8.4/../../../../arm-none-eabi/lib/armv7e-m/fpu\libg_s.a(lib_a-impure.o)
 .rodata._global_impure_ptr
                0x10058ad0        0x4 c:/freescale/kds_v3/toolchain/bin/../lib/gcc/arm-none-eabi/4.8.4/../../../../arm-none-eabi/lib/armv7e-m/fpu\libg_s.a(lib_a-impure.o)
                0x10058ad0                _global_impure_ptr
 *(.glue_7)
 .glue_7        0x00000000        0x0 linker stubs
 *(.glue_7t)
 .glue_7t       0x00000000        0x0 linker stubs
 *(.eh_frame)
 .eh_frame      0x10058ad4        0x0 c:/freescale/kds_v3/toolchain/bin/../lib/gcc/arm-none-eabi/4.8.4/armv7e-m/fpu/crtbegin.o
 *(.init)
 .init          0x10058ad4        0x4 c:/freescale/kds_v3/toolchain/bin/../lib/gcc/arm-none-eabi/4.8.4/armv7e-m/fpu/crti.o
                0x10058ad4                _init
 .init          0x10058ad8        0x8 c:/freescale/kds_v3/toolchain/bin/../lib/gcc/arm-none-eabi/4.8.4/armv7e-m/fpu/crtn.o
 *(.fini)
 .fini          0x10058ae0        0x4 c:/freescale/kds_v3/toolchain/bin/../lib/gcc/arm-none-eabi/4.8.4/armv7e-m/fpu/crti.o
                0x10058ae0                _fini
 .fini          0x10058ae4        0x8 c:/freescale/kds_v3/toolchain/bin/../lib/gcc/arm-none-eabi/4.8.4/armv7e-m/fpu/crtn.o
 *fill*         0x10058aec        0x4 
 .fini.__stub   0x10058af0       0x10 linker stubs
                0x10058b00                . = ALIGN (0x4)

.vfp11_veneer   0x10058b00        0x0
 .vfp11_veneer  0x00000000        0x0 linker stubs

.v4_bx          0x10058b00        0x0
 .v4_bx         0x00000000        0x0 linker stubs

.iplt           0x10058b00        0x0
 .iplt          0x00000000        0x0 c:/freescale/kds_v3/toolchain/bin/../lib/gcc/arm-none-eabi/4.8.4/armv7e-m/fpu/crtbegin.o

.ARM.extab
 *(.ARM.extab* .gnu.linkonce.armextab.*)

.ARM            0x10058b00        0x8
                0x10058b00                __exidx_start = .
 *(.ARM.exidx*)
 .ARM.exidx     0x10058b00        0x8 c:/freescale/kds_v3/toolchain/bin/../lib/gcc/arm-none-eabi/4.8.4/../../../../arm-none-eabi/lib/armv7e-m/fpu/crt0.o
                0x10058b08                __exidx_end = .

.ctors          0x10058b08        0x0
                0x10058b08                __CTOR_LIST__ = .
 *crtbegin.o(.ctors)
 *crtbegin?.o(.ctors)
 *(EXCLUDE_FILE(*crtend.o *crtend?.o) .ctors)
 *(SORT(.ctors.*))
 *(.ctors)
                0x10058b08                __CTOR_END__ = .

.dtors          0x10058b08        0x0
                0x10058b08                __DTOR_LIST__ = .
 *crtbegin.o(.dtors)
 *crtbegin?.o(.dtors)
 *(EXCLUDE_FILE(*crtend.o *crtend?.o) .dtors)
 *(SORT(.dtors.*))
 *(.dtors)
                0x10058b08                __DTOR_END__ = .

.preinit_array  0x10058b08        0x0
                0x10058b08                PROVIDE (__preinit_array_start, .)
 *(.preinit_array*)
                0x10058b08                PROVIDE (__preinit_array_end, .)

.init_array     0x10058b08        0x4
                0x10058b08                PROVIDE (__init_array_start, .)
 *(SORT(.init_array.*))
 *(.init_array*)
 .init_array    0x10058b08        0x4 c:/freescale/kds_v3/toolchain/bin/../lib/gcc/arm-none-eabi/4.8.4/armv7e-m/fpu/crtbegin.o
                0x10058b0c                PROVIDE (__init_array_end, .)

.fini_array     0x10058b0c        0x4
                0x10058b0c                PROVIDE (__fini_array_start, .)
 *(SORT(.fini_array.*))
 *(.fini_array*)
 .fini_array    0x10058b0c        0x4 c:/freescale/kds_v3/toolchain/bin/../lib/gcc/arm-none-eabi/4.8.4/armv7e-m/fpu/crtbegin.o
                0x10058b10                PROVIDE (__fini_array_end, .)
                0x10058b10                __etext = .
                0x10058b10                __DATA_ROM = .

.interrupts_ram
                0x20000000        0x0
                0x20000000                . = ALIGN (0x4)
                0x20000000                __VECTOR_RAM__ = .
                0x20000000                __interrupts_ram_start__ = .
 *(.m_interrupts_ram)
                0x20000000                . = (. + M_VECTOR_RAM_SIZE)
                0x20000000                . = ALIGN (0x4)
                0x20000000                __interrupts_ram_end__ = .
                0x10000000                __VECTOR_RAM = DEFINED (__ram_vector_table__)?__VECTOR_RAM__:ORIGIN (m_interrupts)
                0x00000000                __RAM_VECTOR_TABLE_SIZE_BYTES = DEFINED (__ram_vector_table__)?(__interrupts_ram_end__ - __interrupts_ram_start__):0x0

.data           0x20000000       0xa4 load address 0x10058b10
                0x20000000                . = ALIGN (0x4)
                0x20000000                __DATA_RAM = .
                0x20000000                __data_start__ = .
 *(.data)
 *(.data*)
 .data.IIR_Coef_q15.4568
                0x20000000        0xc C:\Users\ehughes\AppData\Local\Temp\cckuhkCg.ltrans0.ltrans.o
 .data.IIR_Coef_q31.4557
                0x2000000c       0x14 C:\Users\ehughes\AppData\Local\Temp\cckuhkCg.ltrans0.ltrans.o
 .data.IIR_Coef_f32
                0x20000020       0x14 C:\Users\ehughes\AppData\Local\Temp\cckuhkCg.ltrans0.ltrans.o
 .data.SystemCoreClock
                0x20000034        0x4 C:\Users\ehughes\AppData\Local\Temp\cckuhkCg.ltrans0.ltrans.o
 .data.__fdlib_version
                0x20000038        0x1 c:/freescale/kds_v3/toolchain/bin/../lib/gcc/arm-none-eabi/4.8.4/../../../../arm-none-eabi/lib/armv7e-m/fpu\libm.a(lib_a-s_lib_ver.o)
                0x20000038                __fdlib_version
 *fill*         0x20000039        0x3 
 .data.impure_data
                0x2000003c       0x60 c:/freescale/kds_v3/toolchain/bin/../lib/gcc/arm-none-eabi/4.8.4/../../../../arm-none-eabi/lib/armv7e-m/fpu\libg_s.a(lib_a-impure.o)
 .data._impure_ptr
                0x2000009c        0x4 c:/freescale/kds_v3/toolchain/bin/../lib/gcc/arm-none-eabi/4.8.4/../../../../arm-none-eabi/lib/armv7e-m/fpu\libg_s.a(lib_a-impure.o)
                0x2000009c                _impure_ptr
 *(.jcr*)
 .jcr           0x200000a0        0x0 c:/freescale/kds_v3/toolchain/bin/../lib/gcc/arm-none-eabi/4.8.4/armv7e-m/fpu/crtbegin.o
 .jcr           0x200000a0        0x4 c:/freescale/kds_v3/toolchain/bin/../lib/gcc/arm-none-eabi/4.8.4/armv7e-m/fpu/crtend.o
                0x200000a4                . = ALIGN (0x4)
                0x200000a4                __data_end__ = .

.igot.plt       0x200000a4        0x0 load address 0x10058bb4
 .igot.plt      0x00000000        0x0 c:/freescale/kds_v3/toolchain/bin/../lib/gcc/arm-none-eabi/4.8.4/armv7e-m/fpu/crtbegin.o

.itcm           0x00000000       0x74 load address 0x10058bb4
                0x00000000                __itcm_start__ = .
                0x00000000                . = ALIGN (0x4)
                0x00000000                _itcmSection = .
 *(.itcm)
 .itcm          0x00000000       0x74 C:\Users\ehughes\AppData\Local\Temp\cckuhkCg.ltrans4.ltrans.o
                0x00000000                ProcessGoertzel_f32_Power.constprop.5
                0x00000074                . = ALIGN (0x4)
                0x00000074                __itcm_end__ = .
                0x10058bb4                __DATA_END = (__DATA_ROM + (__data_end__ - __data_start__))
                0x10058c28                __DATA_END2 = (__DATA_END + (__itcm_end__ - __itcm_start__))
                0x10100000                text_end = (ORIGIN (m_text) + 0xffbf0)
                0x00000001                ASSERT ((__DATA_END2 <= text_end), region m_text overflowed with text and data)

.rel.dyn        0x00000074        0x0 load address 0x10058c28
 .rel.iplt      0x00000000        0x0 c:/freescale/kds_v3/toolchain/bin/../lib/gcc/arm-none-eabi/4.8.4/armv7e-m/fpu/crtbegin.o

.bss            0x200000a8    0x123dc load address 0x10058bb8
                0x200000a8                . = ALIGN (0x4)
                0x200000a8                __START_BSS = .
                0x200000a8                __bss_start__ = .
 *(.bss)
 .bss           0x200000a8       0x1c c:/freescale/kds_v3/toolchain/bin/../lib/gcc/arm-none-eabi/4.8.4/armv7e-m/fpu/crtbegin.o
 *(.bss*)
 .bss.FIR_Coef_q15.4514
                0x200000c4       0x40 C:\Users\ehughes\AppData\Local\Temp\cckuhkCg.ltrans0.ltrans.o
 .bss.g_xtal0Freq.4505
                0x20000104        0x4 C:\Users\ehughes\AppData\Local\Temp\cckuhkCg.ltrans0.ltrans.o
 .bss.FIR_Inst.4538
                0x20000108        0xc C:\Users\ehughes\AppData\Local\Temp\cckuhkCg.ltrans0.ltrans.o
 .bss.FIR_State.4543
                0x20000114     0x2084 C:\Users\ehughes\AppData\Local\Temp\cckuhkCg.ltrans0.ltrans.o
 .bss.FIR_Coef_q31.4513
                0x20002198       0x80 C:\Users\ehughes\AppData\Local\Temp\cckuhkCg.ltrans0.ltrans.o
 .bss.E_IIR.4507
                0x20002218       0x50 C:\Users\ehughes\AppData\Local\Temp\cckuhkCg.ltrans0.ltrans.o
 .bss.G         0x20002268       0x10 C:\Users\ehughes\AppData\Local\Temp\cckuhkCg.ltrans0.ltrans.o
                0x20002268                G
 .bss.IIR_State_q15.4569
                0x20002278        0x8 C:\Users\ehughes\AppData\Local\Temp\cckuhkCg.ltrans0.ltrans.o
 .bss.PID_Inst.4506
                0x20002280       0x24 C:\Users\ehughes\AppData\Local\Temp\cckuhkCg.ltrans0.ltrans.o
 *fill*         0x200022a4        0x4 
 .bss.IIR_State_q63.4559
                0x200022a8       0x20 C:\Users\ehughes\AppData\Local\Temp\cckuhkCg.ltrans0.ltrans.o
 .bss.FFT_Inst.4524
                0x200022c8       0x18 C:\Users\ehughes\AppData\Local\Temp\cckuhkCg.ltrans0.ltrans.o
 .bss.FIR_Coef_f32.4512
                0x200022e0       0x80 C:\Users\ehughes\AppData\Local\Temp\cckuhkCg.ltrans0.ltrans.o
 .bss.E_IIRf.4509
                0x20002360       0x3c C:\Users\ehughes\AppData\Local\Temp\cckuhkCg.ltrans0.ltrans.o
 .bss.s_debugConsole.4152
                0x2000239c       0x10 C:\Users\ehughes\AppData\Local\Temp\cckuhkCg.ltrans0.ltrans.o
                0x2000239c                s_debugConsole.4152
 .bss.IIR_State_q31.4558
                0x200023ac       0x10 C:\Users\ehughes\AppData\Local\Temp\cckuhkCg.ltrans0.ltrans.o
 .bss.InputData
                0x200023bc     0x8000 C:\Users\ehughes\AppData\Local\Temp\cckuhkCg.ltrans0.ltrans.o
                0x200023bc                InputData
 .bss.IIR_State_f32.4537
                0x2000a3bc       0x10 C:\Users\ehughes\AppData\Local\Temp\cckuhkCg.ltrans0.ltrans.o
 .bss.IIR_Inst.4529
                0x2000a3cc       0x10 C:\Users\ehughes\AppData\Local\Temp\cckuhkCg.ltrans0.ltrans.o
 .bss.OutputData.4508
                0x2000a3dc     0x8000 C:\Users\ehughes\AppData\Local\Temp\cckuhkCg.ltrans0.ltrans.o
 .bss.s_enetErrIsr.7857.4400
                0x200123dc        0x4 C:\Users\ehughes\AppData\Local\Temp\cckuhkCg.ltrans3.ltrans.o
 .bss.s_uartIsr.11522.4245
                0x200123e0        0x4 C:\Users\ehughes\AppData\Local\Temp\cckuhkCg.ltrans3.ltrans.o
 .bss.s_enetTxIsr.7854.4544
                0x200123e4        0x4 C:\Users\ehughes\AppData\Local\Temp\cckuhkCg.ltrans3.ltrans.o
 .bss.s_EDMAHandle.7425
                0x200123e8       0x80 C:\Users\ehughes\AppData\Local\Temp\cckuhkCg.ltrans3.ltrans.o
                0x200123e8                s_EDMAHandle.7425
 .bss.s_i2cMasterIsr.9822.4318
                0x20012468        0x4 C:\Users\ehughes\AppData\Local\Temp\cckuhkCg.ltrans3.ltrans.o
 .bss.s_i2cSlaveIsr.9824.4320
                0x2001246c        0x4 C:\Users\ehughes\AppData\Local\Temp\cckuhkCg.ltrans3.ltrans.o
 .bss.s_enetRxIsr.7856.4543
                0x20012470        0x4 C:\Users\ehughes\AppData\Local\Temp\cckuhkCg.ltrans3.ltrans.o
 .bss.heap_end.4969.4290.4176
                0x20012474        0x4 C:\Users\ehughes\AppData\Local\Temp\cckuhkCg.ltrans4.ltrans.o
 .bss.__malloc_sbrk_start
                0x20012478        0x4 c:/freescale/kds_v3/toolchain/bin/../lib/gcc/arm-none-eabi/4.8.4/../../../../arm-none-eabi/lib/armv7e-m/fpu\libg_s.a(lib_a-nano-mallocr.o)
                0x20012478                __malloc_sbrk_start
 .bss.__malloc_free_list
                0x2001247c        0x4 c:/freescale/kds_v3/toolchain/bin/../lib/gcc/arm-none-eabi/4.8.4/../../../../arm-none-eabi/lib/armv7e-m/fpu\libg_s.a(lib_a-nano-mallocr.o)
                0x2001247c                __malloc_free_list
 *(COMMON)
 COMMON         0x20012480        0x4 c:/freescale/kds_v3/toolchain/bin/../lib/gcc/arm-none-eabi/4.8.4/../../../../arm-none-eabi/lib/armv7e-m/fpu\libg_s.a(lib_a-reent.o)
                0x20012480                errno
                0x20012484                . = ALIGN (0x4)
                0x20012484                __bss_end__ = .
                0x20012484                __END_BSS = .

.heap           0x2f000000      0x400
                0x2f000000                . = ALIGN (0x8)
                0x2f000000                __end__ = .
                0x2f000000                PROVIDE (end, .)
                0x2f000000                __HeapBase = .
                0x2f000400                . = (. + HEAP_SIZE)
 *fill*         0x2f000000      0x400 
                0x2f000400                __HeapLimit = .
                0x2f000400                __heap_limit = .

.stack          0x2f000400      0x400
                0x2f000400                . = ALIGN (0x8)
                0x2f000800                . = (. + STACK_SIZE)
 *fill*         0x2f000400      0x400 
                0x2f010000                __StackTop = (ORIGIN (m_data_2) + 0x10000)
                0x2f00fc00                __StackLimit = (__StackTop - STACK_SIZE)
                0x2f010000                PROVIDE (__stack, __StackTop)

.ARM.attributes
                0x00000000       0x30
 *(.ARM.attributes)
 .ARM.attributes
                0x00000000       0x22 c:/freescale/kds_v3/toolchain/bin/../lib/gcc/arm-none-eabi/4.8.4/armv7e-m/fpu/crti.o
 .ARM.attributes
                0x00000022       0x34 c:/freescale/kds_v3/toolchain/bin/../lib/gcc/arm-none-eabi/4.8.4/armv7e-m/fpu/crtbegin.o
 .ARM.attributes
                0x00000056       0x20 c:/freescale/kds_v3/toolchain/bin/../lib/gcc/arm-none-eabi/4.8.4/../../../../arm-none-eabi/lib/armv7e-m/fpu/crt0.o
 .ARM.attributes
                0x00000076       0x37 C:\Users\ehughes\AppData\Local\Temp\cckuhkCg.ltrans0.ltrans.o
 .ARM.attributes
                0x000000ad       0x37 C:\Users\ehughes\AppData\Local\Temp\cckuhkCg.ltrans1.ltrans.o
 .ARM.attributes
                0x000000e4       0x37 C:\Users\ehughes\AppData\Local\Temp\cckuhkCg.ltrans2.ltrans.o
 .ARM.attributes
                0x0000011b       0x37 C:\Users\ehughes\AppData\Local\Temp\cckuhkCg.ltrans3.ltrans.o
 .ARM.attributes
                0x00000152       0x37 C:\Users\ehughes\AppData\Local\Temp\cckuhkCg.ltrans4.ltrans.o
 .ARM.attributes
                0x00000189       0x37 C:\Users\ehughes\AppData\Local\Temp\cckuhkCg.ltrans5.ltrans.o
 .ARM.attributes
                0x000001c0       0x34 c:/freescale/kds_v3/toolchain/bin/../lib/gcc/arm-none-eabi/4.8.4/../../../../arm-none-eabi/lib/armv7e-m/fpu\libg_s.a(lib_a-strlen.o)
 .ARM.attributes
                0x000001f4       0x1f ./startup/startup_MKV58F24.o
 .ARM.attributes
                0x00000213       0x39 ../../../../../COMMON/LIB/LPCXPRESSO/CMSIS_DSP_4_5_0/-O3 HARD\libCMSIS_DSP_4_5_0_O3_HARD.a(arm_cfft_f32.o)
 .ARM.attributes
                0x0000024c       0x39 ../../../../../COMMON/LIB/LPCXPRESSO/CMSIS_DSP_4_5_0/-O3 HARD\libCMSIS_DSP_4_5_0_O3_HARD.a(arm_cfft_q15.o)
 .ARM.attributes
                0x00000285       0x39 ../../../../../COMMON/LIB/LPCXPRESSO/CMSIS_DSP_4_5_0/-O3 HARD\libCMSIS_DSP_4_5_0_O3_HARD.a(arm_cfft_q31.o)
 .ARM.attributes
                0x000002be       0x39 ../../../../../COMMON/LIB/LPCXPRESSO/CMSIS_DSP_4_5_0/-O3 HARD\libCMSIS_DSP_4_5_0_O3_HARD.a(arm_cfft_radix4_q15.o)
 .ARM.attributes
                0x000002f7       0x39 ../../../../../COMMON/LIB/LPCXPRESSO/CMSIS_DSP_4_5_0/-O3 HARD\libCMSIS_DSP_4_5_0_O3_HARD.a(arm_cfft_radix4_q31.o)
 .ARM.attributes
                0x00000330       0x39 ../../../../../COMMON/LIB/LPCXPRESSO/CMSIS_DSP_4_5_0/-O3 HARD\libCMSIS_DSP_4_5_0_O3_HARD.a(arm_cfft_radix8_f32.o)
 .ARM.attributes
                0x00000369       0x39 ../../../../../COMMON/LIB/LPCXPRESSO/CMSIS_DSP_4_5_0/-O3 HARD\libCMSIS_DSP_4_5_0_O3_HARD.a(arm_rfft_fast_f32.o)
 .ARM.attributes
                0x000003a2       0x39 ../../../../../COMMON/LIB/LPCXPRESSO/CMSIS_DSP_4_5_0/-O3 HARD\libCMSIS_DSP_4_5_0_O3_HARD.a(arm_rfft_fast_init_f32.o)
 .ARM.attributes
                0x000003db       0x39 ../../../../../COMMON/LIB/LPCXPRESSO/CMSIS_DSP_4_5_0/-O3 HARD\libCMSIS_DSP_4_5_0_O3_HARD.a(arm_rfft_init_q15.o)
 .ARM.attributes
                0x00000414       0x39 ../../../../../COMMON/LIB/LPCXPRESSO/CMSIS_DSP_4_5_0/-O3 HARD\libCMSIS_DSP_4_5_0_O3_HARD.a(arm_rfft_init_q31.o)
 .ARM.attributes
                0x0000044d       0x39 ../../../../../COMMON/LIB/LPCXPRESSO/CMSIS_DSP_4_5_0/-O3 HARD\libCMSIS_DSP_4_5_0_O3_HARD.a(arm_rfft_q15.o)
 .ARM.attributes
                0x00000486       0x39 ../../../../../COMMON/LIB/LPCXPRESSO/CMSIS_DSP_4_5_0/-O3 HARD\libCMSIS_DSP_4_5_0_O3_HARD.a(arm_rfft_q31.o)
 .ARM.attributes
                0x000004bf       0x39 ../../../../../COMMON/LIB/LPCXPRESSO/CMSIS_DSP_4_5_0/-O3 HARD\libCMSIS_DSP_4_5_0_O3_HARD.a(arm_biquad_cascade_df1_32x64_init_q31.o)
 .ARM.attributes
                0x000004f8       0x39 ../../../../../COMMON/LIB/LPCXPRESSO/CMSIS_DSP_4_5_0/-O3 HARD\libCMSIS_DSP_4_5_0_O3_HARD.a(arm_biquad_cascade_df1_32x64_q31.o)
 .ARM.attributes
                0x00000531       0x39 ../../../../../COMMON/LIB/LPCXPRESSO/CMSIS_DSP_4_5_0/-O3 HARD\libCMSIS_DSP_4_5_0_O3_HARD.a(arm_biquad_cascade_df1_f32.o)
 .ARM.attributes
                0x0000056a       0x39 ../../../../../COMMON/LIB/LPCXPRESSO/CMSIS_DSP_4_5_0/-O3 HARD\libCMSIS_DSP_4_5_0_O3_HARD.a(arm_biquad_cascade_df1_fast_q15.o)
 .ARM.attributes
                0x000005a3       0x39 ../../../../../COMMON/LIB/LPCXPRESSO/CMSIS_DSP_4_5_0/-O3 HARD\libCMSIS_DSP_4_5_0_O3_HARD.a(arm_biquad_cascade_df1_fast_q31.o)
 .ARM.attributes
                0x000005dc       0x39 ../../../../../COMMON/LIB/LPCXPRESSO/CMSIS_DSP_4_5_0/-O3 HARD\libCMSIS_DSP_4_5_0_O3_HARD.a(arm_biquad_cascade_df1_init_f32.o)
 .ARM.attributes
                0x00000615       0x39 ../../../../../COMMON/LIB/LPCXPRESSO/CMSIS_DSP_4_5_0/-O3 HARD\libCMSIS_DSP_4_5_0_O3_HARD.a(arm_biquad_cascade_df1_init_q15.o)
 .ARM.attributes
                0x0000064e       0x39 ../../../../../COMMON/LIB/LPCXPRESSO/CMSIS_DSP_4_5_0/-O3 HARD\libCMSIS_DSP_4_5_0_O3_HARD.a(arm_biquad_cascade_df1_init_q31.o)
 .ARM.attributes
                0x00000687       0x39 ../../../../../COMMON/LIB/LPCXPRESSO/CMSIS_DSP_4_5_0/-O3 HARD\libCMSIS_DSP_4_5_0_O3_HARD.a(arm_biquad_cascade_df1_q15.o)
 .ARM.attributes
                0x000006c0       0x39 ../../../../../COMMON/LIB/LPCXPRESSO/CMSIS_DSP_4_5_0/-O3 HARD\libCMSIS_DSP_4_5_0_O3_HARD.a(arm_biquad_cascade_df1_q31.o)
 .ARM.attributes
                0x000006f9       0x39 ../../../../../COMMON/LIB/LPCXPRESSO/CMSIS_DSP_4_5_0/-O3 HARD\libCMSIS_DSP_4_5_0_O3_HARD.a(arm_biquad_cascade_df2T_f32.o)
 .ARM.attributes
                0x00000732       0x39 ../../../../../COMMON/LIB/LPCXPRESSO/CMSIS_DSP_4_5_0/-O3 HARD\libCMSIS_DSP_4_5_0_O3_HARD.a(arm_biquad_cascade_df2T_init_f32.o)
 .ARM.attributes
                0x0000076b       0x39 ../../../../../COMMON/LIB/LPCXPRESSO/CMSIS_DSP_4_5_0/-O3 HARD\libCMSIS_DSP_4_5_0_O3_HARD.a(arm_fir_f32.o)
 .ARM.attributes
                0x000007a4       0x39 ../../../../../COMMON/LIB/LPCXPRESSO/CMSIS_DSP_4_5_0/-O3 HARD\libCMSIS_DSP_4_5_0_O3_HARD.a(arm_fir_init_f32.o)
 .ARM.attributes
                0x000007dd       0x39 ../../../../../COMMON/LIB/LPCXPRESSO/CMSIS_DSP_4_5_0/-O3 HARD\libCMSIS_DSP_4_5_0_O3_HARD.a(arm_fir_init_q15.o)
 .ARM.attributes
                0x00000816       0x39 ../../../../../COMMON/LIB/LPCXPRESSO/CMSIS_DSP_4_5_0/-O3 HARD\libCMSIS_DSP_4_5_0_O3_HARD.a(arm_fir_init_q31.o)
 .ARM.attributes
                0x0000084f       0x39 ../../../../../COMMON/LIB/LPCXPRESSO/CMSIS_DSP_4_5_0/-O3 HARD\libCMSIS_DSP_4_5_0_O3_HARD.a(arm_fir_q15.o)
 .ARM.attributes
                0x00000888       0x39 ../../../../../COMMON/LIB/LPCXPRESSO/CMSIS_DSP_4_5_0/-O3 HARD\libCMSIS_DSP_4_5_0_O3_HARD.a(arm_fir_q31.o)
 .ARM.attributes
                0x000008c1       0x39 ../../../../../COMMON/LIB/LPCXPRESSO/CMSIS_DSP_4_5_0/-O3 HARD\libCMSIS_DSP_4_5_0_O3_HARD.a(arm_pid_init_f32.o)
 .ARM.attributes
                0x000008fa       0x39 ../../../../../COMMON/LIB/LPCXPRESSO/CMSIS_DSP_4_5_0/-O3 HARD\libCMSIS_DSP_4_5_0_O3_HARD.a(arm_pid_init_q15.o)
 .ARM.attributes
                0x00000933       0x39 ../../../../../COMMON/LIB/LPCXPRESSO/CMSIS_DSP_4_5_0/-O3 HARD\libCMSIS_DSP_4_5_0_O3_HARD.a(arm_pid_init_q31.o)
 .ARM.attributes
                0x0000096c       0x39 ../../../../../COMMON/LIB/LPCXPRESSO/CMSIS_DSP_4_5_0/-O3 HARD\libCMSIS_DSP_4_5_0_O3_HARD.a(arm_cmplx_mag_f32.o)
 .ARM.attributes
                0x000009a5       0x39 ../../../../../COMMON/LIB/LPCXPRESSO/CMSIS_DSP_4_5_0/-O3 HARD\libCMSIS_DSP_4_5_0_O3_HARD.a(arm_cmplx_mag_q15.o)
 .ARM.attributes
                0x000009de       0x39 ../../../../../COMMON/LIB/LPCXPRESSO/CMSIS_DSP_4_5_0/-O3 HARD\libCMSIS_DSP_4_5_0_O3_HARD.a(arm_cmplx_mag_q31.o)
 .ARM.attributes
                0x00000a17       0x39 ../../../../../COMMON/LIB/LPCXPRESSO/CMSIS_DSP_4_5_0/-O3 HARD\libCMSIS_DSP_4_5_0_O3_HARD.a(arm_cmplx_mag_squared_f32.o)
 .ARM.attributes
                0x00000a50       0x39 ../../../../../COMMON/LIB/LPCXPRESSO/CMSIS_DSP_4_5_0/-O3 HARD\libCMSIS_DSP_4_5_0_O3_HARD.a(arm_cmplx_mag_squared_q15.o)
 .ARM.attributes
                0x00000a89       0x39 ../../../../../COMMON/LIB/LPCXPRESSO/CMSIS_DSP_4_5_0/-O3 HARD\libCMSIS_DSP_4_5_0_O3_HARD.a(arm_cmplx_mag_squared_q31.o)
 .ARM.attributes
                0x00000ac2       0x39 ../../../../../COMMON/LIB/LPCXPRESSO/CMSIS_DSP_4_5_0/-O3 HARD\libCMSIS_DSP_4_5_0_O3_HARD.a(arm_common_tables.o)
 .ARM.attributes
                0x00000afb       0x39 ../../../../../COMMON/LIB/LPCXPRESSO/CMSIS_DSP_4_5_0/-O3 HARD\libCMSIS_DSP_4_5_0_O3_HARD.a(arm_const_structs.o)
 .ARM.attributes
                0x00000b34       0x25 ../../../../../COMMON/LIB/LPCXPRESSO/CMSIS_DSP_4_5_0/-O3 HARD\libCMSIS_DSP_4_5_0_O3_HARD.a(arm_bitreversal2.o)
 .ARM.attributes
                0x00000b59       0x39 ../../../../../COMMON/LIB/LPCXPRESSO/CMSIS_DSP_4_5_0/-O3 HARD\libCMSIS_DSP_4_5_0_O3_HARD.a(arm_sqrt_q15.o)
 .ARM.attributes
                0x00000b92       0x39 ../../../../../COMMON/LIB/LPCXPRESSO/CMSIS_DSP_4_5_0/-O3 HARD\libCMSIS_DSP_4_5_0_O3_HARD.a(arm_sqrt_q31.o)
 .ARM.attributes
                0x00000bcb       0x34 c:/freescale/kds_v3/toolchain/bin/../lib/gcc/arm-none-eabi/4.8.4/../../../../arm-none-eabi/lib/armv7e-m/fpu\libm.a(lib_a-wf_sqrt.o)
 .ARM.attributes
                0x00000bff       0x34 c:/freescale/kds_v3/toolchain/bin/../lib/gcc/arm-none-eabi/4.8.4/../../../../arm-none-eabi/lib/armv7e-m/fpu\libm.a(lib_a-ef_sqrt.o)
 .ARM.attributes
                0x00000c33       0x34 c:/freescale/kds_v3/toolchain/bin/../lib/gcc/arm-none-eabi/4.8.4/../../../../arm-none-eabi/lib/armv7e-m/fpu\libm.a(lib_a-s_lib_ver.o)
 .ARM.attributes
                0x00000c67       0x34 c:/freescale/kds_v3/toolchain/bin/../lib/gcc/arm-none-eabi/4.8.4/../../../../arm-none-eabi/lib/armv7e-m/fpu\libm.a(lib_a-s_matherr.o)
 .ARM.attributes
                0x00000c9b       0x34 c:/freescale/kds_v3/toolchain/bin/../lib/gcc/arm-none-eabi/4.8.4/../../../../arm-none-eabi/lib/armv7e-m/fpu\libm.a(lib_a-sf_fpclassify.o)
 .ARM.attributes
                0x00000ccf       0x22 c:/freescale/kds_v3/toolchain/bin/../lib/gcc/arm-none-eabi/4.8.4/armv7e-m/fpu\libgcc.a(_arm_addsubdf3.o)
 .ARM.attributes
                0x00000cf1       0x22 c:/freescale/kds_v3/toolchain/bin/../lib/gcc/arm-none-eabi/4.8.4/armv7e-m/fpu\libgcc.a(_arm_muldivdf3.o)
 .ARM.attributes
                0x00000d13       0x22 c:/freescale/kds_v3/toolchain/bin/../lib/gcc/arm-none-eabi/4.8.4/armv7e-m/fpu\libgcc.a(_arm_truncdfsf2.o)
 .ARM.attributes
                0x00000d35       0x34 c:/freescale/kds_v3/toolchain/bin/../lib/gcc/arm-none-eabi/4.8.4/../../../../arm-none-eabi/lib/armv7e-m/fpu\libg_s.a(lib_a-errno.o)
 .ARM.attributes
                0x00000d69       0x34 c:/freescale/kds_v3/toolchain/bin/../lib/gcc/arm-none-eabi/4.8.4/../../../../arm-none-eabi/lib/armv7e-m/fpu\libg_s.a(lib_a-exit.o)
 .ARM.attributes
                0x00000d9d       0x34 c:/freescale/kds_v3/toolchain/bin/../lib/gcc/arm-none-eabi/4.8.4/../../../../arm-none-eabi/lib/armv7e-m/fpu\libg_s.a(lib_a-impure.o)
 .ARM.attributes
                0x00000dd1       0x34 c:/freescale/kds_v3/toolchain/bin/../lib/gcc/arm-none-eabi/4.8.4/../../../../arm-none-eabi/lib/armv7e-m/fpu\libg_s.a(lib_a-init.o)
 .ARM.attributes
                0x00000e05       0x34 c:/freescale/kds_v3/toolchain/bin/../lib/gcc/arm-none-eabi/4.8.4/../../../../arm-none-eabi/lib/armv7e-m/fpu\libg_s.a(lib_a-memset.o)
 .ARM.attributes
                0x00000e39       0x34 c:/freescale/kds_v3/toolchain/bin/../lib/gcc/arm-none-eabi/4.8.4/../../../../arm-none-eabi/lib/armv7e-m/fpu\libg_s.a(lib_a-rand.o)
 .ARM.attributes
                0x00000e6d       0x34 c:/freescale/kds_v3/toolchain/bin/../lib/gcc/arm-none-eabi/4.8.4/../../../../arm-none-eabi/lib/armv7e-m/fpu\libg_s.a(lib_a-malloc.o)
 .ARM.attributes
                0x00000ea1       0x34 c:/freescale/kds_v3/toolchain/bin/../lib/gcc/arm-none-eabi/4.8.4/../../../../arm-none-eabi/lib/armv7e-m/fpu\libg_s.a(lib_a-nano-mallocr.o)
 .ARM.attributes
                0x00000ed5       0x34 c:/freescale/kds_v3/toolchain/bin/../lib/gcc/arm-none-eabi/4.8.4/../../../../arm-none-eabi/lib/armv7e-m/fpu\libg_s.a(lib_a-sbrkr.o)
 .ARM.attributes
                0x00000f09       0x34 c:/freescale/kds_v3/toolchain/bin/../lib/gcc/arm-none-eabi/4.8.4/../../../../arm-none-eabi/lib/armv7e-m/fpu\libg_s.a(lib_a-reent.o)
 .ARM.attributes
                0x00000f3d       0x34 c:/freescale/kds_v3/toolchain/bin/../lib/gcc/arm-none-eabi/4.8.4/../../../../arm-none-eabi/lib/armv7e-m/fpu\libnosys.a(_exit.o)
 .ARM.attributes
                0x00000f71       0x34 c:/freescale/kds_v3/toolchain/bin/../lib/gcc/arm-none-eabi/4.8.4/armv7e-m/fpu/crtend.o
 .ARM.attributes
                0x00000fa5       0x22 c:/freescale/kds_v3/toolchain/bin/../lib/gcc/arm-none-eabi/4.8.4/armv7e-m/fpu/crtn.o
                0x00000001                ASSERT ((__StackLimit >= __HeapLimit), region m_data_2 overflowed with stack and heap)
OUTPUT(CM7_TEST.elf elf32-littlearm)

.debug_info     0x00000000    0x1cd5f
 .debug_info    0x00000000     0xa8c7 C:\Users\ehughes\AppData\Local\Temp\cckuhkCg.ltrans0.ltrans.o
 .debug_info    0x0000a8c7     0x11db C:\Users\ehughes\AppData\Local\Temp\cckuhkCg.ltrans1.ltrans.o
 .debug_info    0x0000baa2     0x11db C:\Users\ehughes\AppData\Local\Temp\cckuhkCg.ltrans2.ltrans.o
 .debug_info    0x0000cc7d     0x1e79 C:\Users\ehughes\AppData\Local\Temp\cckuhkCg.ltrans3.ltrans.o
 .debug_info    0x0000eaf6     0x168b C:\Users\ehughes\AppData\Local\Temp\cckuhkCg.ltrans4.ltrans.o
 .debug_info    0x00010181      0xe80 C:\Users\ehughes\AppData\Local\Temp\cckuhkCg.ltrans5.ltrans.o
 .debug_info    0x00011001       0x9b ./startup/startup_MKV58F24.o
 .debug_info    0x0001109c      0x63d ../../../../../COMMON/LIB/LPCXPRESSO/CMSIS_DSP_4_5_0/-O3 HARD\libCMSIS_DSP_4_5_0_O3_HARD.a(arm_cfft_f32.o)
 .debug_info    0x000116d9      0x936 ../../../../../COMMON/LIB/LPCXPRESSO/CMSIS_DSP_4_5_0/-O3 HARD\libCMSIS_DSP_4_5_0_O3_HARD.a(arm_cfft_q15.o)
 .debug_info    0x0001200f      0x4ea ../../../../../COMMON/LIB/LPCXPRESSO/CMSIS_DSP_4_5_0/-O3 HARD\libCMSIS_DSP_4_5_0_O3_HARD.a(arm_cfft_q31.o)
 .debug_info    0x000124f9     0x1c6a ../../../../../COMMON/LIB/LPCXPRESSO/CMSIS_DSP_4_5_0/-O3 HARD\libCMSIS_DSP_4_5_0_O3_HARD.a(arm_cfft_radix4_q15.o)
 .debug_info    0x00014163      0x795 ../../../../../COMMON/LIB/LPCXPRESSO/CMSIS_DSP_4_5_0/-O3 HARD\libCMSIS_DSP_4_5_0_O3_HARD.a(arm_cfft_radix4_q31.o)
 .debug_info    0x000148f8      0x3e5 ../../../../../COMMON/LIB/LPCXPRESSO/CMSIS_DSP_4_5_0/-O3 HARD\libCMSIS_DSP_4_5_0_O3_HARD.a(arm_cfft_radix8_f32.o)
 .debug_info    0x00014cdd      0x6c7 ../../../../../COMMON/LIB/LPCXPRESSO/CMSIS_DSP_4_5_0/-O3 HARD\libCMSIS_DSP_4_5_0_O3_HARD.a(arm_rfft_fast_f32.o)
 .debug_info    0x000153a4      0x460 ../../../../../COMMON/LIB/LPCXPRESSO/CMSIS_DSP_4_5_0/-O3 HARD\libCMSIS_DSP_4_5_0_O3_HARD.a(arm_rfft_fast_init_f32.o)
 .debug_info    0x00015804      0x2e8 ../../../../../COMMON/LIB/LPCXPRESSO/CMSIS_DSP_4_5_0/-O3 HARD\libCMSIS_DSP_4_5_0_O3_HARD.a(arm_rfft_init_q15.o)
 .debug_info    0x00015aec      0x2e8 ../../../../../COMMON/LIB/LPCXPRESSO/CMSIS_DSP_4_5_0/-O3 HARD\libCMSIS_DSP_4_5_0_O3_HARD.a(arm_rfft_init_q31.o)
 .debug_info    0x00015dd4      0x9e0 ../../../../../COMMON/LIB/LPCXPRESSO/CMSIS_DSP_4_5_0/-O3 HARD\libCMSIS_DSP_4_5_0_O3_HARD.a(arm_rfft_q15.o)
 .debug_info    0x000167b4      0x4b9 ../../../../../COMMON/LIB/LPCXPRESSO/CMSIS_DSP_4_5_0/-O3 HARD\libCMSIS_DSP_4_5_0_O3_HARD.a(arm_rfft_q31.o)
 .debug_info    0x00016c6d      0x198 ../../../../../COMMON/LIB/LPCXPRESSO/CMSIS_DSP_4_5_0/-O3 HARD\libCMSIS_DSP_4_5_0_O3_HARD.a(arm_biquad_cascade_df1_32x64_init_q31.o)
 .debug_info    0x00016e05      0x32d ../../../../../COMMON/LIB/LPCXPRESSO/CMSIS_DSP_4_5_0/-O3 HARD\libCMSIS_DSP_4_5_0_O3_HARD.a(arm_biquad_cascade_df1_32x64_q31.o)
 .debug_info    0x00017132      0x223 ../../../../../COMMON/LIB/LPCXPRESSO/CMSIS_DSP_4_5_0/-O3 HARD\libCMSIS_DSP_4_5_0_O3_HARD.a(arm_biquad_cascade_df1_f32.o)
 .debug_info    0x00017355      0x6f2 ../../../../../COMMON/LIB/LPCXPRESSO/CMSIS_DSP_4_5_0/-O3 HARD\libCMSIS_DSP_4_5_0_O3_HARD.a(arm_biquad_cascade_df1_fast_q15.o)
 .debug_info    0x00017a47      0x271 ../../../../../COMMON/LIB/LPCXPRESSO/CMSIS_DSP_4_5_0/-O3 HARD\libCMSIS_DSP_4_5_0_O3_HARD.a(arm_biquad_cascade_df1_fast_q31.o)
 .debug_info    0x00017cb8      0x155 ../../../../../COMMON/LIB/LPCXPRESSO/CMSIS_DSP_4_5_0/-O3 HARD\libCMSIS_DSP_4_5_0_O3_HARD.a(arm_biquad_cascade_df1_init_f32.o)
 .debug_info    0x00017e0d      0x186 ../../../../../COMMON/LIB/LPCXPRESSO/CMSIS_DSP_4_5_0/-O3 HARD\libCMSIS_DSP_4_5_0_O3_HARD.a(arm_biquad_cascade_df1_init_q15.o)
 .debug_info    0x00017f93      0x186 ../../../../../COMMON/LIB/LPCXPRESSO/CMSIS_DSP_4_5_0/-O3 HARD\libCMSIS_DSP_4_5_0_O3_HARD.a(arm_biquad_cascade_df1_init_q31.o)
 .debug_info    0x00018119      0x782 ../../../../../COMMON/LIB/LPCXPRESSO/CMSIS_DSP_4_5_0/-O3 HARD\libCMSIS_DSP_4_5_0_O3_HARD.a(arm_biquad_cascade_df1_q15.o)
 .debug_info    0x0001889b      0x29a ../../../../../COMMON/LIB/LPCXPRESSO/CMSIS_DSP_4_5_0/-O3 HARD\libCMSIS_DSP_4_5_0_O3_HARD.a(arm_biquad_cascade_df1_q31.o)
 .debug_info    0x00018b35      0x2c7 ../../../../../COMMON/LIB/LPCXPRESSO/CMSIS_DSP_4_5_0/-O3 HARD\libCMSIS_DSP_4_5_0_O3_HARD.a(arm_biquad_cascade_df2T_f32.o)