Archive member included to satisfy reference by file (symbol)

../../../../../COMMON/LIB/LPCXPRESSO/CMSIS_DSP_4_5_0/-O3 HARD\libCMSIS_DSP_4_5_0_O3_HARD.a(arm_cfft_f32.o)
                              ./source/CM_TEST.o (symbol from plugin) (arm_cfft_f32)
../../../../../COMMON/LIB/LPCXPRESSO/CMSIS_DSP_4_5_0/-O3 HARD\libCMSIS_DSP_4_5_0_O3_HARD.a(arm_cfft_radix8_f32.o)
                              ../../../../../COMMON/LIB/LPCXPRESSO/CMSIS_DSP_4_5_0/-O3 HARD\libCMSIS_DSP_4_5_0_O3_HARD.a(arm_cfft_f32.o) (arm_radix8_butterfly_f32)
../../../../../COMMON/LIB/LPCXPRESSO/CMSIS_DSP_4_5_0/-O3 HARD\libCMSIS_DSP_4_5_0_O3_HARD.a(arm_biquad_cascade_df1_f32.o)
                              ./source/CM_TEST.o (symbol from plugin) (arm_biquad_cascade_df1_f32)
../../../../../COMMON/LIB/LPCXPRESSO/CMSIS_DSP_4_5_0/-O3 HARD\libCMSIS_DSP_4_5_0_O3_HARD.a(arm_biquad_cascade_df1_init_f32.o)
                              ./source/CM_TEST.o (symbol from plugin) (arm_biquad_cascade_df1_init_f32)
../../../../../COMMON/LIB/LPCXPRESSO/CMSIS_DSP_4_5_0/-O3 HARD\libCMSIS_DSP_4_5_0_O3_HARD.a(arm_biquad_cascade_df2T_f32.o)
                              ./source/CM_TEST.o (symbol from plugin) (arm_biquad_cascade_df2T_f32)
../../../../../COMMON/LIB/LPCXPRESSO/CMSIS_DSP_4_5_0/-O3 HARD\libCMSIS_DSP_4_5_0_O3_HARD.a(arm_biquad_cascade_df2T_init_f32.o)
                              ./source/CM_TEST.o (symbol from plugin) (arm_biquad_cascade_df2T_init_f32)
../../../../../COMMON/LIB/LPCXPRESSO/CMSIS_DSP_4_5_0/-O3 HARD\libCMSIS_DSP_4_5_0_O3_HARD.a(arm_fir_f32.o)
                              ./source/CM_TEST.o (symbol from plugin) (arm_fir_f32)
../../../../../COMMON/LIB/LPCXPRESSO/CMSIS_DSP_4_5_0/-O3 HARD\libCMSIS_DSP_4_5_0_O3_HARD.a(arm_fir_init_f32.o)
                              ./source/CM_TEST.o (symbol from plugin) (arm_fir_init_f32)
../../../../../COMMON/LIB/LPCXPRESSO/CMSIS_DSP_4_5_0/-O3 HARD\libCMSIS_DSP_4_5_0_O3_HARD.a(arm_pid_init_f32.o)
                              ./source/CM_TEST.o (symbol from plugin) (arm_pid_init_f32)
../../../../../COMMON/LIB/LPCXPRESSO/CMSIS_DSP_4_5_0/-O3 HARD\libCMSIS_DSP_4_5_0_O3_HARD.a(arm_cmplx_mag_f32.o)
                              ./source/CM_TEST.o (symbol from plugin) (arm_cmplx_mag_f32)
../../../../../COMMON/LIB/LPCXPRESSO/CMSIS_DSP_4_5_0/-O3 HARD\libCMSIS_DSP_4_5_0_O3_HARD.a(arm_cmplx_mag_squared_f32.o)
                              ./source/CM_TEST.o (symbol from plugin) (arm_cmplx_mag_squared_f32)
../../../../../COMMON/LIB/LPCXPRESSO/CMSIS_DSP_4_5_0/-O3 HARD\libCMSIS_DSP_4_5_0_O3_HARD.a(arm_const_structs.o)
                              ./source/CM_TEST.o (symbol from plugin) (arm_cfft_sR_f32_len4096)
../../../../../COMMON/LIB/LPCXPRESSO/CMSIS_DSP_4_5_0/-O3 HARD\libCMSIS_DSP_4_5_0_O3_HARD.a(arm_bitreversal2.o)
                              ../../../../../COMMON/LIB/LPCXPRESSO/CMSIS_DSP_4_5_0/-O3 HARD\libCMSIS_DSP_4_5_0_O3_HARD.a(arm_cfft_f32.o) (arm_bitreversal_32)
../../../../../COMMON/LIB/LPCXPRESSO/CMSIS_DSP_4_5_0/-O3 HARD\libCMSIS_DSP_4_5_0_O3_HARD.a(arm_common_tables.o)
                              ../../../../../COMMON/LIB/LPCXPRESSO/CMSIS_DSP_4_5_0/-O3 HARD\libCMSIS_DSP_4_5_0_O3_HARD.a(arm_const_structs.o) (armBitRevIndexTable_fixed_4096)
c:/program files (x86)/gnu tools arm embedded/5.4 2016q2/bin/../lib/gcc/arm-none-eabi/5.4.1/../../../../arm-none-eabi/lib/armv7e-m/fpu\libm.a(lib_a-wf_sqrt.o)
                              ../../../../../COMMON/LIB/LPCXPRESSO/CMSIS_DSP_4_5_0/-O3 HARD\libCMSIS_DSP_4_5_0_O3_HARD.a(arm_cmplx_mag_f32.o) (sqrtf)
c:/program files (x86)/gnu tools arm embedded/5.4 2016q2/bin/../lib/gcc/arm-none-eabi/5.4.1/../../../../arm-none-eabi/lib/armv7e-m/fpu\libm.a(lib_a-ef_sqrt.o)
                              c:/program files (x86)/gnu tools arm embedded/5.4 2016q2/bin/../lib/gcc/arm-none-eabi/5.4.1/../../../../arm-none-eabi/lib/armv7e-m/fpu\libm.a(lib_a-wf_sqrt.o) (__ieee754_sqrtf)
c:/program files (x86)/gnu tools arm embedded/5.4 2016q2/bin/../lib/gcc/arm-none-eabi/5.4.1/../../../../arm-none-eabi/lib/armv7e-m/fpu\libm.a(lib_a-s_lib_ver.o)
                              c:/program files (x86)/gnu tools arm embedded/5.4 2016q2/bin/../lib/gcc/arm-none-eabi/5.4.1/../../../../arm-none-eabi/lib/armv7e-m/fpu\libm.a(lib_a-wf_sqrt.o) (__fdlib_version)
c:/program files (x86)/gnu tools arm embedded/5.4 2016q2/bin/../lib/gcc/arm-none-eabi/5.4.1/../../../../arm-none-eabi/lib/armv7e-m/fpu\libm.a(lib_a-s_matherr.o)
                              c:/program files (x86)/gnu tools arm embedded/5.4 2016q2/bin/../lib/gcc/arm-none-eabi/5.4.1/../../../../arm-none-eabi/lib/armv7e-m/fpu\libm.a(lib_a-wf_sqrt.o) (matherr)
c:/program files (x86)/gnu tools arm embedded/5.4 2016q2/bin/../lib/gcc/arm-none-eabi/5.4.1/armv7e-m/fpu\libgcc.a(_arm_addsubdf3.o)
                              c:/program files (x86)/gnu tools arm embedded/5.4 2016q2/bin/../lib/gcc/arm-none-eabi/5.4.1/../../../../arm-none-eabi/lib/armv7e-m/fpu\libm.a(lib_a-wf_sqrt.o) (__aeabi_f2d)
[...]
Memory Configuration

Name             Origin             Length             Attributes
m_interrupts     0x10000000         0x00000400         xr
m_flash_config   0x10000400         0x00000010         xr
m_text           0x10000410         0x000ffbf0         xr
m_data           0x20000000         0x00020000         rw
m_data_2         0x2f000000         0x00010000         rw
*default*        0x00000000         0xffffffff

Linker script and memory map

LOAD c:/program files (x86)/gnu tools arm embedded/5.4 2016q2/bin/../lib/gcc/arm-none-eabi/5.4.1/armv7e-m/fpu/crti.o
LOAD c:/program files (x86)/gnu tools arm embedded/5.4 2016q2/bin/../lib/gcc/arm-none-eabi/5.4.1/armv7e-m/fpu/crtbegin.o
LOAD c:/program files (x86)/gnu tools arm embedded/5.4 2016q2/bin/../lib/gcc/arm-none-eabi/5.4.1/../../../../arm-none-eabi/lib/armv7e-m/fpu/crt0.o
LOAD ./utilities/fsl_debug_console.o
LOAD C:\Users\emh203\AppData\Local\Temp\ccB2WeVa.ltrans0.ltrans.o
LOAD C:\Users\emh203\AppData\Local\Temp\ccB2WeVa.ltrans1.ltrans.o
LOAD C:\Users\emh203\AppData\Local\Temp\ccB2WeVa.ltrans2.ltrans.o
LOAD C:\Users\emh203\AppData\Local\Temp\ccB2WeVa.ltrans3.ltrans.o
LOAD C:\Users\emh203\AppData\Local\Temp\ccB2WeVa.ltrans4.ltrans.o
LOAD C:\Users\emh203\AppData\Local\Temp\ccB2WeVa.ltrans5.ltrans.o
LOAD ./utilities/fsl_notifier.o
LOAD ./utilities/fsl_sbrk.o
LOAD ./utilities/fsl_shell.o
LOAD ./startup/startup_MKV58F24.o
LOAD ./startup/system_MKV58F24.o
LOAD ./source/CM_TEST.o
LOAD ./source/Goertzel.o
LOAD ./source/IIR.o
LOAD ./drivers/fsl_adc16.o
LOAD ./drivers/fsl_aoi.o
LOAD ./drivers/fsl_clock.o
LOAD ./drivers/fsl_cmp.o
LOAD ./drivers/fsl_common.o
LOAD ./drivers/fsl_crc.o
LOAD ./drivers/fsl_dac.o
LOAD ./drivers/fsl_dmamux.o
LOAD ./drivers/fsl_dspi.o
LOAD ./drivers/fsl_dspi_edma.o
LOAD ./drivers/fsl_edma.o
LOAD ./drivers/fsl_enet.o
LOAD ./drivers/fsl_ewm.o
LOAD ./drivers/fsl_flash.o
LOAD ./drivers/fsl_flexbus.o
LOAD ./drivers/fsl_flexcan.o
LOAD ./drivers/fsl_flexcan_edma.o
LOAD ./drivers/fsl_ftm.o
LOAD ./drivers/fsl_gpio.o
LOAD ./drivers/fsl_hsadc.o
LOAD ./drivers/fsl_i2c.o
LOAD ./drivers/fsl_i2c_edma.o
LOAD ./drivers/fsl_llwu.o
LOAD ./drivers/fsl_lptmr.o
LOAD ./drivers/fsl_mpu.o
LOAD ./drivers/fsl_pdb.o
LOAD ./drivers/fsl_pit.o
LOAD ./drivers/fsl_pmc.o
LOAD ./drivers/fsl_pwm.o
LOAD ./drivers/fsl_rcm.o
LOAD ./drivers/fsl_sim.o
LOAD ./drivers/fsl_smc.o
LOAD ./drivers/fsl_trng.o
LOAD ./drivers/fsl_uart.o
LOAD ./drivers/fsl_uart_edma.o
LOAD ./drivers/fsl_wdog.o
LOAD ./drivers/fsl_xbara.o
LOAD ./drivers/fsl_xbarb.o
LOAD ./board/board.o
LOAD ./board/clock_config.o
LOAD ./board/pin_mux.o
LOAD ../../../../../COMMON/LIB/LPCXPRESSO/CMSIS_DSP_4_5_0/-O3 HARD\libCMSIS_DSP_4_5_0_O3_HARD.a
LOAD c:/program files (x86)/gnu tools arm embedded/5.4 2016q2/bin/../lib/gcc/arm-none-eabi/5.4.1/../../../../arm-none-eabi/lib/armv7e-m/fpu\libstdc++_nano.a
LOAD c:/program files (x86)/gnu tools arm embedded/5.4 2016q2/bin/../lib/gcc/arm-none-eabi/5.4.1/../../../../arm-none-eabi/lib/armv7e-m/fpu\libm.a
START GROUP
LOAD c:/program files (x86)/gnu tools arm embedded/5.4 2016q2/bin/../lib/gcc/arm-none-eabi/5.4.1/armv7e-m/fpu\libgcc.a
LOAD c:/program files (x86)/gnu tools arm embedded/5.4 2016q2/bin/../lib/gcc/arm-none-eabi/5.4.1/../../../../arm-none-eabi/lib/armv7e-m/fpu\libg_nano.a
LOAD c:/program files (x86)/gnu tools arm embedded/5.4 2016q2/bin/../lib/gcc/arm-none-eabi/5.4.1/../../../../arm-none-eabi/lib/armv7e-m/fpu\libc_nano.a
END GROUP
START GROUP
LOAD c:/program files (x86)/gnu tools arm embedded/5.4 2016q2/bin/../lib/gcc/arm-none-eabi/5.4.1/armv7e-m/fpu\libgcc.a
LOAD c:/program files (x86)/gnu tools arm embedded/5.4 2016q2/bin/../lib/gcc/arm-none-eabi/5.4.1/../../../../arm-none-eabi/lib/armv7e-m/fpu\libc_nano.a
LOAD c:/program files (x86)/gnu tools arm embedded/5.4 2016q2/bin/../lib/gcc/arm-none-eabi/5.4.1/../../../../arm-none-eabi/lib/armv7e-m/fpu\libnosys.a
END GROUP
START GROUP
LOAD c:/program files (x86)/gnu tools arm embedded/5.4 2016q2/bin/../lib/gcc/arm-none-eabi/5.4.1/armv7e-m/fpu\libgcc.a
LOAD c:/program files (x86)/gnu tools arm embedded/5.4 2016q2/bin/../lib/gcc/arm-none-eabi/5.4.1/../../../../arm-none-eabi/lib/armv7e-m/fpu\libc_nano.a
LOAD c:/program files (x86)/gnu tools arm embedded/5.4 2016q2/bin/../lib/gcc/arm-none-eabi/5.4.1/../../../../arm-none-eabi/lib/armv7e-m/fpu\libnosys.a
END GROUP
LOAD c:/program files (x86)/gnu tools arm embedded/5.4 2016q2/bin/../lib/gcc/arm-none-eabi/5.4.1/armv7e-m/fpu/crtend.o
LOAD c:/program files (x86)/gnu tools arm embedded/5.4 2016q2/bin/../lib/gcc/arm-none-eabi/5.4.1/armv7e-m/fpu/crtn.o
                0x00000400                HEAP_SIZE = DEFINED (__heap_size__)?__heap_size__:0x400
                0x00000400                STACK_SIZE = DEFINED (__stack_size__)?__stack_size__:0x400
                0x00000000                M_VECTOR_RAM_SIZE = DEFINED (__ram_vector_table__)?0x400:0x0

.interrupts     0x10000000      0x400
                0x10000000                __VECTOR_TABLE = .
                0x10000000                . = ALIGN (0x4)
 *(.isr_vector)
 .isr_vector    0x10000000      0x400 ./startup/startup_MKV58F24.o
                0x10000000                __isr_vector
                0x10000400                . = ALIGN (0x4)

.flash_config   0x10000400       0x10
                0x10000400                . = ALIGN (0x4)
 *(.FlashConfig)
 .FlashConfig   0x10000400       0x10 ./startup/startup_MKV58F24.o
                0x10000410                . = ALIGN (0x4)

.text           0x10000410    0x1b32c
                0x10000410                . = ALIGN (0x4)
 *(.text)
 .text          0x10000410       0x5c c:/program files (x86)/gnu tools arm embedded/5.4 2016q2/bin/../lib/gcc/arm-none-eabi/5.4.1/armv7e-m/fpu/crtbegin.o
 .text          0x1000046c       0x74 c:/program files (x86)/gnu tools arm embedded/5.4 2016q2/bin/../lib/gcc/arm-none-eabi/5.4.1/../../../../arm-none-eabi/lib/armv7e-m/fpu/crt0.o
                0x1000046c                _start
                0x1000046c                _mainCRTStartup
 .text          0x100004e0      0x1f4 ./startup/startup_MKV58F24.o
                0x100004e0                Reset_Handler
                0x10000524                PORTC_IRQHandler
                0x10000524                DebugMon_Handler
                0x10000524                Reserved88_IRQHandler
                0x10000524                CMP0_IRQHandler
                0x10000524                ENET_Transmit_DriverIRQHandler
                0x10000524                PWM1_RELOAD1_IRQHandler
                0x10000524                UART1_ERR_DriverIRQHandler
                0x10000524                BusFault_Handler
                0x10000524                LPTMR0_IRQHandler
                0x10000524                DMA_Error_DriverIRQHandler
                0x10000524                FTM2_IRQHandler
                0x10000524                PORTE_IRQHandler
                0x10000524                PWM0_CMP3_IRQHandler
                0x10000524                FTM3_IRQHandler
                0x10000524                PWM0_FAULT_IRQHandler
                0x10000524                ENC_COMPARE_IRQHandler
                0x10000524                MCM_IRQHandler
                0x10000524                PORTA_IRQHandler
                0x10000524                PWM1_CAP_IRQHandler
                0x10000524                FTM0_IRQHandler
                0x10000524                PWM0_RELOAD2_IRQHandler
                0x10000524                PIT0_IRQHandler
                0x10000524                PWM0_CMP2_IRQHandler
                0x10000524                PIT1_IRQHandler
                0x10000524                PWM1_RELOAD2_IRQHandler
                0x10000524                CMP2_IRQHandler
                0x10000524                PMC_IRQHandler
                0x10000524                LLWU_IRQHandler
                0x10000524                PWM1_CMP3_IRQHandler
                0x10000524                PWM1_RELOAD3_IRQHandler
                0x10000524                PWM1_CMP2_IRQHandler
                0x10000524                PWM1_CMP1_IRQHandler
                0x10000524                ENET_Error_DriverIRQHandler
                0x10000524                PWM1_FAULT_IRQHandler
                0x10000524                PWM0_RERR_IRQHandler
                0x10000524                ENET_1588_Timer_DriverIRQHandler
                0x10000524                Reserved46_IRQHandler
                0x10000524                SWI_IRQHandler
                0x10000524                ADC0_IRQHandler
                0x10000524                UsageFault_Handler
                0x10000524                PWM1_RELOAD0_IRQHandler
                0x10000524                PWM1_CMP0_IRQHandler
                0x10000524                PWM0_CMP1_IRQHandler
                0x10000524                DefaultISR
                0x10000524                UART5_ERR_DriverIRQHandler
                0x10000524                CMP1_IRQHandler
                0x10000524                PORTD_IRQHandler
                0x10000524                PORTB_IRQHandler
                0x10000524                PDB1_IRQHandler
                0x10000524                UART2_ERR_DriverIRQHandler
                0x10000524                PIT2_IRQHandler
                0x10000524                UART3_ERR_DriverIRQHandler
                0x10000524                PDB0_IRQHandler
                0x10000524                ENC_INDEX_IRQHandler
                0x10000524                CMP3_IRQHandler
                0x10000524                PWM0_CMP0_IRQHandler
                0x10000524                FTM1_IRQHandler
                0x10000524                DAC0_IRQHandler
                0x10000524                HSADC1_CCA_IRQHandler
                0x10000524                HSADC0_CCB_IRQHandler
                0x10000524                ENET_Receive_DriverIRQHandler
                0x10000524                PIT3_IRQHandler
                0x10000524                PWM0_CAP_IRQHandler
                0x10000524                MemManage_Handler
                0x10000524                WDOG_EWM_IRQHandler
                0x10000524                UART4_ERR_DriverIRQHandler
                0x10000524                MCG_IRQHandler
                0x10000524                FTFE_IRQHandler
                0x10000524                TRNG0_IRQHandler
                0x10000524                HSADC1_CCB_IRQHandler
                0x10000524                PWM0_RELOAD3_IRQHandler
                0x10000524                UART0_ERR_DriverIRQHandler
                0x10000524                PWM0_RELOAD0_IRQHandler
                0x10000524                XBARA_IRQHandler
                0x10000524                ENC_HOME_IRQHandler
                0x10000524                Read_Collision_IRQHandler
                0x10000524                HSADC0_CCA_IRQHandler
                0x10000524                ENC_WDOG_SAB_IRQHandler
                0x10000524                HSADC_ERR_IRQHandler
                0x10000524                PWM1_RERR_IRQHandler
                0x10000524                PWM0_RELOAD1_IRQHandler
                0x10000528                NMI_Handler
                0x1000052c                HardFault_Handler
                0x10000530                SVC_Handler
                0x10000534                PendSV_Handler
                0x10000538                SysTick_Handler
                0x1000053c                DMA0_DMA16_IRQHandler
                0x10000540                DMA1_DMA17_IRQHandler
                0x10000544                DMA2_DMA18_IRQHandler
                0x10000548                DMA3_DMA19_IRQHandler
                0x1000054c                DMA4_DMA20_IRQHandler
                0x10000550                DMA5_DMA21_IRQHandler
                0x10000554                DMA6_DMA22_IRQHandler
                0x10000558                DMA7_DMA23_IRQHandler
                0x1000055c                DMA8_DMA24_IRQHandler
                0x10000560                DMA9_DMA25_IRQHandler
                0x10000564                DMA10_DMA26_IRQHandler
                0x10000568                DMA11_DMA27_IRQHandler
                0x1000056c                DMA12_DMA28_IRQHandler
                0x10000570                DMA13_DMA29_IRQHandler
                0x10000574                DMA14_DMA30_IRQHandler
                0x10000578                DMA15_DMA31_IRQHandler
                0x1000057c                DMA_Error_IRQHandler
                0x10000580                I2C0_IRQHandler
                0x10000584                I2C1_IRQHandler
                0x10000588                SPI0_IRQHandler
                0x1000058c                SPI1_IRQHandler
                0x10000590                UART5_RX_TX_IRQHandler
                0x10000594                UART5_ERR_IRQHandler
                0x10000598                UART0_RX_TX_IRQHandler
                0x1000059c                UART0_ERR_IRQHandler
                0x100005a0                UART1_RX_TX_IRQHandler
                0x100005a4                UART1_ERR_IRQHandler
                0x100005a8                UART2_RX_TX_IRQHandler
                0x100005ac                UART2_ERR_IRQHandler
                0x100005b0                UART3_RX_TX_IRQHandler
                0x100005b4                UART3_ERR_IRQHandler
                0x100005b8                UART4_RX_TX_IRQHandler
                0x100005bc                UART4_ERR_IRQHandler
                0x100005c0                SPI2_IRQHandler
                0x100005c4                CAN0_ORed_Message_buffer_IRQHandler
                0x100005c8                CAN0_Bus_Off_IRQHandler
                0x100005cc                CAN0_Error_IRQHandler
                0x100005d0                CAN0_Tx_Warning_IRQHandler
                0x100005d4                CAN0_Rx_Warning_IRQHandler
                0x100005d8                CAN0_Wake_Up_IRQHandler
                0x100005dc                CAN1_ORed_Message_buffer_IRQHandler
                0x100005e0                CAN1_Bus_Off_IRQHandler
                0x100005e4                CAN1_Error_IRQHandler
                0x100005e8                CAN1_Tx_Warning_IRQHandler
                0x100005ec                CAN1_Rx_Warning_IRQHandler
                0x100005f0                CAN1_Wake_Up_IRQHandler
                0x100005f4                ENET_1588_Timer_IRQHandler
                0x10000604                CAN2_ORed_Message_buffer_IRQHandler
                0x10000608                CAN2_Bus_Off_IRQHandler
                0x1000060c                CAN2_Error_IRQHandler
                0x10000610                CAN2_Tx_Warning_IRQHandler
                0x10000614                CAN2_Rx_Warning_IRQHandler
                0x10000618                CAN2_Wake_Up_IRQHandler
 .text          0x100006d4       0xc0 ../../../../../COMMON/LIB/LPCXPRESSO/CMSIS_DSP_4_5_0/-O3 HARD\libCMSIS_DSP_4_5_0_O3_HARD.a(arm_bitreversal2.o)
                0x100006d4                arm_bitreversal_32
                0x1000073e                arm_bitreversal_16
 .text          0x10000794      0x370 c:/program files (x86)/gnu tools arm embedded/5.4 2016q2/bin/../lib/gcc/arm-none-eabi/5.4.1/armv7e-m/fpu\libgcc.a(_arm_addsubdf3.o)
                0x10000794                __aeabi_drsub
                0x1000079c                __aeabi_dsub
                0x1000079c                __subdf3
                0x100007a0                __aeabi_dadd
                0x100007a0                __adddf3
                0x10000a18                __floatunsidf
                0x10000a18                __aeabi_ui2d
                0x10000a38                __floatsidf
                0x10000a38                __aeabi_i2d
                0x10000a5c                __aeabi_f2d
                0x10000a5c                __extendsfdf2
                0x10000a98                __floatundidf
                0x10000a98                __aeabi_ul2d
                0x10000aa8                __floatdidf
                0x10000aa8                __aeabi_l2d
 .text          0x10000b04      0x424 c:/program files (x86)/gnu tools arm embedded/5.4 2016q2/bin/../lib/gcc/arm-none-eabi/5.4.1/armv7e-m/fpu\libgcc.a(_arm_muldivdf3.o)
                0x10000b04                __aeabi_dmul
                0x10000b04                __muldf3
                0x10000d58                __divdf3
                0x10000d58                __aeabi_ddiv
 .text          0x10000f28       0xa0 c:/program files (x86)/gnu tools arm embedded/5.4 2016q2/bin/../lib/gcc/arm-none-eabi/5.4.1/armv7e-m/fpu\libgcc.a(_arm_truncdfsf2.o)
                0x10000f28                __truncdfsf2
                0x10000f28                __aeabi_d2f
 .text          0x10000fc8       0x10 c:/program files (x86)/gnu tools arm embedded/5.4 2016q2/bin/../lib/gcc/arm-none-eabi/5.4.1/../../../../arm-none-eabi/lib/armv7e-m/fpu\libg_nano.a(lib_a-strlen.o)
                0x10000fc8                strlen
 *(.text*)
 .text.startup.main
                0x10000fd8     0x15bc C:\Users\emh203\AppData\Local\Temp\ccB2WeVa.ltrans0.ltrans.o
                0x10000fd8                main
 .text.DMA7_DMA23_DriverIRQHandler
                0x10002594      0x198 C:\Users\emh203\AppData\Local\Temp\ccB2WeVa.ltrans1.ltrans.o
                0x10002594                DMA7_DMA23_DriverIRQHandler
 .text.DMA6_DMA22_DriverIRQHandler
                0x1000272c      0x198 C:\Users\emh203\AppData\Local\Temp\ccB2WeVa.ltrans1.ltrans.o
                0x1000272c                DMA6_DMA22_DriverIRQHandler
 .text.DMA5_DMA21_DriverIRQHandler
                0x100028c4      0x198 C:\Users\emh203\AppData\Local\Temp\ccB2WeVa.ltrans1.ltrans.o
                0x100028c4                DMA5_DMA21_DriverIRQHandler
 .text.DMA4_DMA20_DriverIRQHandler
                0x10002a5c      0x198 C:\Users\emh203\AppData\Local\Temp\ccB2WeVa.ltrans1.ltrans.o
                0x10002a5c                DMA4_DMA20_DriverIRQHandler
 .text.DMA3_DMA19_DriverIRQHandler
                0x10002bf4      0x198 C:\Users\emh203\AppData\Local\Temp\ccB2WeVa.ltrans1.ltrans.o
                0x10002bf4                DMA3_DMA19_DriverIRQHandler
 .text.DMA2_DMA18_DriverIRQHandler
                0x10002d8c      0x198 C:\Users\emh203\AppData\Local\Temp\ccB2WeVa.ltrans1.ltrans.o
                0x10002d8c                DMA2_DMA18_DriverIRQHandler
 .text.DMA13_DMA29_DriverIRQHandler
                0x10002f24      0x198 C:\Users\emh203\AppData\Local\Temp\ccB2WeVa.ltrans2.ltrans.o
                0x10002f24                DMA13_DMA29_DriverIRQHandler
 .text.DMA12_DMA28_DriverIRQHandler
                0x100030bc      0x198 C:\Users\emh203\AppData\Local\Temp\ccB2WeVa.ltrans2.ltrans.o
                0x100030bc                DMA12_DMA28_DriverIRQHandler
 .text.DMA11_DMA27_DriverIRQHandler
                0x10003254      0x198 C:\Users\emh203\AppData\Local\Temp\ccB2WeVa.ltrans2.ltrans.o
                0x10003254                DMA11_DMA27_DriverIRQHandler
 .text.DMA10_DMA26_DriverIRQHandler
                0x100033ec      0x198 C:\Users\emh203\AppData\Local\Temp\ccB2WeVa.ltrans2.ltrans.o
                0x100033ec                DMA10_DMA26_DriverIRQHandler
 .text.DMA9_DMA25_DriverIRQHandler
                0x10003584      0x198 C:\Users\emh203\AppData\Local\Temp\ccB2WeVa.ltrans2.ltrans.o
                0x10003584                DMA9_DMA25_DriverIRQHandler
 .text.DMA8_DMA24_DriverIRQHandler
                0x1000371c      0x198 C:\Users\emh203\AppData\Local\Temp\ccB2WeVa.ltrans2.ltrans.o
                0x1000371c                DMA8_DMA24_DriverIRQHandler
 .text.UART_WriteBlocking
                0x100038b4       0x18 C:\Users\emh203\AppData\Local\Temp\ccB2WeVa.ltrans3.ltrans.o
                0x100038b4                UART_WriteBlocking
 .text.UART_ReadBlocking
                0x100038cc       0x74 C:\Users\emh203\AppData\Local\Temp\ccB2WeVa.ltrans3.ltrans.o
                0x100038cc                UART_ReadBlocking
 .text.ProcessGoertzel_f32_Power.constprop.5
                0x10003940       0x68 C:\Users\emh203\AppData\Local\Temp\ccB2WeVa.ltrans3.ltrans.o
                0x10003940                ProcessGoertzel_f32_Power.constprop.5
 .text.UART5_RX_TX_DriverIRQHandler
                0x100039a8        0xc C:\Users\emh203\AppData\Local\Temp\ccB2WeVa.ltrans3.ltrans.o
                0x100039a8                UART5_RX_TX_DriverIRQHandler
 .text.UART4_RX_TX_DriverIRQHandler
                0x100039b4        0xc C:\Users\emh203\AppData\Local\Temp\ccB2WeVa.ltrans3.ltrans.o
                0x100039b4                UART4_RX_TX_DriverIRQHandler
 .text.UART3_RX_TX_DriverIRQHandler
                0x100039c0        0xc C:\Users\emh203\AppData\Local\Temp\ccB2WeVa.ltrans3.ltrans.o
                0x100039c0                UART3_RX_TX_DriverIRQHandler
 .text.UART2_RX_TX_DriverIRQHandler
                0x100039cc        0xc C:\Users\emh203\AppData\Local\Temp\ccB2WeVa.ltrans3.ltrans.o
                0x100039cc                UART2_RX_TX_DriverIRQHandler
 .text.UART1_RX_TX_DriverIRQHandler
                0x100039d8        0xc C:\Users\emh203\AppData\Local\Temp\ccB2WeVa.ltrans3.ltrans.o
                0x100039d8                UART1_RX_TX_DriverIRQHandler
 .text.UART0_RX_TX_DriverIRQHandler
                0x100039e4        0xc C:\Users\emh203\AppData\Local\Temp\ccB2WeVa.ltrans3.ltrans.o
                0x100039e4                UART0_RX_TX_DriverIRQHandler
 .text.I2C1_DriverIRQHandler
                0x100039f0       0x20 C:\Users\emh203\AppData\Local\Temp\ccB2WeVa.ltrans3.ltrans.o
                0x100039f0                I2C1_DriverIRQHandler
 .text.I2C0_DriverIRQHandler
                0x10003a10       0x20 C:\Users\emh203\AppData\Local\Temp\ccB2WeVa.ltrans3.ltrans.o
                0x10003a10                I2C0_DriverIRQHandler
 .text.CAN2_DriverIRQHandler
                0x10003a30       0x1c C:\Users\emh203\AppData\Local\Temp\ccB2WeVa.ltrans3.ltrans.o
                0x10003a30                CAN2_DriverIRQHandler
 .text.CAN1_DriverIRQHandler
                0x10003a4c       0x1c C:\Users\emh203\AppData\Local\Temp\ccB2WeVa.ltrans3.ltrans.o
                0x10003a4c                CAN1_DriverIRQHandler
 .text.CAN0_DriverIRQHandler
                0x10003a68       0x1c C:\Users\emh203\AppData\Local\Temp\ccB2WeVa.ltrans3.ltrans.o
                0x10003a68                CAN0_DriverIRQHandler
 .text.ENET_Error_IRQHandler
                0x10003a84        0xc C:\Users\emh203\AppData\Local\Temp\ccB2WeVa.ltrans3.ltrans.o
                0x10003a84                ENET_Error_IRQHandler
 .text.ENET_Receive_IRQHandler
                0x10003a90        0xc C:\Users\emh203\AppData\Local\Temp\ccB2WeVa.ltrans3.ltrans.o
                0x10003a90                ENET_Receive_IRQHandler
 .text.ENET_Transmit_IRQHandler
                0x10003a9c        0xc C:\Users\emh203\AppData\Local\Temp\ccB2WeVa.ltrans3.ltrans.o
                0x10003a9c                ENET_Transmit_IRQHandler
 .text.DMA15_DMA31_DriverIRQHandler
                0x10003aa8       0x40 C:\Users\emh203\AppData\Local\Temp\ccB2WeVa.ltrans3.ltrans.o
                0x10003aa8                DMA15_DMA31_DriverIRQHandler
 .text.DMA14_DMA30_DriverIRQHandler
                0x10003ae8       0x40 C:\Users\emh203\AppData\Local\Temp\ccB2WeVa.ltrans3.ltrans.o
                0x10003ae8                DMA14_DMA30_DriverIRQHandler
 .text.unlikely.__assert_func
                0x10003b28       0x1c C:\Users\emh203\AppData\Local\Temp\ccB2WeVa.ltrans4.ltrans.o
                0x10003b28                __assert_func
 .text.DMA1_DMA17_DriverIRQHandler
                0x10003b44      0x198 C:\Users\emh203\AppData\Local\Temp\ccB2WeVa.ltrans4.ltrans.o
                0x10003b44                DMA1_DMA17_DriverIRQHandler
 .text.DMA0_DMA16_DriverIRQHandler
                0x10003cdc      0x198 C:\Users\emh203\AppData\Local\Temp\ccB2WeVa.ltrans4.ltrans.o
                0x10003cdc                DMA0_DMA16_DriverIRQHandler
 .text.SPI2_DriverIRQHandler
                0x10003e74       0x1c C:\Users\emh203\AppData\Local\Temp\ccB2WeVa.ltrans4.ltrans.o
                0x10003e74                SPI2_DriverIRQHandler
 .text.SPI1_DriverIRQHandler
                0x10003e90       0x1c C:\Users\emh203\AppData\Local\Temp\ccB2WeVa.ltrans4.ltrans.o
                0x10003e90                SPI1_DriverIRQHandler
 .text.SPI0_DriverIRQHandler
                0x10003eac       0x1c C:\Users\emh203\AppData\Local\Temp\ccB2WeVa.ltrans4.ltrans.o
                0x10003eac                SPI0_DriverIRQHandler
 .text.SystemInit
                0x10003ec8       0xa0 C:\Users\emh203\AppData\Local\Temp\ccB2WeVa.ltrans5.ltrans.o
                0x10003ec8                SystemInit
 .text._sbrk    0x10003f68       0x3c C:\Users\emh203\AppData\Local\Temp\ccB2WeVa.ltrans5.ltrans.o
                0x10003f68                _sbrk
 .text.DbgConsole_Printf
                0x10003fa4      0x3c0 C:\Users\emh203\AppData\Local\Temp\ccB2WeVa.ltrans5.ltrans.o
                0x10003fa4                DbgConsole_Printf
 .text.arm_cfft_radix8by2_f32
                0x10004364      0x180 ../../../../../COMMON/LIB/LPCXPRESSO/CMSIS_DSP_4_5_0/-O3 HARD\libCMSIS_DSP_4_5_0_O3_HARD.a(arm_cfft_f32.o)
                0x10004364                arm_cfft_radix8by2_f32
 .text.arm_cfft_radix8by4_f32
                0x100044e4      0x480 ../../../../../COMMON/LIB/LPCXPRESSO/CMSIS_DSP_4_5_0/-O3 HARD\libCMSIS_DSP_4_5_0_O3_HARD.a(arm_cfft_f32.o)
                0x100044e4                arm_cfft_radix8by4_f32
 .text.arm_cfft_f32
                0x10004964       0xf4 ../../../../../COMMON/LIB/LPCXPRESSO/CMSIS_DSP_4_5_0/-O3 HARD\libCMSIS_DSP_4_5_0_O3_HARD.a(arm_cfft_f32.o)
                0x10004964                arm_cfft_f32
 .text.arm_radix8_butterfly_f32
                0x10004a58      0x5b8 ../../../../../COMMON/LIB/LPCXPRESSO/CMSIS_DSP_4_5_0/-O3 HARD\libCMSIS_DSP_4_5_0_O3_HARD.a(arm_cfft_radix8_f32.o)
                0x10004a58                arm_radix8_butterfly_f32
 .text.arm_biquad_cascade_df1_f32
                0x10005010      0x144 ../../../../../COMMON/LIB/LPCXPRESSO/CMSIS_DSP_4_5_0/-O3 HARD\libCMSIS_DSP_4_5_0_O3_HARD.a(arm_biquad_cascade_df1_f32.o)
                0x10005010                arm_biquad_cascade_df1_f32
 .text.arm_biquad_cascade_df1_init_f32
                0x10005154       0x18 ../../../../../COMMON/LIB/LPCXPRESSO/CMSIS_DSP_4_5_0/-O3 HARD\libCMSIS_DSP_4_5_0_O3_HARD.a(arm_biquad_cascade_df1_init_f32.o)
                0x10005154                arm_biquad_cascade_df1_init_f32
 .text.arm_biquad_cascade_df2T_f32
                0x1000516c      0x15c ../../../../../COMMON/LIB/LPCXPRESSO/CMSIS_DSP_4_5_0/-O3 HARD\libCMSIS_DSP_4_5_0_O3_HARD.a(arm_biquad_cascade_df2T_f32.o)
                0x1000516c                arm_biquad_cascade_df2T_f32
 .text.arm_biquad_cascade_df2T_init_f32
                0x100052c8       0x18 ../../../../../COMMON/LIB/LPCXPRESSO/CMSIS_DSP_4_5_0/-O3 HARD\libCMSIS_DSP_4_5_0_O3_HARD.a(arm_biquad_cascade_df2T_init_f32.o)
                0x100052c8                arm_biquad_cascade_df2T_init_f32
 .text.arm_fir_f32
                0x100052e0      0x3f8 ../../../../../COMMON/LIB/LPCXPRESSO/CMSIS_DSP_4_5_0/-O3 HARD\libCMSIS_DSP_4_5_0_O3_HARD.a(arm_fir_f32.o)
                0x100052e0                arm_fir_f32
 .text.arm_fir_init_f32
                0x100056d8       0x24 ../../../../../COMMON/LIB/LPCXPRESSO/CMSIS_DSP_4_5_0/-O3 HARD\libCMSIS_DSP_4_5_0_O3_HARD.a(arm_fir_init_f32.o)
                0x100056d8                arm_fir_init_f32
 .text.arm_pid_init_f32
                0x100056fc       0x38 ../../../../../COMMON/LIB/LPCXPRESSO/CMSIS_DSP_4_5_0/-O3 HARD\libCMSIS_DSP_4_5_0_O3_HARD.a(arm_pid_init_f32.o)
                0x100056fc                arm_pid_init_f32
 .text.arm_cmplx_mag_f32
                0x10005734      0x134 ../../../../../COMMON/LIB/LPCXPRESSO/CMSIS_DSP_4_5_0/-O3 HARD\libCMSIS_DSP_4_5_0_O3_HARD.a(arm_cmplx_mag_f32.o)
                0x10005734                arm_cmplx_mag_f32
 .text.arm_cmplx_mag_squared_f32
                0x10005868       0x9c ../../../../../COMMON/LIB/LPCXPRESSO/CMSIS_DSP_4_5_0/-O3 HARD\libCMSIS_DSP_4_5_0_O3_HARD.a(arm_cmplx_mag_squared_f32.o)
                0x10005868                arm_cmplx_mag_squared_f32
 .text.sqrtf    0x10005904       0xac c:/program files (x86)/gnu tools arm embedded/5.4 2016q2/bin/../lib/gcc/arm-none-eabi/5.4.1/../../../../arm-none-eabi/lib/armv7e-m/fpu\libm.a(lib_a-wf_sqrt.o)
                0x10005904                sqrtf
 .text.__ieee754_sqrtf
                0x100059b0       0xa4 c:/program files (x86)/gnu tools arm embedded/5.4 2016q2/bin/../lib/gcc/arm-none-eabi/5.4.1/../../../../arm-none-eabi/lib/armv7e-m/fpu\libm.a(lib_a-ef_sqrt.o)
                0x100059b0                __ieee754_sqrtf
 .text.matherr  0x10005a54        0x4 c:/program files (x86)/gnu tools arm embedded/5.4 2016q2/bin/../lib/gcc/arm-none-eabi/5.4.1/../../../../arm-none-eabi/lib/armv7e-m/fpu\libm.a(lib_a-s_matherr.o)
                0x10005a54                matherr
 .text.__errno  0x10005a58        0xc c:/program files (x86)/gnu tools arm embedded/5.4 2016q2/bin/../lib/gcc/arm-none-eabi/5.4.1/../../../../arm-none-eabi/lib/armv7e-m/fpu\libg_nano.a(lib_a-errno.o)
                0x10005a58                __errno
 .text.exit     0x10005a64       0x28 c:/program files (x86)/gnu tools arm embedded/5.4 2016q2/bin/../lib/gcc/arm-none-eabi/5.4.1/../../../../arm-none-eabi/lib/armv7e-m/fpu\libg_nano.a(lib_a-exit.o)
                0x10005a64                exit
 .text.__libc_init_array
                0x10005a8c       0x4c c:/program files (x86)/gnu tools arm embedded/5.4 2016q2/bin/../lib/gcc/arm-none-eabi/5.4.1/../../../../arm-none-eabi/lib/armv7e-m/fpu\libg_nano.a(lib_a-init.o)
                0x10005a8c                __libc_init_array
 .text.memset   0x10005ad8       0x10 c:/program files (x86)/gnu tools arm embedded/5.4 2016q2/bin/../lib/gcc/arm-none-eabi/5.4.1/../../../../arm-none-eabi/lib/armv7e-m/fpu\libg_nano.a(lib_a-memset.o)
                0x10005ad8                memset
 .text.rand     0x10005ae8       0x74 c:/program files (x86)/gnu tools arm embedded/5.4 2016q2/bin/../lib/gcc/arm-none-eabi/5.4.1/../../../../arm-none-eabi/lib/armv7e-m/fpu\libg_nano.a(lib_a-rand.o)
                0x10005ae8                rand
 .text.malloc   0x10005b5c       0x10 c:/program files (x86)/gnu tools arm embedded/5.4 2016q2/bin/../lib/gcc/arm-none-eabi/5.4.1/../../../../arm-none-eabi/lib/armv7e-m/fpu\libg_nano.a(lib_a-malloc.o)
                0x10005b5c                malloc
 .text._malloc_r
                0x10005b6c       0xbc c:/program files (x86)/gnu tools arm embedded/5.4 2016q2/bin/../lib/gcc/arm-none-eabi/5.4.1/../../../../arm-none-eabi/lib/armv7e-m/fpu\libg_nano.a(lib_a-nano-mallocr.o)
                0x10005b6c                _malloc_r
 .text._sbrk_r  0x10005c28       0x20 c:/program files (x86)/gnu tools arm embedded/5.4 2016q2/bin/../lib/gcc/arm-none-eabi/5.4.1/../../../../arm-none-eabi/lib/armv7e-m/fpu\libg_nano.a(lib_a-sbrkr.o)
                0x10005c28                _sbrk_r
 .text.__malloc_lock
                0x10005c48        0x2 c:/program files (x86)/gnu tools arm embedded/5.4 2016q2/bin/../lib/gcc/arm-none-eabi/5.4.1/../../../../arm-none-eabi/lib/armv7e-m/fpu\libg_nano.a(lib_a-mlock.o)
                0x10005c48                __malloc_lock
 .text.__malloc_unlock
                0x10005c4a        0x2 c:/program files (x86)/gnu tools arm embedded/5.4 2016q2/bin/../lib/gcc/arm-none-eabi/5.4.1/../../../../arm-none-eabi/lib/armv7e-m/fpu\libg_nano.a(lib_a-mlock.o)
                0x10005c4a                __malloc_unlock
 .text._exit    0x10005c4c        0x4 c:/program files (x86)/gnu tools arm embedded/5.4 2016q2/bin/../lib/gcc/arm-none-eabi/5.4.1/../../../../arm-none-eabi/lib/armv7e-m/fpu\libnosys.a(_exit.o)
                0x10005c4c                _exit
 .text.atanf    0x10005c50      0x1b8 c:/program files (x86)/gnu tools arm embedded/5.4 2016q2/bin/../lib/gcc/arm-none-eabi/5.4.1/../../../../arm-none-eabi/lib/armv7e-m/fpu\libm.a(lib_a-sf_atan.o)
                0x10005c50                atanf
 .text.fabsf    0x10005e08       0x10 c:/program files (x86)/gnu tools arm embedded/5.4 2016q2/bin/../lib/gcc/arm-none-eabi/5.4.1/../../../../arm-none-eabi/lib/armv7e-m/fpu\libm.a(lib_a-sf_fabs.o)
                0x10005e08                fabsf
 *(.rodata)
 *(.rodata*)
 .rodata.str1.4
                0x10005e18      0x1e6 C:\Users\emh203\AppData\Local\Temp\ccB2WeVa.ltrans0.ltrans.o
                                0x1ee (size before relaxing)
 *fill*         0x10005ffe        0x2 
 .rodata.fllFactorTable.7474
                0x10006000       0x10 C:\Users\emh203\AppData\Local\Temp\ccB2WeVa.ltrans0.ltrans.o
 .rodata.str1.4
                0x10006010       0x26 C:\Users\emh203\AppData\Local\Temp\ccB2WeVa.ltrans1.ltrans.o
 .rodata.str1.4
                0x10006036       0x26 C:\Users\emh203\AppData\Local\Temp\ccB2WeVa.ltrans2.ltrans.o
 *fill*         0x10006036        0x2 
 .rodata.__func__.7649
                0x10006038       0x12 C:\Users\emh203\AppData\Local\Temp\ccB2WeVa.ltrans3.ltrans.o
 *fill*         0x1000604a        0x2 
 .rodata.__func__.7846.lto_priv.11
                0x1000604c        0xf C:\Users\emh203\AppData\Local\Temp\ccB2WeVa.ltrans3.ltrans.o
                0x1000604c                __func__.7846.lto_priv.11
 *fill*         0x1000605b        0x1 
 .rodata.str1.4
                0x1000605c       0x77 C:\Users\emh203\AppData\Local\Temp\ccB2WeVa.ltrans3.ltrans.o
                                 0x9e (size before relaxing)
 *fill*         0x100060d3        0x1 
 .rodata.__func__.7914
                0x100060d4       0x16 C:\Users\emh203\AppData\Local\Temp\ccB2WeVa.ltrans3.ltrans.o
 *fill*         0x100060ea        0x2 
 .rodata.__func__.7922
                0x100060ec       0x16 C:\Users\emh203\AppData\Local\Temp\ccB2WeVa.ltrans3.ltrans.o
 *fill*         0x10006102        0x2 
 .rodata.__func__.7918
                0x10006104       0x16 C:\Users\emh203\AppData\Local\Temp\ccB2WeVa.ltrans3.ltrans.o
 *fill*         0x1000611a        0x2 
 .rodata.str1.4
                0x1000611c       0xac C:\Users\emh203\AppData\Local\Temp\ccB2WeVa.ltrans4.ltrans.o
                                 0xd3 (size before relaxing)
 .rodata.__func__.8030
                0x100061c8       0x16 C:\Users\emh203\AppData\Local\Temp\ccB2WeVa.ltrans4.ltrans.o
 *fill*         0x100061de        0x2 
 .rodata.__func__.8026
                0x100061e0       0x16 C:\Users\emh203\AppData\Local\Temp\ccB2WeVa.ltrans4.ltrans.o
 *fill*         0x100061f6        0x2 
 .rodata.__func__.8034
                0x100061f8       0x16 C:\Users\emh203\AppData\Local\Temp\ccB2WeVa.ltrans4.ltrans.o
 *fill*         0x1000620e        0x2 
 .rodata.arm_cfft_sR_f32_len256
                0x10006210       0x10 ../../../../../COMMON/LIB/LPCXPRESSO/CMSIS_DSP_4_5_0/-O3 HARD\libCMSIS_DSP_4_5_0_O3_HARD.a(arm_const_structs.o)
                0x10006210                arm_cfft_sR_f32_len256
 .rodata.arm_cfft_sR_f32_len2048
                0x10006220       0x10 ../../../../../COMMON/LIB/LPCXPRESSO/CMSIS_DSP_4_5_0/-O3 HARD\libCMSIS_DSP_4_5_0_O3_HARD.a(arm_const_structs.o)
                0x10006220                arm_cfft_sR_f32_len2048
 .rodata.arm_cfft_sR_f32_len16
                0x10006230       0x10 ../../../../../COMMON/LIB/LPCXPRESSO/CMSIS_DSP_4_5_0/-O3 HARD\libCMSIS_DSP_4_5_0_O3_HARD.a(arm_const_structs.o)
                0x10006230                arm_cfft_sR_f32_len16
 .rodata.arm_cfft_sR_f32_len32
                0x10006240       0x10 ../../../../../COMMON/LIB/LPCXPRESSO/CMSIS_DSP_4_5_0/-O3 HARD\libCMSIS_DSP_4_5_0_O3_HARD.a(arm_const_structs.o)
                0x10006240                arm_cfft_sR_f32_len32
 .rodata.arm_cfft_sR_f32_len64
                0x10006250       0x10 ../../../../../COMMON/LIB/LPCXPRESSO/CMSIS_DSP_4_5_0/-O3 HARD\libCMSIS_DSP_4_5_0_O3_HARD.a(arm_const_structs.o)
                0x10006250                arm_cfft_sR_f32_len64
 .rodata.arm_cfft_sR_f32_len1024
                0x10006260       0x10 ../../../../../COMMON/LIB/LPCXPRESSO/CMSIS_DSP_4_5_0/-O3 HARD\libCMSIS_DSP_4_5_0_O3_HARD.a(arm_const_structs.o)
                0x10006260                arm_cfft_sR_f32_len1024
 .rodata.arm_cfft_sR_f32_len128
                0x10006270       0x10 ../../../../../COMMON/LIB/LPCXPRESSO/CMSIS_DSP_4_5_0/-O3 HARD\libCMSIS_DSP_4_5_0_O3_HARD.a(arm_const_structs.o)
                0x10006270                arm_cfft_sR_f32_len128
 .rodata.arm_cfft_sR_f32_len512
                0x10006280       0x10 ../../../../../COMMON/LIB/LPCXPRESSO/CMSIS_DSP_4_5_0/-O3 HARD\libCMSIS_DSP_4_5_0_O3_HARD.a(arm_const_structs.o)
                0x10006280                arm_cfft_sR_f32_len512
 .rodata.arm_cfft_sR_f32_len4096
                0x10006290       0x10 ../../../../../COMMON/LIB/LPCXPRESSO/CMSIS_DSP_4_5_0/-O3 HARD\libCMSIS_DSP_4_5_0_O3_HARD.a(arm_const_structs.o)
                0x10006290                arm_cfft_sR_f32_len4096
 .rodata.twiddleCoef_2048
                0x100062a0     0x4000 ../../../../../COMMON/LIB/LPCXPRESSO/CMSIS_DSP_4_5_0/-O3 HARD\libCMSIS_DSP_4_5_0_O3_HARD.a(arm_common_tables.o)
                0x100062a0                twiddleCoef_2048
 .rodata.armBitRevIndexTable64
                0x1000a2a0       0x70 ../../../../../COMMON/LIB/LPCXPRESSO/CMSIS_DSP_4_5_0/-O3 HARD\libCMSIS_DSP_4_5_0_O3_HARD.a(arm_common_tables.o)
                0x1000a2a0                armBitRevIndexTable64
 .rodata.twiddleCoef_256
                0x1000a310      0x800 ../../../../../COMMON/LIB/LPCXPRESSO/CMSIS_DSP_4_5_0/-O3 HARD\libCMSIS_DSP_4_5_0_O3_HARD.a(arm_common_tables.o)
                0x1000a310                twiddleCoef_256
 .rodata.twiddleCoef_16
                0x1000ab10       0x80 ../../../../../COMMON/LIB/LPCXPRESSO/CMSIS_DSP_4_5_0/-O3 HARD\libCMSIS_DSP_4_5_0_O3_HARD.a(arm_common_tables.o)
                0x1000ab10                twiddleCoef_16
 .rodata.twiddleCoef_1024
                0x1000ab90     0x2000 ../../../../../COMMON/LIB/LPCXPRESSO/CMSIS_DSP_4_5_0/-O3 HARD\libCMSIS_DSP_4_5_0_O3_HARD.a(arm_common_tables.o)
                0x1000ab90                twiddleCoef_1024
 .rodata.twiddleCoef_32
                0x1000cb90      0x100 ../../../../../COMMON/LIB/LPCXPRESSO/CMSIS_DSP_4_5_0/-O3 HARD\libCMSIS_DSP_4_5_0_O3_HARD.a(arm_common_tables.o)
                0x1000cb90                twiddleCoef_32
 .rodata.armBitRevIndexTable1024
                0x1000cc90      0xe10 ../../../../../COMMON/LIB/LPCXPRESSO/CMSIS_DSP_4_5_0/-O3 HARD\libCMSIS_DSP_4_5_0_O3_HARD.a(arm_common_tables.o)
                0x1000cc90                armBitRevIndexTable1024
 .rodata.armBitRevIndexTable16
                0x1000daa0       0x28 ../../../../../COMMON/LIB/LPCXPRESSO/CMSIS_DSP_4_5_0/-O3 HARD\libCMSIS_DSP_4_5_0_O3_HARD.a(arm_common_tables.o)
                0x1000daa0                armBitRevIndexTable16
 .rodata.armBitRevIndexTable32
                0x1000dac8       0x60 ../../../../../COMMON/LIB/LPCXPRESSO/CMSIS_DSP_4_5_0/-O3 HARD\libCMSIS_DSP_4_5_0_O3_HARD.a(arm_common_tables.o)
                0x1000dac8                armBitRevIndexTable32
 .rodata.twiddleCoef_128
                0x1000db28      0x400 ../../../../../COMMON/LIB/LPCXPRESSO/CMSIS_DSP_4_5_0/-O3 HARD\libCMSIS_DSP_4_5_0_O3_HARD.a(arm_common_tables.o)
                0x1000db28                twiddleCoef_128
 .rodata.twiddleCoef_512
                0x1000df28     0x1000 ../../../../../COMMON/LIB/LPCXPRESSO/CMSIS_DSP_4_5_0/-O3 HARD\libCMSIS_DSP_4_5_0_O3_HARD.a(arm_common_tables.o)
                0x1000df28                twiddleCoef_512
 .rodata.armBitRevIndexTable2048
                0x1000ef28     0x1dc0 ../../../../../COMMON/LIB/LPCXPRESSO/CMSIS_DSP_4_5_0/-O3 HARD\libCMSIS_DSP_4_5_0_O3_HARD.a(arm_common_tables.o)
                0x1000ef28                armBitRevIndexTable2048
 .rodata.twiddleCoef_64
                0x10010ce8      0x200 ../../../../../COMMON/LIB/LPCXPRESSO/CMSIS_DSP_4_5_0/-O3 HARD\libCMSIS_DSP_4_5_0_O3_HARD.a(arm_common_tables.o)
                0x10010ce8                twiddleCoef_64
 .rodata.armBitRevIndexTable4096
                0x10010ee8     0x1f80 ../../../../../COMMON/LIB/LPCXPRESSO/CMSIS_DSP_4_5_0/-O3 HARD\libCMSIS_DSP_4_5_0_O3_HARD.a(arm_common_tables.o)
                0x10010ee8                armBitRevIndexTable4096
 .rodata.armBitRevIndexTable512
                0x10012e68      0x380 ../../../../../COMMON/LIB/LPCXPRESSO/CMSIS_DSP_4_5_0/-O3 HARD\libCMSIS_DSP_4_5_0_O3_HARD.a(arm_common_tables.o)
                0x10012e68                armBitRevIndexTable512
 .rodata.armBitRevIndexTable256
                0x100131e8      0x370 ../../../../../COMMON/LIB/LPCXPRESSO/CMSIS_DSP_4_5_0/-O3 HARD\libCMSIS_DSP_4_5_0_O3_HARD.a(arm_common_tables.o)
                0x100131e8                armBitRevIndexTable256
 .rodata.armBitRevIndexTable128
                0x10013558      0x1a0 ../../../../../COMMON/LIB/LPCXPRESSO/CMSIS_DSP_4_5_0/-O3 HARD\libCMSIS_DSP_4_5_0_O3_HARD.a(arm_common_tables.o)
                0x10013558                armBitRevIndexTable128
 .rodata.twiddleCoef_4096
                0x100136f8     0x8000 ../../../../../COMMON/LIB/LPCXPRESSO/CMSIS_DSP_4_5_0/-O3 HARD\libCMSIS_DSP_4_5_0_O3_HARD.a(arm_common_tables.o)
                0x100136f8                twiddleCoef_4096
 .rodata.str1.4
                0x1001b6f8        0x6 c:/program files (x86)/gnu tools arm embedded/5.4 2016q2/bin/../lib/gcc/arm-none-eabi/5.4.1/../../../../arm-none-eabi/lib/armv7e-m/fpu\libm.a(lib_a-wf_sqrt.o)
 .rodata.str1.1
                0x1001b6fe        0x2 c:/program files (x86)/gnu tools arm embedded/5.4 2016q2/bin/../lib/gcc/arm-none-eabi/5.4.1/../../../../arm-none-eabi/lib/armv7e-m/fpu\libg_nano.a(lib_a-impure.o)
 .rodata._global_impure_ptr
                0x1001b700        0x4 c:/program files (x86)/gnu tools arm embedded/5.4 2016q2/bin/../lib/gcc/arm-none-eabi/5.4.1/../../../../arm-none-eabi/lib/armv7e-m/fpu\libg_nano.a(lib_a-impure.o)
                0x1001b700                _global_impure_ptr
 .rodata.atanlo
                0x1001b704       0x10 c:/program files (x86)/gnu tools arm embedded/5.4 2016q2/bin/../lib/gcc/arm-none-eabi/5.4.1/../../../../arm-none-eabi/lib/armv7e-m/fpu\libm.a(lib_a-sf_atan.o)
 .rodata.atanhi
                0x1001b714       0x10 c:/program files (x86)/gnu tools arm embedded/5.4 2016q2/bin/../lib/gcc/arm-none-eabi/5.4.1/../../../../arm-none-eabi/lib/armv7e-m/fpu\libm.a(lib_a-sf_atan.o)
 *(.glue_7)
 .glue_7        0x1001b724        0x0 linker stubs
 *(.glue_7t)
 .glue_7t       0x1001b724        0x0 linker stubs
 *(.eh_frame)
 .eh_frame      0x1001b724        0x0 c:/program files (x86)/gnu tools arm embedded/5.4 2016q2/bin/../lib/gcc/arm-none-eabi/5.4.1/armv7e-m/fpu/crtbegin.o
 *(.init)
 .init          0x1001b724        0x4 c:/program files (x86)/gnu tools arm embedded/5.4 2016q2/bin/../lib/gcc/arm-none-eabi/5.4.1/armv7e-m/fpu/crti.o
                0x1001b724                _init
 .init          0x1001b728        0x8 c:/program files (x86)/gnu tools arm embedded/5.4 2016q2/bin/../lib/gcc/arm-none-eabi/5.4.1/armv7e-m/fpu/crtn.o
 *(.fini)
 .fini          0x1001b730        0x4 c:/program files (x86)/gnu tools arm embedded/5.4 2016q2/bin/../lib/gcc/arm-none-eabi/5.4.1/armv7e-m/fpu/crti.o
                0x1001b730                _fini
 .fini          0x1001b734        0x8 c:/program files (x86)/gnu tools arm embedded/5.4 2016q2/bin/../lib/gcc/arm-none-eabi/5.4.1/armv7e-m/fpu/crtn.o
                0x1001b73c                . = ALIGN (0x4)

.vfp11_veneer   0x1001b73c        0x0
 .vfp11_veneer  0x1001b73c        0x0 linker stubs

.v4_bx          0x1001b73c        0x0
 .v4_bx         0x1001b73c        0x0 linker stubs

.iplt           0x1001b73c        0x0
 .iplt          0x1001b73c        0x0 c:/program files (x86)/gnu tools arm embedded/5.4 2016q2/bin/../lib/gcc/arm-none-eabi/5.4.1/armv7e-m/fpu/crtbegin.o

.ARM.extab
 *(.ARM.extab* .gnu.linkonce.armextab.*)

.ARM            0x1001b73c        0x8
                0x1001b73c                __exidx_start = .
 *(.ARM.exidx*)
 .ARM.exidx     0x1001b73c        0x8 c:/program files (x86)/gnu tools arm embedded/5.4 2016q2/bin/../lib/gcc/arm-none-eabi/5.4.1/../../../../arm-none-eabi/lib/armv7e-m/fpu/crt0.o
                0x1001b744                __exidx_end = .

.rel.dyn        0x1001b744        0x0
 .rel.iplt      0x1001b744        0x0 c:/program files (x86)/gnu tools arm embedded/5.4 2016q2/bin/../lib/gcc/arm-none-eabi/5.4.1/armv7e-m/fpu/crtbegin.o

.ctors          0x1001b744        0x0
                0x1001b744                __CTOR_LIST__ = .
 *crtbegin.o(.ctors)
 *crtbegin?.o(.ctors)
 *(EXCLUDE_FILE(*crtend.o *crtend?.o) .ctors)
 *(SORT(.ctors.*))
 *(.ctors)
                0x1001b744                __CTOR_END__ = .

.dtors          0x1001b744        0x0
                0x1001b744                __DTOR_LIST__ = .
 *crtbegin.o(.dtors)
 *crtbegin?.o(.dtors)
 *(EXCLUDE_FILE(*crtend.o *crtend?.o) .dtors)
 *(SORT(.dtors.*))
 *(.dtors)
                0x1001b744                __DTOR_END__ = .

.preinit_array  0x1001b744        0x0
                0x1001b744                PROVIDE (__preinit_array_start, .)
 *(.preinit_array*)
                0x1001b744                PROVIDE (__preinit_array_end, .)

.init_array     0x1001b744        0x4
                0x1001b744                PROVIDE (__init_array_start, .)
 *(SORT(.init_array.*))
 *(.init_array*)
 .init_array    0x1001b744        0x4 c:/program files (x86)/gnu tools arm embedded/5.4 2016q2/bin/../lib/gcc/arm-none-eabi/5.4.1/armv7e-m/fpu/crtbegin.o
                0x1001b748                PROVIDE (__init_array_end, .)

.fini_array     0x1001b748        0x4
                [!provide]                PROVIDE (__fini_array_start, .)
 *(SORT(.fini_array.*))
 *(.fini_array*)
 .fini_array    0x1001b748        0x4 c:/program files (x86)/gnu tools arm embedded/5.4 2016q2/bin/../lib/gcc/arm-none-eabi/5.4.1/armv7e-m/fpu/crtbegin.o
                [!provide]                PROVIDE (__fini_array_end, .)
                0x1001b74c                __etext = .
                0x1001b74c                __DATA_ROM = .

.interrupts_ram
                0x20000000        0x0
                0x20000000                . = ALIGN (0x4)
                0x20000000                __VECTOR_RAM__ = .
                0x20000000                __interrupts_ram_start__ = .
 *(.m_interrupts_ram)
                0x20000000                . = (. + M_VECTOR_RAM_SIZE)
                0x20000000                . = ALIGN (0x4)
                0x20000000                __interrupts_ram_end__ = .
                0x10000000                __VECTOR_RAM = DEFINED (__ram_vector_table__)?__VECTOR_RAM__:ORIGIN (m_interrupts)
                0x00000000                __RAM_VECTOR_TABLE_SIZE_BYTES = DEFINED (__ram_vector_table__)?(__interrupts_ram_end__ - __interrupts_ram_start__):0x0

.data           0x20000000       0x80 load address 0x1001b74c
                0x20000000                . = ALIGN (0x4)
                0x20000000                __DATA_RAM = .
                0x20000000                __data_start__ = .
 *(.data)
 *(.data*)
 .data.IIR_Coef_f32
                0x20000000       0x14 C:\Users\emh203\AppData\Local\Temp\ccB2WeVa.ltrans0.ltrans.o
 .data.__fdlib_version
                0x20000014        0x1 c:/program files (x86)/gnu tools arm embedded/5.4 2016q2/bin/../lib/gcc/arm-none-eabi/5.4.1/../../../../arm-none-eabi/lib/armv7e-m/fpu\libm.a(lib_a-s_lib_ver.o)
                0x20000014                __fdlib_version
 *fill*         0x20000015        0x3 
 .data.impure_data
                0x20000018       0x60 c:/program files (x86)/gnu tools arm embedded/5.4 2016q2/bin/../lib/gcc/arm-none-eabi/5.4.1/../../../../arm-none-eabi/lib/armv7e-m/fpu\libg_nano.a(lib_a-impure.o)
 .data._impure_ptr
                0x20000078        0x4 c:/program files (x86)/gnu tools arm embedded/5.4 2016q2/bin/../lib/gcc/arm-none-eabi/5.4.1/../../../../arm-none-eabi/lib/armv7e-m/fpu\libg_nano.a(lib_a-impure.o)
                0x20000078                _impure_ptr
 *(.jcr*)
 .jcr           0x2000007c        0x0 c:/program files (x86)/gnu tools arm embedded/5.4 2016q2/bin/../lib/gcc/arm-none-eabi/5.4.1/armv7e-m/fpu/crtbegin.o
 .jcr           0x2000007c        0x4 c:/program files (x86)/gnu tools arm embedded/5.4 2016q2/bin/../lib/gcc/arm-none-eabi/5.4.1/armv7e-m/fpu/crtend.o
                0x20000080                . = ALIGN (0x4)
                0x20000080                __data_end__ = .
                0x1001b7cc                __DATA_END = (__DATA_ROM + (__data_end__ - __data_start__))
                0x10100000                text_end = (ORIGIN (m_text) + LENGTH (m_text))
                0x00000001                ASSERT ((__DATA_END <= text_end), region m_text overflowed with text and data)

.igot.plt       0x20000080        0x0 load address 0x1001b7cc
 .igot.plt      0x20000080        0x0 c:/program files (x86)/gnu tools arm embedded/5.4 2016q2/bin/../lib/gcc/arm-none-eabi/5.4.1/armv7e-m/fpu/crtbegin.o

.bss            0x20000080     0xa260 load address 0x1001b7cc
                0x20000080                . = ALIGN (0x4)
                0x20000080                __START_BSS = .
                0x20000080                __bss_start__ = .
 *(.bss)
 .bss           0x20000080       0x1c c:/program files (x86)/gnu tools arm embedded/5.4 2016q2/bin/../lib/gcc/arm-none-eabi/5.4.1/armv7e-m/fpu/crtbegin.o
 *(.bss*)
 .bss.IIR_Inst  0x2000009c       0x10 C:\Users\emh203\AppData\Local\Temp\ccB2WeVa.ltrans0.ltrans.o
 .bss.g_xtal0Freq
                0x200000ac        0x4 C:\Users\emh203\AppData\Local\Temp\ccB2WeVa.ltrans0.ltrans.o
 .bss.FIR_State
                0x200000b0     0x2084 C:\Users\emh203\AppData\Local\Temp\ccB2WeVa.ltrans0.ltrans.o
 .bss.PID_Inst  0x20002134       0x24 C:\Users\emh203\AppData\Local\Temp\ccB2WeVa.ltrans0.ltrans.o
 .bss.FIR_Coef_f32
                0x20002158       0x80 C:\Users\emh203\AppData\Local\Temp\ccB2WeVa.ltrans0.ltrans.o
 .bss.FIR_Inst  0x200021d8        0xc C:\Users\emh203\AppData\Local\Temp\ccB2WeVa.ltrans0.ltrans.o
 .bss.E_IIRf    0x200021e4       0x3c C:\Users\emh203\AppData\Local\Temp\ccB2WeVa.ltrans0.ltrans.o
 .bss.s_debugConsole.lto_priv.13
                0x20002220       0x10 C:\Users\emh203\AppData\Local\Temp\ccB2WeVa.ltrans0.ltrans.o
                0x20002220                s_debugConsole.lto_priv.13
 .bss.IIR_State_f32
                0x20002230       0x10 C:\Users\emh203\AppData\Local\Temp\ccB2WeVa.ltrans0.ltrans.o
 .bss.OutputData
                0x20002240     0x4000 C:\Users\emh203\AppData\Local\Temp\ccB2WeVa.ltrans0.ltrans.o
 .bss.InputData
                0x20006240     0x4000 C:\Users\emh203\AppData\Local\Temp\ccB2WeVa.ltrans3.ltrans.o
                0x20006240                InputData
 .bss.s_EDMAHandle.lto_priv.10
                0x2000a240       0x80 C:\Users\emh203\AppData\Local\Temp\ccB2WeVa.ltrans3.ltrans.o
                0x2000a240                s_EDMAHandle.lto_priv.10
 .bss.G         0x2000a2c0       0x10 C:\Users\emh203\AppData\Local\Temp\ccB2WeVa.ltrans3.ltrans.o
                0x2000a2c0                G
 .bss.heap_end.5162
                0x2000a2d0        0x4 C:\Users\emh203\AppData\Local\Temp\ccB2WeVa.ltrans5.ltrans.o
 .bss.__malloc_sbrk_start
                0x2000a2d4        0x4 c:/program files (x86)/gnu tools arm embedded/5.4 2016q2/bin/../lib/gcc/arm-none-eabi/5.4.1/../../../../arm-none-eabi/lib/armv7e-m/fpu\libg_nano.a(lib_a-nano-mallocr.o)
                0x2000a2d4                __malloc_sbrk_start
 .bss.__malloc_free_list
                0x2000a2d8        0x4 c:/program files (x86)/gnu tools arm embedded/5.4 2016q2/bin/../lib/gcc/arm-none-eabi/5.4.1/../../../../arm-none-eabi/lib/armv7e-m/fpu\libg_nano.a(lib_a-nano-mallocr.o)
                0x2000a2d8                __malloc_free_list
 *(COMMON)
 COMMON         0x2000a2dc        0x4 c:/program files (x86)/gnu tools arm embedded/5.4 2016q2/bin/../lib/gcc/arm-none-eabi/5.4.1/../../../../arm-none-eabi/lib/armv7e-m/fpu\libg_nano.a(lib_a-reent.o)
                0x2000a2dc                errno
                0x2000a2e0                . = ALIGN (0x4)
                0x2000a2e0                __bss_end__ = .
                0x2000a2e0                __END_BSS = .

.heap           0x2f000000      0x400
                0x2f000000                . = ALIGN (0x8)
                0x2f000000                __end__ = .
                0x2f000000                PROVIDE (end, .)
                0x2f000000                __HeapBase = .
                0x2f000400                . = (. + HEAP_SIZE)
 *fill*         0x2f000000      0x400 
                0x2f000400                __HeapLimit = .
                0x2f000400                __heap_limit = .

.stack          0x2f000400      0x400
                0x2f000400                . = ALIGN (0x8)
                0x2f000800                . = (. + STACK_SIZE)
 *fill*         0x2f000400      0x400 
                0x2f010000                __StackTop = (ORIGIN (m_data_2) + LENGTH (m_data_2))
                0x2f00fc00                __StackLimit = (__StackTop - STACK_SIZE)
                0x2f010000                PROVIDE (__stack, __StackTop)

.ARM.attributes
                0x00000000       0x30
 *(.ARM.attributes)
 .ARM.attributes
                0x00000000       0x22 c:/program files (x86)/gnu tools arm embedded/5.4 2016q2/bin/../lib/gcc/arm-none-eabi/5.4.1/armv7e-m/fpu/crti.o
 .ARM.attributes
                0x00000022       0x34 c:/program files (x86)/gnu tools arm embedded/5.4 2016q2/bin/../lib/gcc/arm-none-eabi/5.4.1/armv7e-m/fpu/crtbegin.o
 .ARM.attributes
                0x00000056       0x20 c:/program files (x86)/gnu tools arm embedded/5.4 2016q2/bin/../lib/gcc/arm-none-eabi/5.4.1/../../../../arm-none-eabi/lib/armv7e-m/fpu/crt0.o
 .ARM.attributes
                0x00000076       0x37 C:\Users\emh203\AppData\Local\Temp\ccB2WeVa.ltrans0.ltrans.o
 .ARM.attributes
                0x000000ad       0x37 C:\Users\emh203\AppData\Local\Temp\ccB2WeVa.ltrans1.ltrans.o
 .ARM.attributes
                0x000000e4       0x37 C:\Users\emh203\AppData\Local\Temp\ccB2WeVa.ltrans2.ltrans.o
 .ARM.attributes
                0x0000011b       0x37 C:\Users\emh203\AppData\Local\Temp\ccB2WeVa.ltrans3.ltrans.o
 .ARM.attributes
                0x00000152       0x37 C:\Users\emh203\AppData\Local\Temp\ccB2WeVa.ltrans4.ltrans.o
 .ARM.attributes
                0x00000189       0x37 C:\Users\emh203\AppData\Local\Temp\ccB2WeVa.ltrans5.ltrans.o
 .ARM.attributes
                0x000001c0       0x1f ./startup/startup_MKV58F24.o
 .ARM.attributes
                0x000001df       0x39 ../../../../../COMMON/LIB/LPCXPRESSO/CMSIS_DSP_4_5_0/-O3 HARD\libCMSIS_DSP_4_5_0_O3_HARD.a(arm_cfft_f32.o)
 .ARM.attributes
                0x00000218       0x39 ../../../../../COMMON/LIB/LPCXPRESSO/CMSIS_DSP_4_5_0/-O3 HARD\libCMSIS_DSP_4_5_0_O3_HARD.a(arm_cfft_radix8_f32.o)
 .ARM.attributes
                0x00000251       0x39 ../../../../../COMMON/LIB/LPCXPRESSO/CMSIS_DSP_4_5_0/-O3 HARD\libCMSIS_DSP_4_5_0_O3_HARD.a(arm_biquad_cascade_df1_f32.o)
 .ARM.attributes
                0x0000028a       0x39 ../../../../../COMMON/LIB/LPCXPRESSO/CMSIS_DSP_4_5_0/-O3 HARD\libCMSIS_DSP_4_5_0_O3_HARD.a(arm_biquad_cascade_df1_init_f32.o)
 .ARM.attributes
                0x000002c3       0x39 ../../../../../COMMON/LIB/LPCXPRESSO/CMSIS_DSP_4_5_0/-O3 HARD\libCMSIS_DSP_4_5_0_O3_HARD.a(arm_biquad_cascade_df2T_f32.o)
 .ARM.attributes
                0x000002fc       0x39 ../../../../../COMMON/LIB/LPCXPRESSO/CMSIS_DSP_4_5_0/-O3 HARD\libCMSIS_DSP_4_5_0_O3_HARD.a(arm_biquad_cascade_df2T_init_f32.o)
 .ARM.attributes
                0x00000335       0x39 ../../../../../COMMON/LIB/LPCXPRESSO/CMSIS_DSP_4_5_0/-O3 HARD\libCMSIS_DSP_4_5_0_O3_HARD.a(arm_fir_f32.o)
 .ARM.attributes
                0x0000036e       0x39 ../../../../../COMMON/LIB/LPCXPRESSO/CMSIS_DSP_4_5_0/-O3 HARD\libCMSIS_DSP_4_5_0_O3_HARD.a(arm_fir_init_f32.o)
 .ARM.attributes
                0x000003a7       0x39 ../../../../../COMMON/LIB/LPCXPRESSO/CMSIS_DSP_4_5_0/-O3 HARD\libCMSIS_DSP_4_5_0_O3_HARD.a(arm_pid_init_f32.o)
 .ARM.attributes
                0x000003e0       0x39 ../../../../../COMMON/LIB/LPCXPRESSO/CMSIS_DSP_4_5_0/-O3 HARD\libCMSIS_DSP_4_5_0_O3_HARD.a(arm_cmplx_mag_f32.o)
 .ARM.attributes
                0x00000419       0x39 ../../../../../COMMON/LIB/LPCXPRESSO/CMSIS_DSP_4_5_0/-O3 HARD\libCMSIS_DSP_4_5_0_O3_HARD.a(arm_cmplx_mag_squared_f32.o)
 .ARM.attributes
                0x00000452       0x39 ../../../../../COMMON/LIB/LPCXPRESSO/CMSIS_DSP_4_5_0/-O3 HARD\libCMSIS_DSP_4_5_0_O3_HARD.a(arm_const_structs.o)
 .ARM.attributes
                0x0000048b       0x25 ../../../../../COMMON/LIB/LPCXPRESSO/CMSIS_DSP_4_5_0/-O3 HARD\libCMSIS_DSP_4_5_0_O3_HARD.a(arm_bitreversal2.o)
 .ARM.attributes
                0x000004b0       0x39 ../../../../../COMMON/LIB/LPCXPRESSO/CMSIS_DSP_4_5_0/-O3 HARD\libCMSIS_DSP_4_5_0_O3_HARD.a(arm_common_tables.o)
 .ARM.attributes
                0x000004e9       0x34 c:/program files (x86)/gnu tools arm embedded/5.4 2016q2/bin/../lib/gcc/arm-none-eabi/5.4.1/../../../../arm-none-eabi/lib/armv7e-m/fpu\libm.a(lib_a-wf_sqrt.o)
 .ARM.attributes
                0x0000051d       0x34 c:/program files (x86)/gnu tools arm embedded/5.4 2016q2/bin/../lib/gcc/arm-none-eabi/5.4.1/../../../../arm-none-eabi/lib/armv7e-m/fpu\libm.a(lib_a-ef_sqrt.o)
 .ARM.attributes
                0x00000551       0x34 c:/program files (x86)/gnu tools arm embedded/5.4 2016q2/bin/../lib/gcc/arm-none-eabi/5.4.1/../../../../arm-none-eabi/lib/armv7e-m/fpu\libm.a(lib_a-s_lib_ver.o)
 .ARM.attributes
                0x00000585       0x34 c:/program files (x86)/gnu tools arm embedded/5.4 2016q2/bin/../lib/gcc/arm-none-eabi/5.4.1/../../../../arm-none-eabi/lib/armv7e-m/fpu\libm.a(lib_a-s_matherr.o)
 .ARM.attributes
                0x000005b9       0x22 c:/program files (x86)/gnu tools arm embedded/5.4 2016q2/bin/../lib/gcc/arm-none-eabi/5.4.1/armv7e-m/fpu\libgcc.a(_arm_addsubdf3.o)
 .ARM.attributes
                0x000005db       0x22 c:/program files (x86)/gnu tools arm embedded/5.4 2016q2/bin/../lib/gcc/arm-none-eabi/5.4.1/armv7e-m/fpu\libgcc.a(_arm_muldivdf3.o)
 .ARM.attributes
                0x000005fd       0x22 c:/program files (x86)/gnu tools arm embedded/5.4 2016q2/bin/../lib/gcc/arm-none-eabi/5.4.1/armv7e-m/fpu\libgcc.a(_arm_truncdfsf2.o)
 .ARM.attributes
                0x0000061f       0x34 c:/program files (x86)/gnu tools arm embedded/5.4 2016q2/bin/../lib/gcc/arm-none-eabi/5.4.1/../../../../arm-none-eabi/lib/armv7e-m/fpu\libg_nano.a(lib_a-errno.o)
 .ARM.attributes
                0x00000653       0x34 c:/program files (x86)/gnu tools arm embedded/5.4 2016q2/bin/../lib/gcc/arm-none-eabi/5.4.1/../../../../arm-none-eabi/lib/armv7e-m/fpu\libg_nano.a(lib_a-exit.o)
 .ARM.attributes
                0x00000687       0x34 c:/program files (x86)/gnu tools arm embedded/5.4 2016q2/bin/../lib/gcc/arm-none-eabi/5.4.1/../../../../arm-none-eabi/lib/armv7e-m/fpu\libg_nano.a(lib_a-impure.o)
 .ARM.attributes
                0x000006bb       0x34 c:/program files (x86)/gnu tools arm embedded/5.4 2016q2/bin/../lib/gcc/arm-none-eabi/5.4.1/../../../../arm-none-eabi/lib/armv7e-m/fpu\libg_nano.a(lib_a-init.o)
 .ARM.attributes
                0x000006ef       0x34 c:/program files (x86)/gnu tools arm embedded/5.4 2016q2/bin/../lib/gcc/arm-none-eabi/5.4.1/../../../../arm-none-eabi/lib/armv7e-m/fpu\libg_nano.a(lib_a-memset.o)
 .ARM.attributes
                0x00000723       0x34 c:/program files (x86)/gnu tools arm embedded/5.4 2016q2/bin/../lib/gcc/arm-none-eabi/5.4.1/../../../../arm-none-eabi/lib/armv7e-m/fpu\libg_nano.a(lib_a-rand.o)
 .ARM.attributes
                0x00000757       0x34 c:/program files (x86)/gnu tools arm embedded/5.4 2016q2/bin/../lib/gcc/arm-none-eabi/5.4.1/../../../../arm-none-eabi/lib/armv7e-m/fpu\libg_nano.a(lib_a-malloc.o)
 .ARM.attributes
                0x0000078b       0x34 c:/program files (x86)/gnu tools arm embedded/5.4 2016q2/bin/../lib/gcc/arm-none-eabi/5.4.1/../../../../arm-none-eabi/lib/armv7e-m/fpu\libg_nano.a(lib_a-nano-mallocr.o)
 .ARM.attributes
                0x000007bf       0x34 c:/program files (x86)/gnu tools arm embedded/5.4 2016q2/bin/../lib/gcc/arm-none-eabi/5.4.1/../../../../arm-none-eabi/lib/armv7e-m/fpu\libg_nano.a(lib_a-sbrkr.o)
 .ARM.attributes
                0x000007f3       0x34 c:/program files (x86)/gnu tools arm embedded/5.4 2016q2/bin/../lib/gcc/arm-none-eabi/5.4.1/../../../../arm-none-eabi/lib/armv7e-m/fpu\libg_nano.a(lib_a-mlock.o)
 .ARM.attributes
                0x00000827       0x34 c:/program files (x86)/gnu tools arm embedded/5.4 2016q2/bin/../lib/gcc/arm-none-eabi/5.4.1/../../../../arm-none-eabi/lib/armv7e-m/fpu\libg_nano.a(lib_a-reent.o)
 .ARM.attributes
                0x0000085b       0x34 c:/program files (x86)/gnu tools arm embedded/5.4 2016q2/bin/../lib/gcc/arm-none-eabi/5.4.1/../../../../arm-none-eabi/lib/armv7e-m/fpu\libnosys.a(_exit.o)
 .ARM.attributes
                0x0000088f       0x34 c:/program files (x86)/gnu tools arm embedded/5.4 2016q2/bin/../lib/gcc/arm-none-eabi/5.4.1/armv7e-m/fpu/crtend.o
 .ARM.attributes
                0x000008c3       0x22 c:/program files (x86)/gnu tools arm embedded/5.4 2016q2/bin/../lib/gcc/arm-none-eabi/5.4.1/armv7e-m/fpu/crtn.o
 .ARM.attributes
                0x000008e5       0x34 c:/program files (x86)/gnu tools arm embedded/5.4 2016q2/bin/../lib/gcc/arm-none-eabi/5.4.1/../../../../arm-none-eabi/lib/armv7e-m/fpu\libm.a(lib_a-sf_atan.o)
 .ARM.attributes
                0x00000919       0x34 c:/program files (x86)/gnu tools arm embedded/5.4 2016q2/bin/../lib/gcc/arm-none-eabi/5.4.1/../../../../arm-none-eabi/lib/armv7e-m/fpu\libm.a(lib_a-sf_fabs.o)
 .ARM.attributes
                0x0000094d       0x1b c:/program files (x86)/gnu tools arm embedded/5.4 2016q2/bin/../lib/gcc/arm-none-eabi/5.4.1/../../../../arm-none-eabi/lib/armv7e-m/fpu\libg_nano.a(lib_a-strlen.o)
                0x00000001                ASSERT ((__StackLimit >= __HeapLimit), region m_data_2 overflowed with stack and heap)
OUTPUT(CM7_TEST.elf elf32-littlearm)

.debug_info     0x00000000     0xb9c9
 .debug_info    0x00000000     0x36ad C:\Users\emh203\AppData\Local\Temp\ccB2WeVa.ltrans0.ltrans.o
 .debug_info    0x000036ad     0x11a4 C:\Users\emh203\AppData\Local\Temp\ccB2WeVa.ltrans1.ltrans.o
 .debug_info    0x00004851     0x11a4 C:\Users\emh203\AppData\Local\Temp\ccB2WeVa.ltrans2.ltrans.o
 .debug_info    0x000059f5     0x1734 C:\Users\emh203\AppData\Local\Temp\ccB2WeVa.ltrans3.ltrans.o
 .debug_info    0x00007129      0xef3 C:\Users\emh203\AppData\Local\Temp\ccB2WeVa.ltrans4.ltrans.o
 .debug_info    0x0000801c      0x943 C:\Users\emh203\AppData\Local\Temp\ccB2WeVa.ltrans5.ltrans.o
 .debug_info    0x0000895f       0x9a ./startup/startup_MKV58F24.o
 .debug_info    0x000089f9      0x63d ../../../../../COMMON/LIB/LPCXPRESSO/CMSIS_DSP_4_5_0/-O3 HARD\libCMSIS_DSP_4_5_0_O3_HARD.a(arm_cfft_f32.o)
 .debug_info    0x00009036      0x3e5 ../../../../../COMMON/LIB/LPCXPRESSO/CMSIS_DSP_4_5_0/-O3 HARD\libCMSIS_DSP_4_5_0_O3_HARD.a(arm_cfft_radix8_f32.o)
 .debug_info    0x0000941b      0x223 ../../../../../COMMON/LIB/LPCXPRESSO/CMSIS_DSP_4_5_0/-O3 HARD\libCMSIS_DSP_4_5_0_O3_HARD.a(arm_biquad_cascade_df1_f32.o)
 .debug_info    0x0000963e      0x155 ../../../../../COMMON/LIB/LPCXPRESSO/CMSIS_DSP_4_5_0/-O3 HARD\libCMSIS_DSP_4_5_0_O3_HARD.a(arm_biquad_cascade_df1_init_f32.o)
 .debug_info    0x00009793      0x2c7 ../../../../../COMMON/LIB/LPCXPRESSO/CMSIS_DSP_4_5_0/-O3 HARD\libCMSIS_DSP_4_5_0_O3_HARD.a(arm_biquad_cascade_df2T_f32.o)
 .debug_info    0x00009a5a      0x155 ../../../../../COMMON/LIB/LPCXPRESSO/CMSIS_DSP_4_5_0/-O3 HARD\libCMSIS_DSP_4_5_0_O3_HARD.a(arm_biquad_cascade_df2T_init_f32.o)
 .debug_info    0x00009baf      0x348 ../../../../../COMMON/LIB/LPCXPRESSO/CMSIS_DSP_4_5_0/-O3 HARD\libCMSIS_DSP_4_5_0_O3_HARD.a(arm_fir_f32.o)
 .debug_info    0x00009ef7      0x16b ../../../../../COMMON/LIB/LPCXPRESSO/CMSIS_DSP_4_5_0/-O3 HARD\libCMSIS_DSP_4_5_0_O3_HARD.a(arm_fir_init_f32.o)
 .debug_info    0x0000a062      0x16c ../../../../../COMMON/LIB/LPCXPRESSO/CMSIS_DSP_4_5_0/-O3 HARD\libCMSIS_DSP_4_5_0_O3_HARD.a(arm_pid_init_f32.o)
 .debug_info    0x0000a1ce      0x266 ../../../../../COMMON/LIB/LPCXPRESSO/CMSIS_DSP_4_5_0/-O3 HARD\libCMSIS_DSP_4_5_0_O3_HARD.a(arm_cmplx_mag_f32.o)
 .debug_info    0x0000a434      0x227 ../../../../../COMMON/LIB/LPCXPRESSO/CMSIS_DSP_4_5_0/-O3 HARD\libCMSIS_DSP_4_5_0_O3_HARD.a(arm_cmplx_mag_squared_f32.o)
 .debug_info    0x0000a65b      0x932 ../../../../../COMMON/LIB/LPCXPRESSO/CMSIS_DSP_4_5_0/-O3 HARD\libCMSIS_DSP_4_5_0_O3_HARD.a(arm_const_structs.o)
 .debug_info    0x0000af8d       0xfc ../../../../../COMMON/LIB/LPCXPRESSO/CMSIS_DSP_4_5_0/-O3 HARD\libCMSIS_DSP_4_5_0_O3_HARD.a(arm_bitreversal2.o)
 .debug_info    0x0000b089      0x940 ../../../../../COMMON/LIB/LPCXPRESSO/CMSIS_DSP_4_5_0/-O3 HARD\libCMSIS_DSP_4_5_0_O3_HARD.a(arm_common_tables.o)

.debug_abbrev   0x00000000     0x1ea9
 .debug_abbrev  0x00000000      0x42f C:\Users\emh203\AppData\Local\Temp\ccB2WeVa.ltrans0.ltrans.o
 .debug_abbrev  0x0000042f      0x284 C:\Users\emh203\AppData\Local\Temp\ccB2WeVa.ltrans1.ltrans.o
 .debug_abbrev  0x000006b3      0x284 C:\Users\emh203\AppData\Local\Temp\ccB2WeVa.ltrans2.ltrans.o
 .debug_abbrev  0x00000937      0x420 C:\Users\emh203\AppData\Local\Temp\ccB2WeVa.ltrans3.ltrans.o
 .debug_abbrev  0x00000d57      0x31c C:\Users\emh203\AppData\Local\Temp\ccB2WeVa.ltrans4.ltrans.o
 .debug_abbrev  0x00001073      0x303 C:\Users\emh203\AppData\Local\Temp\ccB2WeVa.ltrans5.ltrans.o
 .debug_abbrev  0x00001376       0x14 ./startup/startup_MKV58F24.o
 .debug_abbrev  0x0000138a      0x181 ../../../../../COMMON/LIB/LPCXPRESSO/CMSIS_DSP_4_5_0/-O3 HARD\libCMSIS_DSP_4_5_0_O3_HARD.a(arm_cfft_f32.o)
 .debug_abbrev  0x0000150b       0xa7 ../../../../../COMMON/LIB/LPCXPRESSO/CMSIS_DSP_4_5_0/-O3 HARD\libCMSIS_DSP_4_5_0_O3_HARD.a(arm_cfft_radix8_f32.o)
 .debug_abbrev  0x000015b2       0xd6 ../../../../../COMMON/LIB/LPCXPRESSO/CMSIS_DSP_4_5_0/-O3 HARD\libCMSIS_DSP_4_5_0_O3_HARD.a(arm_biquad_cascade_df1_f32.o)
 .debug_abbrev  0x00001688       0xca ../../../../../COMMON/LIB/LPCXPRESSO/CMSIS_DSP_4_5_0/-O3 HARD\libCMSIS_DSP_4_5_0_O3_HARD.a(arm_biquad_cascade_df1_init_f32.o)
 .debug_abbrev  0x00001752      0x103 ../../../../../COMMON/LIB/LPCXPRESSO/CMSIS_DSP_4_5_0/-O3 HARD\libCMSIS_DSP_4_5_0_O3_HARD.a(arm_biquad_cascade_df2T_f32.o)
 .debug_abbrev  0x00001855       0xca ../../../../../COMMON/LIB/LPCXPRESSO/CMSIS_DSP_4_5_0/-O3 HARD\libCMSIS_DSP_4_5_0_O3_HARD.a(arm_biquad_cascade_df2T_init_f32.o)
 .debug_abbrev  0x0000191f       0xd6 ../../../../../COMMON/LIB/LPCXPRESSO/CMSIS_DSP_4_5_0/-O3 HARD\libCMSIS_DSP_4_5_0_O3_HARD.a(arm_fir_f32.o)
 .debug_abbrev  0x000019f5       0xd9 ../../../../../COMMON/LIB/LPCXPRESSO/CMSIS_DSP_4_5_0/-O3 HARD\libCMSIS_DSP_4_5_0_O3_HARD.a(arm_fir_init_f32.o)
 .debug_abbrev  0x00001ace       0xee ../../../../../COMMON/LIB/LPCXPRESSO/CMSIS_DSP_4_5_0/-O3 HARD\libCMSIS_DSP_4_5_0_O3_HARD.a(arm_pid_init_f32.o)
 .debug_abbrev  0x00001bbc      0x119 ../../../../../COMMON/LIB/LPCXPRESSO/CMSIS_DSP_4_5_0/-O3 HARD\libCMSIS_DSP_4_5_0_O3_HARD.a(arm_cmplx_mag_f32.o)
 .debug_abbrev  0x00001cd5       0x91 ../../../../../COMMON/LIB/LPCXPRESSO/CMSIS_DSP_4_5_0/-O3 HARD\libCMSIS_DSP_4_5_0_O3_HARD.a(arm_cmplx_mag_squared_f32.o)
 .debug_abbrev  0x00001d66       0xaa ../../../../../COMMON/LIB/LPCXPRESSO/CMSIS_DSP_4_5_0/-O3 HARD\libCMSIS_DSP_4_5_0_O3_HARD.a(arm_const_structs.o)
 .debug_abbrev  0x00001e10       0x14 ../../../../../COMMON/LIB/LPCXPRESSO/CMSIS_DSP_4_5_0/-O3 HARD\libCMSIS_DSP_4_5_0_O3_HARD.a(arm_bitreversal2.o)
 .debug_abbrev  0x00001e24       0x85 ../../../../../COMMON/LIB/LPCXPRESSO/CMSIS_DSP_4_5_0/-O3 HARD\libCMSIS_DSP_4_5_0_O3_HARD.a(arm_common_tables.o)

.debug_loc      0x00000000     0x904b
 .debug_loc     0x00000000     0x12e1 C:\Users\emh203\AppData\Local\Temp\ccB2WeVa.ltrans0.ltrans.o
 .debug_loc     0x000012e1     0x10ec C:\Users\emh203\AppData\Local\Temp\ccB2WeVa.ltrans1.ltrans.o
 .debug_loc     0x000023cd     0x10ec C:\Users\emh203\AppData\Local\Temp\ccB2WeVa.ltrans2.ltrans.o
 .debug_loc     0x000034b9      0x4db C:\Users\emh203\AppData\Local\Temp\ccB2WeVa.ltrans3.ltrans.o
 .debug_loc     0x00003994      0x647 C:\Users\emh203\AppData\Local\Temp\ccB2WeVa.ltrans4.ltrans.o
 .debug_loc     0x00003fdb      0xed8 C:\Users\emh203\AppData\Local\Temp\ccB2WeVa.ltrans5.ltrans.o
 .debug_loc     0x00004eb3     0x10a7 ../../../../../COMMON/LIB/LPCXPRESSO/CMSIS_DSP_4_5_0/-O3 HARD\libCMSIS_DSP_4_5_0_O3_HARD.a(arm_cfft_f32.o)
 .debug_loc     0x00005f5a      0x855 ../../../../../COMMON/LIB/LPCXPRESSO/CMSIS_DSP_4_5_0/-O3 HARD\libCMSIS_DSP_4_5_0_O3_HARD.a(arm_cfft_radix8_f32.o)
 .debug_loc     0x000067af      0x497 ../../../../../COMMON/LIB/LPCXPRESSO/CMSIS_DSP_4_5_0/-O3 HARD\libCMSIS_DSP_4_5_0_O3_HARD.a(arm_biquad_cascade_df1_f32.o)
 .debug_loc     0x00006c46       0x96 ../../../../../COMMON/LIB/LPCXPRESSO/CMSIS_DSP_4_5_0/-O3 HARD\libCMSIS_DSP_4_5_0_O3_HARD.a(arm_biquad_cascade_df1_init_f32.o)
 .debug_loc     0x00006cdc      0xa3a ../../../../../COMMON/LIB/LPCXPRESSO/CMSIS_DSP_4_5_0/-O3 HARD\libCMSIS_DSP_4_5_0_O3_HARD.a(arm_biquad_cascade_df2T_f32.o)
 .debug_loc     0x00007716       0xa2 ../../../../../COMMON/LIB/LPCXPRESSO/CMSIS_DSP_4_5_0/-O3 HARD\libCMSIS_DSP_4_5_0_O3_HARD.a(arm_biquad_cascade_df2T_init_f32.o)
 .debug_loc     0x000077b8      0xed3 ../../../../../COMMON/LIB/LPCXPRESSO/CMSIS_DSP_4_5_0/-O3 HARD\libCMSIS_DSP_4_5_0_O3_HARD.a(arm_fir_f32.o)
 .debug_loc     0x0000868b       0xa2 ../../../../../COMMON/LIB/LPCXPRESSO/CMSIS_DSP_4_5_0/-O3 HARD\libCMSIS_DSP_4_5_0_O3_HARD.a(arm_fir_init_f32.o)
 .debug_loc     0x0000872d       0x4f ../../../../../COMMON/LIB/LPCXPRESSO/CMSIS_DSP_4_5_0/-O3 HARD\libCMSIS_DSP_4_5_0_O3_HARD.a(arm_pid_init_f32.o)
 .debug_loc     0x0000877c      0x4d7 ../../../../../COMMON/LIB/LPCXPRESSO/CMSIS_DSP_4_5_0/-O3 HARD\libCMSIS_DSP_4_5_0_O3_HARD.a(arm_cmplx_mag_f32.o)
 .debug_loc     0x00008c53      0x3f8 ../../../../../COMMON/LIB/LPCXPRESSO/CMSIS_DSP_4_5_0/-O3 HARD\libCMSIS_DSP_4_5_0_O3_HARD.a(arm_cmplx_mag_squared_f32.o)

.debug_aranges  0x00000000      0x3d0
 .debug_aranges
                0x00000000       0x20 C:\Users\emh203\AppData\Local\Temp\ccB2WeVa.ltrans0.ltrans.o
 .debug_aranges
                0x00000020       0x48 C:\Users\emh203\AppData\Local\Temp\ccB2WeVa.ltrans1.ltrans.o
 .debug_aranges
                0x00000068       0x48 C:\Users\emh203\AppData\Local\Temp\ccB2WeVa.ltrans2.ltrans.o
 .debug_aranges
                0x000000b0       0xc0 C:\Users\emh203\AppData\Local\Temp\ccB2WeVa.ltrans3.ltrans.o
 .debug_aranges
                0x00000170       0x50 C:\Users\emh203\AppData\Local\Temp\ccB2WeVa.ltrans4.ltrans.o
 .debug_aranges
                0x000001c0       0x30 C:\Users\emh203\AppData\Local\Temp\ccB2WeVa.ltrans5.ltrans.o
 .debug_aranges
                0x000001f0       0x20 ./startup/startup_MKV58F24.o
 .debug_aranges
                0x00000210       0x30 ../../../../../COMMON/LIB/LPCXPRESSO/CMSIS_DSP_4_5_0/-O3 HARD\libCMSIS_DSP_4_5_0_O3_HARD.a(arm_cfft_f32.o)
 .debug_aranges
                0x00000240       0x20 ../../../../../COMMON/LIB/LPCXPRESSO/CMSIS_DSP_4_5_0/-O3 HARD\libCMSIS_DSP_4_5_0_O3_HARD.a(arm_cfft_radix8_f32.o)
 .debug_aranges
                0x00000260       0x20 ../../../../../COMMON/LIB/LPCXPRESSO/CMSIS_DSP_4_5_0/-O3 HARD\libCMSIS_DSP_4_5_0_O3_HARD.a(arm_biquad_cascade_df1_f32.o)
 .debug_aranges
                0x00000280       0x20 ../../../../../COMMON/LIB/LPCXPRESSO/CMSIS_DSP_4_5_0/-O3 HARD\libCMSIS_DSP_4_5_0_O3_HARD.a(arm_biquad_cascade_df1_init_f32.o)
 .debug_aranges
                0x000002a0       0x20 ../../../../../COMMON/LIB/LPCXPRESSO/CMSIS_DSP_4_5_0/-O3 HARD\libCMSIS_DSP_4_5_0_O3_HARD.a(arm_biquad_cascade_df2T_f32.o)
 .debug_aranges
                0x000002c0       0x20 ../../../../../COMMON/LIB/LPCXPRESSO/CMSIS_DSP_4_5_0/-O3 HARD\libCMSIS_DSP_4_5_0_O3_HARD.a(arm_biquad_cascade_df2T_init_f32.o)
 .debug_aranges
                0x000002e0       0x20 ../../../../../COMMON/LIB/LPCXPRESSO/CMSIS_DSP_4_5_0/-O3 HARD\libCMSIS_DSP_4_5_0_O3_HARD.a(arm_fir_f32.o)
 .debug_aranges
                0x00000300       0x20 ../../../../../COMMON/LIB/LPCXPRESSO/CMSIS_DSP_4_5_0/-O3 HARD\libCMSIS_DSP_4_5_0_O3_HARD.a(arm_fir_init_f32.o)
 .debug_aranges
                0x00000320       0x20 ../../../../../COMMON/LIB/LPCXPRESSO/CMSIS_DSP_4_5_0/-O3 HARD\libCMSIS_DSP_4_5_0_O3_HARD.a(arm_pid_init_f32.o)
 .debug_aranges
                0x00000340       0x20 ../../../../../COMMON/LIB/LPCXPRESSO/CMSIS_DSP_4_5_0/-O3 HARD\libCMSIS_DSP_4_5_0_O3_HARD.a(arm_cmplx_mag_f32.o)
 .debug_aranges
                0x00000360       0x20 ../../../../../COMMON/LIB/LPCXPRESSO/CMSIS_DSP_4_5_0/-O3 HARD\libCMSIS_DSP_4_5_0_O3_HARD.a(arm_cmplx_mag_squared_f32.o)
 .debug_aranges
                0x00000380       0x18 ../../../../../COMMON/LIB/LPCXPRESSO/CMSIS_DSP_4_5_0/-O3 HARD\libCMSIS_DSP_4_5_0_O3_HARD.a(arm_const_structs.o)
 .debug_aranges
                0x00000398       0x20 ../../../../../COMMON/LIB/LPCXPRESSO/CMSIS_DSP_4_5_0/-O3 HARD\libCMSIS_DSP_4_5_0_O3_HARD.a(arm_bitreversal2.o)
 .debug_aranges
                0x000003b8       0x18 ../../../../../COMMON/LIB/LPCXPRESSO/CMSIS_DSP_4_5_0/-O3 HARD\libCMSIS_DSP_4_5_0_O3_HARD.a(arm_common_tables.o)

.debug_ranges   0x00000000     0x16d8
 .debug_ranges  0x00000000      0x558 C:\Users\emh203\AppData\Local\Temp\ccB2WeVa.ltrans0.ltrans.o
 .debug_ranges  0x00000558      0x5d8 C:\Users\emh203\AppData\Local\Temp\ccB2WeVa.ltrans1.ltrans.o
 .debug_ranges  0x00000b30      0x5d8 C:\Users\emh203\AppData\Local\Temp\ccB2WeVa.ltrans2.ltrans.o
 .debug_ranges  0x00001108       0xb0 C:\Users\emh203\AppData\Local\Temp\ccB2WeVa.ltrans3.ltrans.o
 .debug_ranges  0x000011b8      0x220 C:\Users\emh203\AppData\Local\Temp\ccB2WeVa.ltrans4.ltrans.o
 .debug_ranges  0x000013d8      0x1a8 C:\Users\emh203\AppData\Local\Temp\ccB2WeVa.ltrans5.ltrans.o
 .debug_ranges  0x00001580       0x20 ../../../../../COMMON/LIB/LPCXPRESSO/CMSIS_DSP_4_5_0/-O3 HARD\libCMSIS_DSP_4_5_0_O3_HARD.a(arm_cfft_f32.o)
 .debug_ranges  0x000015a0       0x10 ../../../../../COMMON/LIB/LPCXPRESSO/CMSIS_DSP_4_5_0/-O3 HARD\libCMSIS_DSP_4_5_0_O3_HARD.a(arm_cfft_radix8_f32.o)
 .debug_ranges  0x000015b0       0x10 ../../../../../COMMON/LIB/LPCXPRESSO/CMSIS_DSP_4_5_0/-O3 HARD\libCMSIS_DSP_4_5_0_O3_HARD.a(arm_biquad_cascade_df1_f32.o)
 .debug_ranges  0x000015c0       0x10 ../../../../../COMMON/LIB/LPCXPRESSO/CMSIS_DSP_4_5_0/-O3 HARD\libCMSIS_DSP_4_5_0_O3_HARD.a(arm_biquad_cascade_df1_init_f32.o)
 .debug_ranges  0x000015d0       0x10 ../../../../../COMMON/LIB/LPCXPRESSO/CMSIS_DSP_4_5_0/-O3 HARD\libCMSIS_DSP_4_5_0_O3_HARD.a(arm_biquad_cascade_df2T_f32.o)
 .debug_ranges  0x000015e0       0x10 ../../../../../COMMON/LIB/LPCXPRESSO/CMSIS_DSP_4_5_0/-O3 HARD\libCMSIS_DSP_4_5_0_O3_HARD.a(arm_biquad_cascade_df2T_init_f32.o)
 .debug_ranges  0x000015f0       0x10 ../../../../../COMMON/LIB/LPCXPRESSO/CMSIS_DSP_4_5_0/-O3 HARD\libCMSIS_DSP_4_5_0_O3_HARD.a(arm_fir_f32.o)
 .debug_ranges  0x00001600       0x10 ../../../../../COMMON/LIB/LPCXPRESSO/CMSIS_DSP_4_5_0/-O3 HARD\libCMSIS_DSP_4_5_0_O3_HARD.a(arm_fir_init_f32.o)
 .debug_ranges  0x00001610       0x10 ../../../../../COMMON/LIB/LPCXPRESSO/CMSIS_DSP_4_5_0/-O3 HARD\libCMSIS_DSP_4_5_0_O3_HARD.a(arm_pid_init_f32.o)
 .debug_ranges  0x00001620       0xa8 ../../../../../COMMON/LIB/LPCXPRESSO/CMSIS_DSP_4_5_0/-O3 HARD\libCMSIS_DSP_4_5_0_O3_HARD.a(arm_cmplx_mag_f32.o)
 .debug_ranges  0x000016c8       0x10 ../../../../../COMMON/LIB/LPCXPRESSO/CMSIS_DSP_4_5_0/-O3 HARD\libCMSIS_DSP_4_5_0_O3_HARD.a(arm_cmplx_mag_squared_f32.o)

.debug_line     0x00000000     0x4804
 .debug_line    0x00000000      0x728 C:\Users\emh203\AppData\Local\Temp\ccB2WeVa.ltrans0.ltrans.o
 .debug_line    0x00000728      0x486 C:\Users\emh203\AppData\Local\Temp\ccB2WeVa.ltrans1.ltrans.o
 .debug_line    0x00000bae      0x486 C:\Users\emh203\AppData\Local\Temp\ccB2WeVa.ltrans2.ltrans.o
 .debug_line    0x00001034      0x4bc C:\Users\emh203\AppData\Local\Temp\ccB2WeVa.ltrans3.ltrans.o
 .debug_line    0x000014f0      0x32f C:\Users\emh203\AppData\Local\Temp\ccB2WeVa.ltrans4.ltrans.o
 .debug_line    0x0000181f      0x46b C:\Users\emh203\AppData\Local\Temp\ccB2WeVa.ltrans5.ltrans.o
 .debug_line    0x00001c8a      0x178 ./startup/startup_MKV58F24.o
 .debug_line    0x00001e02      0x7f4 ../../../../../COMMON/LIB/LPCXPRESSO/CMSIS_DSP_4_5_0/-O3 HARD\libCMSIS_DSP_4_5_0_O3_HARD.a(arm_cfft_f32.o)
 .debug_line    0x000025f6      0x6d8 ../../../../../COMMON/LIB/LPCXPRESSO/CMSIS_DSP_4_5_0/-O3 HARD\libCMSIS_DSP_4_5_0_O3_HARD.a(arm_cfft_radix8_f32.o)
 .debug_line    0x00002cce      0x287 ../../../../../COMMON/LIB/LPCXPRESSO/CMSIS_DSP_4_5_0/-O3 HARD\libCMSIS_DSP_4_5_0_O3_HARD.a(arm_biquad_cascade_df1_f32.o)
 .debug_line    0x00002f55      0x22b ../../../../../COMMON/LIB/LPCXPRESSO/CMSIS_DSP_4_5_0/-O3 HARD\libCMSIS_DSP_4_5_0_O3_HARD.a(arm_biquad_cascade_df1_init_f32.o)
 .debug_line    0x00003180      0x263 ../../../../../COMMON/LIB/LPCXPRESSO/CMSIS_DSP_4_5_0/-O3 HARD\libCMSIS_DSP_4_5_0_O3_HARD.a(arm_biquad_cascade_df2T_f32.o)
 .debug_line    0x000033e3      0x22c ../../../../../COMMON/LIB/LPCXPRESSO/CMSIS_DSP_4_5_0/-O3 HARD\libCMSIS_DSP_4_5_0_O3_HARD.a(arm_biquad_cascade_df2T_init_f32.o)
 .debug_line    0x0000360f      0x34f ../../../../../COMMON/LIB/LPCXPRESSO/CMSIS_DSP_4_5_0/-O3 HARD\libCMSIS_DSP_4_5_0_O3_HARD.a(arm_fir_f32.o)
 .debug_line    0x0000395e      0x223 ../../../../../COMMON/LIB/LPCXPRESSO/CMSIS_DSP_4_5_0/-O3 HARD\libCMSIS_DSP_4_5_0_O3_HARD.a(arm_fir_init_f32.o)
 .debug_line    0x00003b81      0x223 ../../../../../COMMON/LIB/LPCXPRESSO/CMSIS_DSP_4_5_0/-O3 HARD\libCMSIS_DSP_4_5_0_O3_HARD.a(arm_pid_init_f32.o)
 .debug_line    0x00003da4      0x2d2 ../../../../../COMMON/LIB/LPCXPRESSO/CMSIS_DSP_4_5_0/-O3 HARD\libCMSIS_DSP_4_5_0_O3_HARD.a(arm_cmplx_mag_f32.o)
 .debug_line    0x00004076      0x264 ../../../../../COMMON/LIB/LPCXPRESSO/CMSIS_DSP_4_5_0/-O3 HARD\libCMSIS_DSP_4_5_0_O3_HARD.a(arm_cmplx_mag_squared_f32.o)
 .debug_line    0x000042da      0x22f ../../../../../COMMON/LIB/LPCXPRESSO/CMSIS_DSP_4_5_0/-O3 HARD\libCMSIS_DSP_4_5_0_O3_HARD.a(arm_const_structs.o)
 .debug_line    0x00004509       0xe3 ../../../../../COMMON/LIB/LPCXPRESSO/CMSIS_DSP_4_5_0/-O3 HARD\libCMSIS_DSP_4_5_0_O3_HARD.a(arm_bitreversal2.o)
 .debug_line    0x000045ec      0x218 ../../../../../COMMON/LIB/LPCXPRESSO/CMSIS_DSP_4_5_0/-O3 HARD\libCMSIS_DSP_4_5_0_O3_HARD.a(arm_common_tables.o)

.debug_str      0x00000000     0x800e
 .debug_str     0x00000000      0xd9c C:\Users\emh203\AppData\Local\Temp\ccB2WeVa.ltrans0.ltrans.o
                                0xf53 (size before relaxing)
 .debug_str     0x00000d9c      0x490 C:\Users\emh203\AppData\Local\Temp\ccB2WeVa.ltrans1.ltrans.o
                                0x742 (size before relaxing)
 .debug_str     0x0000122c      0x188 C:\Users\emh203\AppData\Local\Temp\ccB2WeVa.ltrans2.ltrans.o
                                0x74a (size before relaxing)
 .debug_str     0x000013b4      0x5b4 C:\Users\emh203\AppData\Local\Temp\ccB2WeVa.ltrans3.ltrans.o
                                0xd13 (size before relaxing)
 .debug_str     0x00001968      0x220 C:\Users\emh203\AppData\Local\Temp\ccB2WeVa.ltrans4.ltrans.o
                                0x7f3 (size before relaxing)
 .debug_str     0x00001b88      0x218 C:\Users\emh203\AppData\Local\Temp\ccB2WeVa.ltrans5.ltrans.o
                                0x520 (size before relaxing)
 .debug_str     0x00001da0     0x5217 ../../../../../COMMON/LIB/LPCXPRESSO/CMSIS_DSP_4_5_0/-O3 HARD\libCMSIS_DSP_4_5_0_O3_HARD.a(arm_cfft_f32.o)
                               0x52c1 (size before relaxing)
 .debug_str     0x00006fb7       0x8e ../../../../../COMMON/LIB/LPCXPRESSO/CMSIS_DSP_4_5_0/-O3 HARD\libCMSIS_DSP_4_5_0_O3_HARD.a(arm_cfft_radix8_f32.o)
                               0x4d8a (size before relaxing)
 .debug_str     0x00007045       0xf0 ../../../../../COMMON/LIB/LPCXPRESSO/CMSIS_DSP_4_5_0/-O3 HARD\libCMSIS_DSP_4_5_0_O3_HARD.a(arm_biquad_cascade_df1_f32.o)
                               0x4dc3 (size before relaxing)
 .debug_str     0x00007135       0xaa ../../../../../COMMON/LIB/LPCXPRESSO/CMSIS_DSP_4_5_0/-O3 HARD\libCMSIS_DSP_4_5_0_O3_HARD.a(arm_biquad_cascade_df1_init_f32.o)
                               0x4db6 (size before relaxing)
 .debug_str     0x000071df       0xd4 ../../../../../COMMON/LIB/LPCXPRESSO/CMSIS_DSP_4_5_0/-O3 HARD\libCMSIS_DSP_4_5_0_O3_HARD.a(arm_biquad_cascade_df2T_f32.o)
                               0x4de9 (size before relaxing)
 .debug_str     0x000072b3       0xa5 ../../../../../COMMON/LIB/LPCXPRESSO/CMSIS_DSP_4_5_0/-O3 HARD\libCMSIS_DSP_4_5_0_O3_HARD.a(arm_biquad_cascade_df2T_init_f32.o)
                               0x4dc0 (size before relaxing)
 .debug_str     0x00007358       0xc6 ../../../../../COMMON/LIB/LPCXPRESSO/CMSIS_DSP_4_5_0/-O3 HARD\libCMSIS_DSP_4_5_0_O3_HARD.a(arm_fir_f32.o)
                               0x4dd4 (size before relaxing)
 .debug_str     0x0000741e       0x85 ../../../../../COMMON/LIB/LPCXPRESSO/CMSIS_DSP_4_5_0/-O3 HARD\libCMSIS_DSP_4_5_0_O3_HARD.a(arm_fir_init_f32.o)
                               0x4d99 (size before relaxing)
 .debug_str     0x000074a3       0xb0 ../../../../../COMMON/LIB/LPCXPRESSO/CMSIS_DSP_4_5_0/-O3 HARD\libCMSIS_DSP_4_5_0_O3_HARD.a(arm_pid_init_f32.o)
                               0x4d84 (size before relaxing)
 .debug_str     0x00007553      0x14e ../../../../../COMMON/LIB/LPCXPRESSO/CMSIS_DSP_4_5_0/-O3 HARD\libCMSIS_DSP_4_5_0_O3_HARD.a(arm_cmplx_mag_f32.o)
                               0x4e32 (size before relaxing)
 .debug_str     0x000076a1      0x10f ../../../../../COMMON/LIB/LPCXPRESSO/CMSIS_DSP_4_5_0/-O3 HARD\libCMSIS_DSP_4_5_0_O3_HARD.a(arm_cmplx_mag_squared_f32.o)
                               0x4df9 (size before relaxing)
 .debug_str     0x000077b0      0x6ee ../../../../../COMMON/LIB/LPCXPRESSO/CMSIS_DSP_4_5_0/-O3 HARD\libCMSIS_DSP_4_5_0_O3_HARD.a(arm_const_structs.o)
                               0x5855 (size before relaxing)
 .debug_str     0x00007e9e      0x170 ../../../../../COMMON/LIB/LPCXPRESSO/CMSIS_DSP_4_5_0/-O3 HARD\libCMSIS_DSP_4_5_0_O3_HARD.a(arm_common_tables.o)
                               0x5667 (size before relaxing)

.comment        0x00000000       0x6e
 .comment       0x00000000       0x6f C:\Users\emh203\AppData\Local\Temp\ccB2WeVa.ltrans0.ltrans.o
 .comment       0x00000000       0x6f C:\Users\emh203\AppData\Local\Temp\ccB2WeVa.ltrans1.ltrans.o
 .comment       0x00000000       0x6f C:\Users\emh203\AppData\Local\Temp\ccB2WeVa.ltrans2.ltrans.o
 .comment       0x00000000       0x6f C:\Users\emh203\AppData\Local\Temp\ccB2WeVa.ltrans3.ltrans.o
 .comment       0x00000000       0x6f C:\Users\emh203\AppData\Local\Temp\ccB2WeVa.ltrans4.ltrans.o
 .comment       0x00000000       0x6f C:\Users\emh203\AppData\Local\Temp\ccB2WeVa.ltrans5.ltrans.o
 .comment       0x00000000       0x6e ../../../../../COMMON/LIB/LPCXPRESSO/CMSIS_DSP_4_5_0/-O3 HARD\libCMSIS_DSP_4_5_0_O3_HARD.a(arm_cfft_f32.o)
                                 0x6f (size before relaxing)
 .comment       0x0000006e       0x6f ../../../../../COMMON/LIB/LPCXPRESSO/CMSIS_DSP_4_5_0/-O3 HARD\libCMSIS_DSP_4_5_0_O3_HARD.a(arm_cfft_radix8_f32.o)
 .comment       0x0000006e       0x6f ../../../../../COMMON/LIB/LPCXPRESSO/CMSIS_DSP_4_5_0/-O3 HARD\libCMSIS_DSP_4_5_0_O3_HARD.a(arm_biquad_cascade_df1_f32.o)
 .comment       0x0000006e       0x6f ../../../../../COMMON/LIB/LPCXPRESSO/CMSIS_DSP_4_5_0/-O3 HARD\libCMSIS_DSP_4_5_0_O3_HARD.a(arm_biquad_cascade_df1_init_f32.o)
 .comment       0x0000006e       0x6f ../../../../../COMMON/LIB/LPCXPRESSO/CMSIS_DSP_4_5_0/-O3 HARD\libCMSIS_DSP_4_5_0_O3_HARD.a(arm_biquad_cascade_df2T_f32.o)
 .comment       0x0000006e       0x6f ../../../../../COMMON/LIB/LPCXPRESSO/CMSIS_DSP_4_5_0/-O3 HARD\libCMSIS_DSP_4_5_0_O3_HARD.a(arm_biquad_cascade_df2T_init_f32.o)
 .comment       0x0000006e       0x6f ../../../../../COMMON/LIB/LPCXPRESSO/CMSIS_DSP_4_5_0/-O3 HARD\libCMSIS_DSP_4_5_0_O3_HARD.a(arm_fir_f32.o)
 .comment       0x0000006e       0x6f ../../../../../COMMON/LIB/LPCXPRESSO/CMSIS_DSP_4_5_0/-O3 HARD\libCMSIS_DSP_4_5_0_O3_HARD.a(arm_fir_init_f32.o)
 .comment       0x0000006e       0x6f ../../../../../COMMON/LIB/LPCXPRESSO/CMSIS_DSP_4_5_0/-O3 HARD\libCMSIS_DSP_4_5_0_O3_HARD.a(arm_pid_init_f32.o)
 .comment       0x0000006e       0x6f ../../../../../COMMON/LIB/LPCXPRESSO/CMSIS_DSP_4_5_0/-O3 HARD\libCMSIS_DSP_4_5_0_O3_HARD.a(arm_cmplx_mag_f32.o)
 .comment       0x0000006e       0x6f ../../../../../COMMON/LIB/LPCXPRESSO/CMSIS_DSP_4_5_0/-O3 HARD\libCMSIS_DSP_4_5_0_O3_HARD.a(arm_cmplx_mag_squared_f32.o)
 .comment       0x0000006e       0x6f ../../../../../COMMON/LIB/LPCXPRESSO/CMSIS_DSP_4_5_0/-O3 HARD\libCMSIS_DSP_4_5_0_O3_HARD.a(arm_const_structs.o)
 .comment       0x0000006e       0x6f ../../../../../COMMON/LIB/LPCXPRESSO/CMSIS_DSP_4_5_0/-O3 HARD\libCMSIS_DSP_4_5_0_O3_HARD.a(arm_common_tables.o)

.debug_frame    0x00000000      0xc64
 .debug_frame   0x00000000       0x2c C:\Users\emh203\AppData\Local\Temp\ccB2WeVa.ltrans0.ltrans.o
 .debug_frame   0x0000002c      0x130 C:\Users\emh203\AppData\Local\Temp\ccB2WeVa.ltrans1.ltrans.o
 .debug_frame   0x0000015c      0x130 C:\Users\emh203\AppData\Local\Temp\ccB2WeVa.ltrans2.ltrans.o
 .debug_frame   0x0000028c      0x1b8 C:\Users\emh203\AppData\Local\Temp\ccB2WeVa.ltrans3.ltrans.o
 .debug_frame   0x00000444       0xe8 C:\Users\emh203\AppData\Local\Temp\ccB2WeVa.ltrans4.ltrans.o
 .debug_frame   0x0000052c       0x98 C:\Users\emh203\AppData\Local\Temp\ccB2WeVa.ltrans5.ltrans.o
 .debug_frame   0x000005c4       0xfc ../../../../../COMMON/LIB/LPCXPRESSO/CMSIS_DSP_4_5_0/-O3 HARD\libCMSIS_DSP_4_5_0_O3_HARD.a(arm_cfft_f32.o)
 .debug_frame   0x000006c0       0x94 ../../../../../COMMON/LIB/LPCXPRESSO/CMSIS_DSP_4_5_0/-O3 HARD\libCMSIS_DSP_4_5_0_O3_HARD.a(arm_cfft_radix8_f32.o)
 .debug_frame   0x00000754       0x34 ../../../../../COMMON/LIB/LPCXPRESSO/CMSIS_DSP_4_5_0/-O3 HARD\libCMSIS_DSP_4_5_0_O3_HARD.a(arm_biquad_cascade_df1_f32.o)
 .debug_frame   0x00000788       0x2c ../../../../../COMMON/LIB/LPCXPRESSO/CMSIS_DSP_4_5_0/-O3 HARD\libCMSIS_DSP_4_5_0_O3_HARD.a(arm_biquad_cascade_df1_init_f32.o)
 .debug_frame   0x000007b4       0x34 ../../../../../COMMON/LIB/LPCXPRESSO/CMSIS_DSP_4_5_0/-O3 HARD\libCMSIS_DSP_4_5_0_O3_HARD.a(arm_biquad_cascade_df2T_f32.o)
 .debug_frame   0x000007e8       0x2c ../../../../../COMMON/LIB/LPCXPRESSO/CMSIS_DSP_4_5_0/-O3 HARD\libCMSIS_DSP_4_5_0_O3_HARD.a(arm_biquad_cascade_df2T_init_f32.o)
 .debug_frame   0x00000814       0x98 ../../../../../COMMON/LIB/LPCXPRESSO/CMSIS_DSP_4_5_0/-O3 HARD\libCMSIS_DSP_4_5_0_O3_HARD.a(arm_fir_f32.o)
 .debug_frame   0x000008ac       0x2c ../../../../../COMMON/LIB/LPCXPRESSO/CMSIS_DSP_4_5_0/-O3 HARD\libCMSIS_DSP_4_5_0_O3_HARD.a(arm_fir_init_f32.o)
 .debug_frame   0x000008d8       0x20 ../../../../../COMMON/LIB/LPCXPRESSO/CMSIS_DSP_4_5_0/-O3 HARD\libCMSIS_DSP_4_5_0_O3_HARD.a(arm_pid_init_f32.o)
 .debug_frame   0x000008f8       0x38 ../../../../../COMMON/LIB/LPCXPRESSO/CMSIS_DSP_4_5_0/-O3 HARD\libCMSIS_DSP_4_5_0_O3_HARD.a(arm_cmplx_mag_f32.o)
 .debug_frame   0x00000930       0x30 ../../../../../COMMON/LIB/LPCXPRESSO/CMSIS_DSP_4_5_0/-O3 HARD\libCMSIS_DSP_4_5_0_O3_HARD.a(arm_cmplx_mag_squared_f32.o)
 .debug_frame   0x00000960       0x50 c:/program files (x86)/gnu tools arm embedded/5.4 2016q2/bin/../lib/gcc/arm-none-eabi/5.4.1/../../../../arm-none-eabi/lib/armv7e-m/fpu\libm.a(lib_a-wf_sqrt.o)
 .debug_frame   0x000009b0       0x3c c:/program files (x86)/gnu tools arm embedded/5.4 2016q2/bin/../lib/gcc/arm-none-eabi/5.4.1/../../../../arm-none-eabi/lib/armv7e-m/fpu\libm.a(lib_a-ef_sqrt.o)
 .debug_frame   0x000009ec       0x20 c:/program files (x86)/gnu tools arm embedded/5.4 2016q2/bin/../lib/gcc/arm-none-eabi/5.4.1/../../../../arm-none-eabi/lib/armv7e-m/fpu\libm.a(lib_a-s_matherr.o)
 .debug_frame   0x00000a0c       0x20 c:/program files (x86)/gnu tools arm embedded/5.4 2016q2/bin/../lib/gcc/arm-none-eabi/5.4.1/../../../../arm-none-eabi/lib/armv7e-m/fpu\libg_nano.a(lib_a-errno.o)
 .debug_frame   0x00000a2c       0x28 c:/program files (x86)/gnu tools arm embedded/5.4 2016q2/bin/../lib/gcc/arm-none-eabi/5.4.1/../../../../arm-none-eabi/lib/armv7e-m/fpu\libg_nano.a(lib_a-exit.o)
 .debug_frame   0x00000a54       0x2c c:/program files (x86)/gnu tools arm embedded/5.4 2016q2/bin/../lib/gcc/arm-none-eabi/5.4.1/../../../../arm-none-eabi/lib/armv7e-m/fpu\libg_nano.a(lib_a-init.o)
 .debug_frame   0x00000a80       0x20 c:/program files (x86)/gnu tools arm embedded/5.4 2016q2/bin/../lib/gcc/arm-none-eabi/5.4.1/../../../../arm-none-eabi/lib/armv7e-m/fpu\libg_nano.a(lib_a-memset.o)
 .debug_frame   0x00000aa0       0x44 c:/program files (x86)/gnu tools arm embedded/5.4 2016q2/bin/../lib/gcc/arm-none-eabi/5.4.1/../../../../arm-none-eabi/lib/armv7e-m/fpu\libg_nano.a(lib_a-rand.o)
 .debug_frame   0x00000ae4       0x30 c:/program files (x86)/gnu tools arm embedded/5.4 2016q2/bin/../lib/gcc/arm-none-eabi/5.4.1/../../../../arm-none-eabi/lib/armv7e-m/fpu\libg_nano.a(lib_a-malloc.o)
 .debug_frame   0x00000b14       0x2c c:/program files (x86)/gnu tools arm embedded/5.4 2016q2/bin/../lib/gcc/arm-none-eabi/5.4.1/../../../../arm-none-eabi/lib/armv7e-m/fpu\libg_nano.a(lib_a-nano-mallocr.o)
 .debug_frame   0x00000b40       0x2c c:/program files (x86)/gnu tools arm embedded/5.4 2016q2/bin/../lib/gcc/arm-none-eabi/5.4.1/../../../../arm-none-eabi/lib/armv7e-m/fpu\libg_nano.a(lib_a-sbrkr.o)
 .debug_frame   0x00000b6c       0x30 c:/program files (x86)/gnu tools arm embedded/5.4 2016q2/bin/../lib/gcc/arm-none-eabi/5.4.1/../../../../arm-none-eabi/lib/armv7e-m/fpu\libg_nano.a(lib_a-mlock.o)
 .debug_frame   0x00000b9c       0x5c c:/program files (x86)/gnu tools arm embedded/5.4 2016q2/bin/../lib/gcc/arm-none-eabi/5.4.1/../../../../arm-none-eabi/lib/armv7e-m/fpu\libg_nano.a(lib_a-reent.o)
 .debug_frame   0x00000bf8       0x20 c:/program files (x86)/gnu tools arm embedded/5.4 2016q2/bin/../lib/gcc/arm-none-eabi/5.4.1/../../../../arm-none-eabi/lib/armv7e-m/fpu\libnosys.a(_exit.o)
 .debug_frame   0x00000c18       0x2c c:/program files (x86)/gnu tools arm embedded/5.4 2016q2/bin/../lib/gcc/arm-none-eabi/5.4.1/../../../../arm-none-eabi/lib/armv7e-m/fpu\libm.a(lib_a-sf_atan.o)
 .debug_frame   0x00000c44       0x20 c:/program files (x86)/gnu tools arm embedded/5.4 2016q2/bin/../lib/gcc/arm-none-eabi/5.4.1/../../../../arm-none-eabi/lib/armv7e-m/fpu\libm.a(lib_a-sf_fabs.o)

.debug_macro    0x00000000     0x1adc
 .debug_macro   0x00000000       0xad ../../../../../COMMON/LIB/LPCXPRESSO/CMSIS_DSP_4_5_0/-O3 HARD\libCMSIS_DSP_4_5_0_O3_HARD.a(arm_cfft_f32.o)
 .debug_macro   0x000000ad      0x8b6 ../../../../../COMMON/LIB/LPCXPRESSO/CMSIS_DSP_4_5_0/-O3 HARD\libCMSIS_DSP_4_5_0_O3_HARD.a(arm_cfft_f32.o)
 .debug_macro   0x00000963       0x12 ../../../../../COMMON/LIB/LPCXPRESSO/CMSIS_DSP_4_5_0/-O3 HARD\libCMSIS_DSP_4_5_0_O3_HARD.a(arm_cfft_f32.o)
 .debug_macro   0x00000975       0x3b ../../../../../COMMON/LIB/LPCXPRESSO/CMSIS_DSP_4_5_0/-O3 HARD\libCMSIS_DSP_4_5_0_O3_HARD.a(arm_cfft_f32.o)
 .debug_macro   0x000009b0       0x10 ../../../../../COMMON/LIB/LPCXPRESSO/CMSIS_DSP_4_5_0/-O3 HARD\libCMSIS_DSP_4_5_0_O3_HARD.a(arm_cfft_f32.o)
 .debug_macro   0x000009c0      0x12d ../../../../../COMMON/LIB/LPCXPRESSO/CMSIS_DSP_4_5_0/-O3 HARD\libCMSIS_DSP_4_5_0_O3_HARD.a(arm_cfft_f32.o)
 .debug_macro   0x00000aed      0x5b2 ../../../../../COMMON/LIB/LPCXPRESSO/CMSIS_DSP_4_5_0/-O3 HARD\libCMSIS_DSP_4_5_0_O3_HARD.a(arm_cfft_f32.o)
 .debug_macro   0x0000109f       0x2d ../../../../../COMMON/LIB/LPCXPRESSO/CMSIS_DSP_4_5_0/-O3 HARD\libCMSIS_DSP_4_5_0_O3_HARD.a(arm_cfft_f32.o)
 .debug_macro   0x000010cc       0x26 ../../../../../COMMON/LIB/LPCXPRESSO/CMSIS_DSP_4_5_0/-O3 HARD\libCMSIS_DSP_4_5_0_O3_HARD.a(arm_cfft_f32.o)
 .debug_macro   0x000010f2       0xc4 ../../../../../COMMON/LIB/LPCXPRESSO/CMSIS_DSP_4_5_0/-O3 HARD\libCMSIS_DSP_4_5_0_O3_HARD.a(arm_cfft_f32.o)
 .debug_macro   0x000011b6       0xd6 ../../../../../COMMON/LIB/LPCXPRESSO/CMSIS_DSP_4_5_0/-O3 HARD\libCMSIS_DSP_4_5_0_O3_HARD.a(arm_cfft_f32.o)
 .debug_macro   0x0000128c       0x76 ../../../../../COMMON/LIB/LPCXPRESSO/CMSIS_DSP_4_5_0/-O3 HARD\libCMSIS_DSP_4_5_0_O3_HARD.a(arm_cfft_f32.o)
 .debug_macro   0x00001302       0x9a ../../../../../COMMON/LIB/LPCXPRESSO/CMSIS_DSP_4_5_0/-O3 HARD\libCMSIS_DSP_4_5_0_O3_HARD.a(arm_cfft_radix8_f32.o)
 .debug_macro   0x0000139c       0x9a ../../../../../COMMON/LIB/LPCXPRESSO/CMSIS_DSP_4_5_0/-O3 HARD\libCMSIS_DSP_4_5_0_O3_HARD.a(arm_biquad_cascade_df1_f32.o)
 .debug_macro   0x00001436       0x9a ../../../../../COMMON/LIB/LPCXPRESSO/CMSIS_DSP_4_5_0/-O3 HARD\libCMSIS_DSP_4_5_0_O3_HARD.a(arm_biquad_cascade_df1_init_f32.o)
 .debug_macro   0x000014d0       0x9a ../../../../../COMMON/LIB/LPCXPRESSO/CMSIS_DSP_4_5_0/-O3 HARD\libCMSIS_DSP_4_5_0_O3_HARD.a(arm_biquad_cascade_df2T_f32.o)
 .debug_macro   0x0000156a       0x9a ../../../../../COMMON/LIB/LPCXPRESSO/CMSIS_DSP_4_5_0/-O3 HARD\libCMSIS_DSP_4_5_0_O3_HARD.a(arm_biquad_cascade_df2T_init_f32.o)
 .debug_macro   0x00001604       0x9a ../../../../../COMMON/LIB/LPCXPRESSO/CMSIS_DSP_4_5_0/-O3 HARD\libCMSIS_DSP_4_5_0_O3_HARD.a(arm_fir_f32.o)
 .debug_macro   0x0000169e       0x9a ../../../../../COMMON/LIB/LPCXPRESSO/CMSIS_DSP_4_5_0/-O3 HARD\libCMSIS_DSP_4_5_0_O3_HARD.a(arm_fir_init_f32.o)
 .debug_macro   0x00001738       0x9a ../../../../../COMMON/LIB/LPCXPRESSO/CMSIS_DSP_4_5_0/-O3 HARD\libCMSIS_DSP_4_5_0_O3_HARD.a(arm_pid_init_f32.o)
 .debug_macro   0x000017d2       0x9a ../../../../../COMMON/LIB/LPCXPRESSO/CMSIS_DSP_4_5_0/-O3 HARD\libCMSIS_DSP_4_5_0_O3_HARD.a(arm_cmplx_mag_f32.o)
 .debug_macro   0x0000186c       0x9a ../../../../../COMMON/LIB/LPCXPRESSO/CMSIS_DSP_4_5_0/-O3 HARD\libCMSIS_DSP_4_5_0_O3_HARD.a(arm_cmplx_mag_squared_f32.o)
 .debug_macro   0x00001906       0xad ../../../../../COMMON/LIB/LPCXPRESSO/CMSIS_DSP_4_5_0/-O3 HARD\libCMSIS_DSP_4_5_0_O3_HARD.a(arm_const_structs.o)
 .debug_macro   0x000019b3       0x7c ../../../../../COMMON/LIB/LPCXPRESSO/CMSIS_DSP_4_5_0/-O3 HARD\libCMSIS_DSP_4_5_0_O3_HARD.a(arm_const_structs.o)
 .debug_macro   0x00001a2f       0xad ../../../../../COMMON/LIB/LPCXPRESSO/CMSIS_DSP_4_5_0/-O3 HARD\libCMSIS_DSP_4_5_0_O3_HARD.a(arm_common_tables.o)