Archive member included because of file (symbol)

C:\Users\emh203\Dropbox\Embedded System Conference\CM4_TEST\COMMON\lpc_board_nxp_lpclink2_4370\HARD\liblpc_board_nxp_lpclink2_4370_HARD.a(board_sysinit.o)
                              ./src/sysinit.o (Board_SystemInit)
C:\Users\emh203\Dropbox\Embedded System Conference\CM4_TEST\COMMON\lpc_chip_43xx\HARD\liblpc_chip_43xx_HARD.a(clock_18xx_43xx.o)
                              C:\Users\emh203\Dropbox\Embedded System Conference\CM4_TEST\COMMON\lpc_board_nxp_lpclink2_4370\HARD\liblpc_board_nxp_lpclink2_4370_HARD.a(board_sysinit.o) (Chip_Clock_SetDivider)
C:\Users\emh203\Dropbox\Embedded System Conference\CM4_TEST\COMMON\lpc_chip_43xx\HARD\liblpc_chip_43xx_HARD.a(fpu_init.o)
                              ./src/CM4_TEST.o (fpuInit)
C:\Users\emh203\Dropbox\Embedded System Conference\CM4_TEST\COMMON\lpc_chip_43xx\HARD\liblpc_chip_43xx_HARD.a(sysinit_18xx_43xx.o)
                              C:\Users\emh203\Dropbox\Embedded System Conference\CM4_TEST\COMMON\lpc_board_nxp_lpclink2_4370\HARD\liblpc_board_nxp_lpclink2_4370_HARD.a(board_sysinit.o) (Chip_SetupCoreClock)
c:/nxp/lpcxpresso_7.7.2_379/lpcxpresso/tools/bin/../lib/gcc/arm-none-eabi/4.9.3/../../../../arm-none-eabi/lib/armv7e-m/fpu\libcr_semihost.a(_cr__main.o)
                              ./src/cr_startup_lpc43xx.o (__main)
c:/nxp/lpcxpresso_7.7.2_379/lpcxpresso/tools/bin/../lib/gcc/arm-none-eabi/4.9.3/../../../../arm-none-eabi/lib/armv7e-m/fpu\libcr_c.a(cos.o)
                              ./src/IIR.o (cos)
c:/nxp/lpcxpresso_7.7.2_379/lpcxpresso/tools/bin/../lib/gcc/arm-none-eabi/4.9.3/../../../../arm-none-eabi/lib/armv7e-m/fpu\libcr_c.a(initio.o)
                              c:/nxp/lpcxpresso_7.7.2_379/lpcxpresso/tools/bin/../lib/gcc/arm-none-eabi/4.9.3/../../../../arm-none-eabi/lib/armv7e-m/fpu\libcr_semihost.a(_cr__main.o) (_initio)
c:/nxp/lpcxpresso_7.7.2_379/lpcxpresso/tools/bin/../lib/gcc/arm-none-eabi/4.9.3/../../../../arm-none-eabi/lib/armv7e-m/fpu\libcr_c.a(pow.o)
                              ./src/IIR.o (pow)
c:/nxp/lpcxpresso_7.7.2_379/lpcxpresso/tools/bin/../lib/gcc/arm-none-eabi/4.9.3/../../../../arm-none-eabi/lib/armv7e-m/fpu\libcr_c.a(setvbuf.o)
                              c:/nxp/lpcxpresso_7.7.2_379/lpcxpresso/tools/bin/../lib/gcc/arm-none-eabi/4.9.3/../../../../arm-none-eabi/lib/armv7e-m/fpu\libcr_c.a(initio.o) (setvbuf)
c:/nxp/lpcxpresso_7.7.2_379/lpcxpresso/tools/bin/../lib/gcc/arm-none-eabi/4.9.3/../../../../arm-none-eabi/lib/armv7e-m/fpu\libcr_c.a(sin.o)
                              ./src/IIR.o (sin)
c:/nxp/lpcxpresso_7.7.2_379/lpcxpresso/tools/bin/../lib/gcc/arm-none-eabi/4.9.3/../../../../arm-none-eabi/lib/armv7e-m/fpu\libcr_c.a(sqrt.o)
                              ./src/IIR.o (sqrt)
c:/nxp/lpcxpresso_7.7.2_379/lpcxpresso/tools/bin/../lib/gcc/arm-none-eabi/4.9.3/../../../../arm-none-eabi/lib/armv7e-m/fpu\libcr_c.a(stdio.o)
                              c:/nxp/lpcxpresso_7.7.2_379/lpcxpresso/tools/bin/../lib/gcc/arm-none-eabi/4.9.3/../../../../arm-none-eabi/lib/armv7e-m/fpu\libcr_c.a(initio.o) (__Ciob)
c:/nxp/lpcxpresso_7.7.2_379/lpcxpresso/tools/bin/../lib/gcc/arm-none-eabi/4.9.3/../../../../arm-none-eabi/lib/armv7e-m/fpu\libcr_c.a(memset.o)
                              c:/nxp/lpcxpresso_7.7.2_379/lpcxpresso/tools/bin/../lib/gcc/arm-none-eabi/4.9.3/../../../../arm-none-eabi/lib/armv7e-m/fpu\libcr_c.a(initio.o) (memset)
c:/nxp/lpcxpresso_7.7.2_379/lpcxpresso/tools/bin/../lib/gcc/arm-none-eabi/4.9.3/../../../../arm-none-eabi/lib/armv7e-m/fpu\libcr_c.a(__fillbuf.o)
                              c:/nxp/lpcxpresso_7.7.2_379/lpcxpresso/tools/bin/../lib/gcc/arm-none-eabi/4.9.3/../../../../arm-none-eabi/lib/armv7e-m/fpu\libcr_c.a(stdio.o) (__filbuf)
c:/nxp/lpcxpresso_7.7.2_379/lpcxpresso/tools/bin/../lib/gcc/arm-none-eabi/4.9.3/../../../../arm-none-eabi/lib/armv7e-m/fpu\libcr_c.a(_deferredlazyseek.o)
                              c:/nxp/lpcxpresso_7.7.2_379/lpcxpresso/tools/bin/../lib/gcc/arm-none-eabi/4.9.3/../../../../arm-none-eabi/lib/armv7e-m/fpu\libcr_c.a(__fillbuf.o) (_deferredlazyseek)
c:/nxp/lpcxpresso_7.7.2_379/lpcxpresso/tools/bin/../lib/gcc/arm-none-eabi/4.9.3/../../../../arm-none-eabi/lib/armv7e-m/fpu\libcr_c.a(_fdopen.o)
                              c:/nxp/lpcxpresso_7.7.2_379/lpcxpresso/tools/bin/../lib/gcc/arm-none-eabi/4.9.3/../../../../arm-none-eabi/lib/armv7e-m/fpu\libcr_c.a(initio.o) (_fdopen)
c:/nxp/lpcxpresso_7.7.2_379/lpcxpresso/tools/bin/../lib/gcc/arm-none-eabi/4.9.3/../../../../arm-none-eabi/lib/armv7e-m/fpu\libcr_c.a(_fflush.o)
                              c:/nxp/lpcxpresso_7.7.2_379/lpcxpresso/tools/bin/../lib/gcc/arm-none-eabi/4.9.3/../../../../arm-none-eabi/lib/armv7e-m/fpu\libcr_c.a(__fillbuf.o) (_fflush)
c:/nxp/lpcxpresso_7.7.2_379/lpcxpresso/tools/bin/../lib/gcc/arm-none-eabi/4.9.3/../../../../arm-none-eabi/lib/armv7e-m/fpu\libcr_c.a(_hugeval.o)
[...]
Memory Configuration

Name             Origin             Length             Attributes
RamLoc128        0x10000000         0x00020000         xrw
RamLoc72         0x10080000         0x00012000         xrw
RamAHB32         0x20000000         0x00008000         xrw
RamAHB16         0x20008000         0x00004000         xrw
RamAHB_ETB16     0x2000c000         0x00004000         xrw
RamM0Sub16       0x18000000         0x00004000         xrw
RamM0Sub2        0x18004000         0x00000800         xrw
*default*        0x00000000         0xffffffff

Linker script and memory map

LOAD ./src/CM4_TEST.o
LOAD ./src/IIR.o
LOAD ./src/cr_startup_lpc43xx.o
LOAD ./src/crp.o
LOAD ./src/sysinit.o
LOAD C:\Users\emh203\Dropbox\Embedded System Conference\CM4_TEST\COMMON\lpc_board_nxp_lpclink2_4370\HARD\liblpc_board_nxp_lpclink2_4370_HARD.a
LOAD C:\Users\emh203\Dropbox\Embedded System Conference\CM4_TEST\COMMON\CMSIS_DSP_4_3_0\-O1 HARD\libCMSIS_DSP_4_3_0_O1_HARD.a
LOAD C:\Users\emh203\Dropbox\Embedded System Conference\CM4_TEST\COMMON\lpc_chip_43xx\HARD\liblpc_chip_43xx_HARD.a
START GROUP
LOAD c:/nxp/lpcxpresso_7.7.2_379/lpcxpresso/tools/bin/../lib/gcc/arm-none-eabi/4.9.3/../../../../arm-none-eabi/lib/armv7e-m/fpu\libcr_semihost.a
LOAD c:/nxp/lpcxpresso_7.7.2_379/lpcxpresso/tools/bin/../lib/gcc/arm-none-eabi/4.9.3/../../../../arm-none-eabi/lib/armv7e-m/fpu\libcr_c.a
LOAD c:/nxp/lpcxpresso_7.7.2_379/lpcxpresso/tools/bin/../lib/gcc/arm-none-eabi/4.9.3/armv7e-m/fpu\libcr_eabihelpers.a
END GROUP
                0x10020000                __top_RamLoc128 = 0x10020000
                0x10092000                __top_RamLoc72 = 0x10092000
                0x20008000                __top_RamAHB32 = 0x20008000
                0x2000c000                __top_RamAHB16 = 0x2000c000
                0x20010000                __top_RamAHB_ETB16 = 0x20010000
                0x18004000                __top_RamM0Sub16 = 0x18004000
                0x18004800                __top_RamM0Sub2 = 0x18004800

.text           0x10000000     0x19e4
 FILL mask 0xff
                0x10000000                __vectors_start__ = ABSOLUTE (.)
 *(.isr_vector)
 .isr_vector    0x10000000      0x114 ./src/cr_startup_lpc43xx.o
                0x10000000                g_pfnVectors
                0x10000114                . = ALIGN (0x4)
                0x10000114                __section_table_start = .
                0x10000114                __data_section_table = .
                0x10000114        0x4 LONG 0x100019e4 LOADADDR (.data)
                0x10000118        0x4 LONG 0x100019e4 ADDR (.data)
                0x1000011c        0x4 LONG 0x0 SIZEOF (.data)
                0x10000120        0x4 LONG 0x100019e4 LOADADDR (.data_RAM2)
                0x10000124        0x4 LONG 0x10080000 ADDR (.data_RAM2)
                0x10000128        0x4 LONG 0x0 SIZEOF (.data_RAM2)
                0x1000012c        0x4 LONG 0x100019e4 LOADADDR (.data_RAM3)
                0x10000130        0x4 LONG 0x20000000 ADDR (.data_RAM3)
                0x10000134        0x4 LONG 0x0 SIZEOF (.data_RAM3)
                0x10000138        0x4 LONG 0x100019e4 LOADADDR (.data_RAM4)
                0x1000013c        0x4 LONG 0x20008000 ADDR (.data_RAM4)
                0x10000140        0x4 LONG 0x0 SIZEOF (.data_RAM4)
                0x10000144        0x4 LONG 0x100019e4 LOADADDR (.data_RAM5)
                0x10000148        0x4 LONG 0x2000c000 ADDR (.data_RAM5)
                0x1000014c        0x4 LONG 0x0 SIZEOF (.data_RAM5)
                0x10000150        0x4 LONG 0x100019e4 LOADADDR (.data_RAM6)
                0x10000154        0x4 LONG 0x18000000 ADDR (.data_RAM6)
                0x10000158        0x4 LONG 0x0 SIZEOF (.data_RAM6)
                0x1000015c        0x4 LONG 0x100019e4 LOADADDR (.data_RAM7)
                0x10000160        0x4 LONG 0x18004000 ADDR (.data_RAM7)
                0x10000164        0x4 LONG 0x0 SIZEOF (.data_RAM7)
                0x10000168                __data_section_table_end = .
                0x10000168                __bss_section_table = .
                0x10000168        0x4 LONG 0x100019e4 ADDR (.bss)
                0x1000016c        0x4 LONG 0x158 SIZEOF (.bss)
                0x10000170        0x4 LONG 0x10080000 ADDR (.bss_RAM2)
                0x10000174        0x4 LONG 0x0 SIZEOF (.bss_RAM2)
                0x10000178        0x4 LONG 0x20000000 ADDR (.bss_RAM3)
                0x1000017c        0x4 LONG 0x0 SIZEOF (.bss_RAM3)
                0x10000180        0x4 LONG 0x20008000 ADDR (.bss_RAM4)
                0x10000184        0x4 LONG 0x0 SIZEOF (.bss_RAM4)
                0x10000188        0x4 LONG 0x2000c000 ADDR (.bss_RAM5)
                0x1000018c        0x4 LONG 0x0 SIZEOF (.bss_RAM5)
                0x10000190        0x4 LONG 0x18000000 ADDR (.bss_RAM6)
                0x10000194        0x4 LONG 0x0 SIZEOF (.bss_RAM6)
                0x10000198        0x4 LONG 0x18004000 ADDR (.bss_RAM7)
                0x1000019c        0x4 LONG 0x0 SIZEOF (.bss_RAM7)
                0x100001a0                __bss_section_table_end = .
                0x100001a0                __section_table_end = .
 *(.after_vectors*)
 .after_vectors
                0x100001a0       0x64 ./src/cr_startup_lpc43xx.o
                0x100001a0                NMI_Handler
                0x100001a4                HardFault_Handler
                0x100001a8                MemManage_Handler
                0x100001ac                BusFault_Handler
                0x100001b0                UsageFault_Handler
                0x100001b4                SVC_Handler
                0x100001b8                DebugMon_Handler
                0x100001bc                PendSV_Handler
                0x100001c0                SysTick_Handler
                0x100001c4                ATIMER_IRQHandler
                0x100001c4                I2C0_IRQHandler
                0x100001c4                I2C1_IRQHandler
                0x100001c4                UART1_IRQHandler
                0x100001c4                GPIO5_IRQHandler
                0x100001c4                CAN1_IRQHandler
                0x100001c4                USB1_IRQHandler
                0x100001c4                I2S0_IRQHandler
                0x100001c4                TIMER3_IRQHandler
                0x100001c4                UART0_IRQHandler
                0x100001c4                GINT1_IRQHandler
                0x100001c4                SGPIO_IRQHandler
                0x100001c4                ADC0_IRQHandler
                0x100001c4                ADCHS_IRQHandler
                0x100001c4                RIT_IRQHandler
                0x100001c4                SDIO_IRQHandler
                0x100001c4                GPIO1_IRQHandler
                0x100001c4                SSP0_IRQHandler
                0x100001c4                ADC1_IRQHandler
                0x100001c4                FLASHEEPROM_IRQHandler
                0x100001c4                RTC_IRQHandler
                0x100001c4                TIMER0_IRQHandler
                0x100001c4                SPI_IRQHandler
                0x100001c4                LCD_IRQHandler
                0x100001c4                MCPWM_IRQHandler
                0x100001c4                TIMER1_IRQHandler
                0x100001c4                UART2_IRQHandler
                0x100001c4                GPIO2_IRQHandler
                0x100001c4                I2S1_IRQHandler
                0x100001c4                SSP1_IRQHandler
                0x100001c4                USB0_IRQHandler
                0x100001c4                GPIO3_IRQHandler
                0x100001c4                SCT_IRQHandler
                0x100001c4                IntDefaultHandler
                0x100001c4                MX_CORE_IRQHandler
                0x100001c4                WDT_IRQHandler
                0x100001c4                GPIO6_IRQHandler
                0x100001c4                GPIO7_IRQHandler
                0x100001c4                SPIFI_IRQHandler
                0x100001c4                QEI_IRQHandler
                0x100001c4                ETH_IRQHandler
                0x100001c4                CAN0_IRQHandler
                0x100001c4                GINT0_IRQHandler
                0x100001c4                DAC_IRQHandler
                0x100001c4                M0SUB_IRQHandler
                0x100001c4                GPIO0_IRQHandler
                0x100001c4                DMA_IRQHandler
                0x100001c4                EVRT_IRQHandler
                0x100001c4                TIMER2_IRQHandler
                0x100001c4                UART3_IRQHandler
                0x100001c4                GPIO4_IRQHandler
                0x100001c8                data_init
                0x100001e8                bss_init
                0x000002fc                . = 0x2fc
 *fill*         0x10000204       0xf8 ff
                0x100002fc                PROVIDE (__CRP_WORD_START__, .)
 *(.crp)
 .crp           0x100002fc        0x4 ./src/crp.o
                0x100002fc                CRP_WORD
                0x10000300                PROVIDE (__CRP_WORD_END__, .)
                0x00000001                ASSERT (! ((__CRP_WORD_START__ == __CRP_WORD_END__)), Linker CRP Enabled, but no CRP_WORD provided within application)
 *(.text*)
 .text.main     0x10000300       0x10 ./src/CM4_TEST.o
                0x10000300                main
 .text.ResetISR
                0x10000310       0x98 ./src/cr_startup_lpc43xx.o
                0x10000310                ResetISR
 .text.SystemInit
                0x100003a8       0x1c ./src/sysinit.o
                0x100003a8                SystemInit
 .text.Chip_SCU_PinMuxSet
                0x100003c4       0x30 C:\Users\emh203\Dropbox\Embedded System Conference\CM4_TEST\COMMON\lpc_board_nxp_lpclink2_4370\HARD\liblpc_board_nxp_lpclink2_4370_HARD.a(board_sysinit.o)
 .text.Chip_SCU_SetPinMuxing
                0x100003f4       0x48 C:\Users\emh203\Dropbox\Embedded System Conference\CM4_TEST\COMMON\lpc_board_nxp_lpclink2_4370\HARD\liblpc_board_nxp_lpclink2_4370_HARD.a(board_sysinit.o)
 .text.Board_SetupMuxing
                0x1000043c       0x20 C:\Users\emh203\Dropbox\Embedded System Conference\CM4_TEST\COMMON\lpc_board_nxp_lpclink2_4370\HARD\liblpc_board_nxp_lpclink2_4370_HARD.a(board_sysinit.o)
                0x1000043c                Board_SetupMuxing
 .text.Board_SetupClocking
                0x1000045c       0x98 C:\Users\emh203\Dropbox\Embedded System Conference\CM4_TEST\COMMON\lpc_board_nxp_lpclink2_4370\HARD\liblpc_board_nxp_lpclink2_4370_HARD.a(board_sysinit.o)
                0x1000045c                Board_SetupClocking
 .text.Board_SystemInit
                0x100004f4       0x10 C:\Users\emh203\Dropbox\Embedded System Conference\CM4_TEST\COMMON\lpc_board_nxp_lpclink2_4370\HARD\liblpc_board_nxp_lpclink2_4370_HARD.a(board_sysinit.o)
                0x100004f4                Board_SystemInit
 .text.Chip_Clock_TestMainPLLMultiplier
                0x10000504       0x48 C:\Users\emh203\Dropbox\Embedded System Conference\CM4_TEST\COMMON\lpc_chip_43xx\HARD\liblpc_chip_43xx_HARD.a(clock_18xx_43xx.o)
 .text.Chip_Clock_GetDivRate
                0x1000054c       0x40 C:\Users\emh203\Dropbox\Embedded System Conference\CM4_TEST\COMMON\lpc_chip_43xx\HARD\liblpc_chip_43xx_HARD.a(clock_18xx_43xx.o)
 .text.Chip_Clock_EnableCrystal
                0x1000058c       0x6c C:\Users\emh203\Dropbox\Embedded System Conference\CM4_TEST\COMMON\lpc_chip_43xx\HARD\liblpc_chip_43xx_HARD.a(clock_18xx_43xx.o)
                0x1000058c                Chip_Clock_EnableCrystal
 .text.Chip_Clock_SetupMainPLLHz
                0x100005f8      0x128 C:\Users\emh203\Dropbox\Embedded System Conference\CM4_TEST\COMMON\lpc_chip_43xx\HARD\liblpc_chip_43xx_HARD.a(clock_18xx_43xx.o)
                0x100005f8                Chip_Clock_SetupMainPLLHz
 .text.Chip_Clock_SetupMainPLLMult
                0x10000720       0xfc C:\Users\emh203\Dropbox\Embedded System Conference\CM4_TEST\COMMON\lpc_chip_43xx\HARD\liblpc_chip_43xx_HARD.a(clock_18xx_43xx.o)
                0x10000720                Chip_Clock_SetupMainPLLMult
 .text.Chip_Clock_GetMainPLLHz
                0x1000081c       0xc0 C:\Users\emh203\Dropbox\Embedded System Conference\CM4_TEST\COMMON\lpc_chip_43xx\HARD\liblpc_chip_43xx_HARD.a(clock_18xx_43xx.o)
                0x1000081c                Chip_Clock_GetMainPLLHz
 .text.Chip_Clock_DisableMainPLL
                0x100008dc       0x1c C:\Users\emh203\Dropbox\Embedded System Conference\CM4_TEST\COMMON\lpc_chip_43xx\HARD\liblpc_chip_43xx_HARD.a(clock_18xx_43xx.o)
                0x100008dc                Chip_Clock_DisableMainPLL
 .text.Chip_Clock_SetDivider
                0x100008f8       0x84 C:\Users\emh203\Dropbox\Embedded System Conference\CM4_TEST\COMMON\lpc_chip_43xx\HARD\liblpc_chip_43xx_HARD.a(clock_18xx_43xx.o)
                0x100008f8                Chip_Clock_SetDivider
 .text.Chip_Clock_GetDividerSource
                0x1000097c       0x40 C:\Users\emh203\Dropbox\Embedded System Conference\CM4_TEST\COMMON\lpc_chip_43xx\HARD\liblpc_chip_43xx_HARD.a(clock_18xx_43xx.o)
                0x1000097c                Chip_Clock_GetDividerSource
 .text.Chip_Clock_GetDividerDivisor
                0x100009bc       0x38 C:\Users\emh203\Dropbox\Embedded System Conference\CM4_TEST\COMMON\lpc_chip_43xx\HARD\liblpc_chip_43xx_HARD.a(clock_18xx_43xx.o)
                0x100009bc                Chip_Clock_GetDividerDivisor
 .text.Chip_Clock_GetClockInputHz
                0x100009f4      0x140 C:\Users\emh203\Dropbox\Embedded System Conference\CM4_TEST\COMMON\lpc_chip_43xx\HARD\liblpc_chip_43xx_HARD.a(clock_18xx_43xx.o)
                0x100009f4                Chip_Clock_GetClockInputHz
 .text.Chip_Clock_SetBaseClock
                0x10000b34       0x9c C:\Users\emh203\Dropbox\Embedded System Conference\CM4_TEST\COMMON\lpc_chip_43xx\HARD\liblpc_chip_43xx_HARD.a(clock_18xx_43xx.o)
                0x10000b34                Chip_Clock_SetBaseClock
 .text.fpuInit  0x10000bd0       0x74 C:\Users\emh203\Dropbox\Embedded System Conference\CM4_TEST\COMMON\lpc_chip_43xx\HARD\liblpc_chip_43xx_HARD.a(fpu_init.o)
                0x10000bd0                fpuInit
 .text.Chip_SetupCoreClock
                0x10000c44       0xb8 C:\Users\emh203\Dropbox\Embedded System Conference\CM4_TEST\COMMON\lpc_chip_43xx\HARD\liblpc_chip_43xx_HARD.a(sysinit_18xx_43xx.o)
                0x10000c44                Chip_SetupCoreClock
 .text.__main   0x10000cfc       0x14 c:/nxp/lpcxpresso_7.7.2_379/lpcxpresso/tools/bin/../lib/gcc/arm-none-eabi/4.9.3/../../../../arm-none-eabi/lib/armv7e-m/fpu\libcr_semihost.a(_cr__main.o)
                0x10000cfc                __CR_SEMIHOST
                0x10000cfc                __main
 .text._initio  0x10000d10       0xd4 c:/nxp/lpcxpresso_7.7.2_379/lpcxpresso/tools/bin/../lib/gcc/arm-none-eabi/4.9.3/../../../../arm-none-eabi/lib/armv7e-m/fpu\libcr_c.a(initio.o)
                0x10000d10                _initio
 .text.setvbuf  0x10000de4       0x8c c:/nxp/lpcxpresso_7.7.2_379/lpcxpresso/tools/bin/../lib/gcc/arm-none-eabi/4.9.3/../../../../arm-none-eabi/lib/armv7e-m/fpu\libcr_c.a(setvbuf.o)
                0x10000de4                setvbuf
 .text.memset   0x10000e70       0x20 c:/nxp/lpcxpresso_7.7.2_379/lpcxpresso/tools/bin/../lib/gcc/arm-none-eabi/4.9.3/../../../../arm-none-eabi/lib/armv7e-m/fpu\libcr_c.a(memset.o)
                0x10000e70                memset
 .text._deferredlazyseek
                0x10000e90       0x6c c:/nxp/lpcxpresso_7.7.2_379/lpcxpresso/tools/bin/../lib/gcc/arm-none-eabi/4.9.3/../../../../arm-none-eabi/lib/armv7e-m/fpu\libcr_c.a(_deferredlazyseek.o)
                0x10000e90                _deferredlazyseek
 .text._fdopen  0x10000efc       0xb0 c:/nxp/lpcxpresso_7.7.2_379/lpcxpresso/tools/bin/../lib/gcc/arm-none-eabi/4.9.3/../../../../arm-none-eabi/lib/armv7e-m/fpu\libcr_c.a(_fdopen.o)
                0x10000efc                _fdopen
 .text._fflush  0x10000fac       0x9c c:/nxp/lpcxpresso_7.7.2_379/lpcxpresso/tools/bin/../lib/gcc/arm-none-eabi/4.9.3/../../../../arm-none-eabi/lib/armv7e-m/fpu\libcr_c.a(_fflush.o)
                0x10000fac                _fflush
 .text._Cwritebuf
                0x10001048       0xcc c:/nxp/lpcxpresso_7.7.2_379/lpcxpresso/tools/bin/../lib/gcc/arm-none-eabi/4.9.3/../../../../arm-none-eabi/lib/armv7e-m/fpu\libcr_c.a(_writebuf.o)
                0x10001048                _Cwritebuf
 .text.malloc   0x10001114      0x1b8 c:/nxp/lpcxpresso_7.7.2_379/lpcxpresso/tools/bin/../lib/gcc/arm-none-eabi/4.9.3/../../../../arm-none-eabi/lib/armv7e-m/fpu\libcr_c.a(alloc.o)
                0x10001114                malloc
 .text.free     0x100012cc       0x70 c:/nxp/lpcxpresso_7.7.2_379/lpcxpresso/tools/bin/../lib/gcc/arm-none-eabi/4.9.3/../../../../arm-none-eabi/lib/armv7e-m/fpu\libcr_c.a(alloc.o)
                0x100012cc                free
 .text._Csys_alloc
                0x1000133c       0x38 c:/nxp/lpcxpresso_7.7.2_379/lpcxpresso/tools/bin/../lib/gcc/arm-none-eabi/4.9.3/../../../../arm-none-eabi/lib/armv7e-m/fpu\libcr_c.a(alloc.o)
                0x1000133c                _Csys_alloc
 .text.fclose   0x10001374       0xa8 c:/nxp/lpcxpresso_7.7.2_379/lpcxpresso/tools/bin/../lib/gcc/arm-none-eabi/4.9.3/../../../../arm-none-eabi/lib/armv7e-m/fpu\libcr_c.a(fclose.o)
                0x10001374                fclose
 .text.fflush   0x1000141c       0x5c c:/nxp/lpcxpresso_7.7.2_379/lpcxpresso/tools/bin/../lib/gcc/arm-none-eabi/4.9.3/../../../../arm-none-eabi/lib/armv7e-m/fpu\libcr_c.a(fflush.o)
                0x1000141c                fflush
 .text.fseek    0x10001478      0x1d4 c:/nxp/lpcxpresso_7.7.2_379/lpcxpresso/tools/bin/../lib/gcc/arm-none-eabi/4.9.3/../../../../arm-none-eabi/lib/armv7e-m/fpu\libcr_c.a(fseek.o)
                0x10001478                fseek
 .text.ftell    0x1000164c       0x90 c:/nxp/lpcxpresso_7.7.2_379/lpcxpresso/tools/bin/../lib/gcc/arm-none-eabi/4.9.3/../../../../arm-none-eabi/lib/armv7e-m/fpu\libcr_c.a(ftell.o)
                0x1000164c                ftell
 .text.remove   0x100016dc       0x24 c:/nxp/lpcxpresso_7.7.2_379/lpcxpresso/tools/bin/../lib/gcc/arm-none-eabi/4.9.3/../../../../arm-none-eabi/lib/armv7e-m/fpu\libcr_c.a(remove.o)
                0x100016dc                remove
 .text.strlen   0x10001700       0xa8 c:/nxp/lpcxpresso_7.7.2_379/lpcxpresso/tools/bin/../lib/gcc/arm-none-eabi/4.9.3/../../../../arm-none-eabi/lib/armv7e-m/fpu\libcr_c.a(strlen.o)
                0x10001700                strlen
 .text._sbrk    0x100017a8       0x60 c:/nxp/lpcxpresso_7.7.2_379/lpcxpresso/tools/bin/../lib/gcc/arm-none-eabi/4.9.3/../../../../arm-none-eabi/lib/armv7e-m/fpu\libcr_c.a(_cr_sbrk.o)
                0x100017a8                _sbrk
 .text._do_fflush
                0x10001808       0x7c c:/nxp/lpcxpresso_7.7.2_379/lpcxpresso/tools/bin/../lib/gcc/arm-none-eabi/4.9.3/../../../../arm-none-eabi/lib/armv7e-m/fpu\libcr_c.a(_do_fflush.o)
                0x10001808                _do_fflush
 .text.__check_heap_overflow
                0x10001884       0x2c c:/nxp/lpcxpresso_7.7.2_379/lpcxpresso/tools/bin/../lib/gcc/arm-none-eabi/4.9.3/../../../../arm-none-eabi/lib/armv7e-m/fpu\libcr_c.a(_cr_check_heap.o)
                0x10001884                __check_heap_overflow
 .text.__aeabi_memset_lowlevel
                0x100018b0       0x32 c:/nxp/lpcxpresso_7.7.2_379/lpcxpresso/tools/bin/../lib/gcc/arm-none-eabi/4.9.3/armv7e-m/fpu\libcr_eabihelpers.a(memcpy.o)
                0x100018b0                __aeabi_lowlevel_memset
 *fill*         0x100018e2        0x2 
 .text.__sys_appexit
                0x100018e4        0xc c:/nxp/lpcxpresso_7.7.2_379/lpcxpresso/tools/bin/../lib/gcc/arm-none-eabi/4.9.3/../../../../arm-none-eabi/lib/armv7e-m/fpu\libcr_semihost.a(__sys_appexit.o)
                0x100018e4                __sys_appexit
                0x100018e4                __exit
 .text.__sys_close
                0x100018f0        0xc c:/nxp/lpcxpresso_7.7.2_379/lpcxpresso/tools/bin/../lib/gcc/arm-none-eabi/4.9.3/../../../../arm-none-eabi/lib/armv7e-m/fpu\libcr_semihost.a(__sys_close.o)
                0x100018f0                __sys_close
 .text.__sys_flen
                0x100018fc        0xc c:/nxp/lpcxpresso_7.7.2_379/lpcxpresso/tools/bin/../lib/gcc/arm-none-eabi/4.9.3/../../../../arm-none-eabi/lib/armv7e-m/fpu\libcr_semihost.a(__sys_flen.o)
                0x100018fc                __sys_flen
 .text.__sys_istty
                0x10001908        0xc c:/nxp/lpcxpresso_7.7.2_379/lpcxpresso/tools/bin/../lib/gcc/arm-none-eabi/4.9.3/../../../../arm-none-eabi/lib/armv7e-m/fpu\libcr_semihost.a(__sys_istty.o)
                0x10001908                __sys_istty
 .text.__sys_remove
                0x10001914        0xc c:/nxp/lpcxpresso_7.7.2_379/lpcxpresso/tools/bin/../lib/gcc/arm-none-eabi/4.9.3/../../../../arm-none-eabi/lib/armv7e-m/fpu\libcr_semihost.a(__sys_remove.o)
                0x10001914                __sys_remove
 .text.__sys_seek
                0x10001920        0xc c:/nxp/lpcxpresso_7.7.2_379/lpcxpresso/tools/bin/../lib/gcc/arm-none-eabi/4.9.3/../../../../arm-none-eabi/lib/armv7e-m/fpu\libcr_semihost.a(__sys_seek.o)
                0x10001920                __sys_seek
 .text.__sys_tmpnam
                0x1000192c        0xc c:/nxp/lpcxpresso_7.7.2_379/lpcxpresso/tools/bin/../lib/gcc/arm-none-eabi/4.9.3/../../../../arm-none-eabi/lib/armv7e-m/fpu\libcr_semihost.a(__sys_tmpnam.o)
                0x1000192c                __sys_tmpnam
 .text.__sys_write
                0x10001938        0xc c:/nxp/lpcxpresso_7.7.2_379/lpcxpresso/tools/bin/../lib/gcc/arm-none-eabi/4.9.3/../../../../arm-none-eabi/lib/armv7e-m/fpu\libcr_semihost.a(__sys_write.o)
                0x10001938                __sys_write
                0x10001938                __write
 *(.rodata .rodata.* .constdata .constdata.*)
 .rodata.InitClkStates
                0x10001944       0x10 C:\Users\emh203\Dropbox\Embedded System Conference\CM4_TEST\COMMON\lpc_board_nxp_lpclink2_4370\HARD\liblpc_board_nxp_lpclink2_4370_HARD.a(board_sysinit.o)
 .rodata.spifipinmuxing
                0x10001954       0x18 C:\Users\emh203\Dropbox\Embedded System Conference\CM4_TEST\COMMON\lpc_board_nxp_lpclink2_4370\HARD\liblpc_board_nxp_lpclink2_4370_HARD.a(board_sysinit.o)
 .rodata.pinmuxing
                0x1000196c        0x4 C:\Users\emh203\Dropbox\Embedded System Conference\CM4_TEST\COMMON\lpc_board_nxp_lpclink2_4370\HARD\liblpc_board_nxp_lpclink2_4370_HARD.a(board_sysinit.o)
 .rodata        0x10001970        0xc C:\Users\emh203\Dropbox\Embedded System Conference\CM4_TEST\COMMON\lpc_chip_43xx\HARD\liblpc_chip_43xx_HARD.a(clock_18xx_43xx.o)
 .rodata.InitClkStates
                0x1000197c       0x48 C:\Users\emh203\Dropbox\Embedded System Conference\CM4_TEST\COMMON\lpc_chip_43xx\HARD\liblpc_chip_43xx_HARD.a(sysinit_18xx_43xx.o)
 .rodata        0x100019c4        0x8 c:/nxp/lpcxpresso_7.7.2_379/lpcxpresso/tools/bin/../lib/gcc/arm-none-eabi/4.9.3/../../../../arm-none-eabi/lib/armv7e-m/fpu\libcr_c.a(initio.o)
 .rodata        0x100019cc       0x18 c:/nxp/lpcxpresso_7.7.2_379/lpcxpresso/tools/bin/../lib/gcc/arm-none-eabi/4.9.3/../../../../arm-none-eabi/lib/armv7e-m/fpu\libcr_c.a(alloc.o)
                0x100019e4                . = ALIGN (0x4)

.glue_7         0x100019e4        0x0
 .glue_7        0x00000000        0x0 linker stubs

.glue_7t        0x100019e4        0x0
 .glue_7t       0x00000000        0x0 linker stubs

.vfp11_veneer   0x100019e4        0x0
 .vfp11_veneer  0x00000000        0x0 linker stubs

.v4_bx          0x100019e4        0x0
 .v4_bx         0x00000000        0x0 linker stubs

.iplt           0x100019e4        0x0
 .iplt          0x00000000        0x0 ./src/CM4_TEST.o

.rel.dyn        0x100019e4        0x0
 .rel.iplt      0x00000000        0x0 ./src/CM4_TEST.o

.ARM.extab
 *(.ARM.extab* .gnu.linkonce.armextab.*)
                0x100019e4                __exidx_start = .

.ARM.exidx
 *(.ARM.exidx* .gnu.linkonce.armexidx.*)
                0x100019e4                __exidx_end = .
                0x100019e4                _etext = .

.data_RAM2      0x10080000        0x0 load address 0x100019e4
 FILL mask 0xff
                0x10080000                PROVIDE (__start_data_RAM2, .)
 *(.ramfunc.$RAM2)
 *(.ramfunc.$RamLoc72)
 *(.data.$RAM2*)
 *(.data.$RamLoc72*)
                0x10080000                . = ALIGN (0x4)
                0x10080000                PROVIDE (__end_data_RAM2, .)

.data_RAM3      0x20000000        0x0 load address 0x100019e4
 FILL mask 0xff
                0x20000000                PROVIDE (__start_data_RAM3, .)
 *(.ramfunc.$RAM3)
 *(.ramfunc.$RamAHB32)
 *(.data.$RAM3*)
 *(.data.$RamAHB32*)
                0x20000000                . = ALIGN (0x4)
                0x20000000                PROVIDE (__end_data_RAM3, .)

.data_RAM4      0x20008000        0x0 load address 0x100019e4
 FILL mask 0xff
                0x20008000                PROVIDE (__start_data_RAM4, .)
 *(.ramfunc.$RAM4)
 *(.ramfunc.$RamAHB16)
 *(.data.$RAM4*)
 *(.data.$RamAHB16*)
                0x20008000                . = ALIGN (0x4)
                0x20008000                PROVIDE (__end_data_RAM4, .)

.data_RAM5      0x2000c000        0x0 load address 0x100019e4
 FILL mask 0xff
                0x2000c000                PROVIDE (__start_data_RAM5, .)
 *(.ramfunc.$RAM5)
 *(.ramfunc.$RamAHB_ETB16)
 *(.data.$RAM5*)
 *(.data.$RamAHB_ETB16*)
                0x2000c000                . = ALIGN (0x4)
                0x2000c000                PROVIDE (__end_data_RAM5, .)

.data_RAM6      0x18000000        0x0 load address 0x100019e4
 FILL mask 0xff
                0x18000000                PROVIDE (__start_data_RAM6, .)
 *(.ramfunc.$RAM6)
 *(.ramfunc.$RamM0Sub16)
 *(.data.$RAM6*)
 *(.data.$RamM0Sub16*)
                0x18000000                . = ALIGN (0x4)
                0x18000000                PROVIDE (__end_data_RAM6, .)

.data_RAM7      0x18004000        0x0 load address 0x100019e4
 FILL mask 0xff
                0x18004000                PROVIDE (__start_data_RAM7, .)
 *(.ramfunc.$RAM7)
 *(.ramfunc.$RamM0Sub2)
 *(.data.$RAM7*)
 *(.data.$RamM0Sub2*)
                0x18004000                . = ALIGN (0x4)
                0x18004000                PROVIDE (__end_data_RAM7, .)

.uninit_RESERVED
                0x100019e4        0x0
 *(.bss.$RESERVED*)
                0x100019e4                . = ALIGN (0x4)
                0x100019e4                _end_uninit_RESERVED = .

.data           0x100019e4        0x0
 FILL mask 0xff
                0x100019e4                _data = .
 *(vtable)
 *(.ramfunc*)
 *(.data*)
                0x100019e4                . = ALIGN (0x4)
                0x100019e4                _edata = .

.igot.plt       0x100019e4        0x0
 .igot.plt      0x00000000        0x0 ./src/CM4_TEST.o

.bss_RAM2       0x10080000        0x0
                0x10080000                PROVIDE (__start_bss_RAM2, .)
 *(.bss.$RAM2*)
 *(.bss.$RamLoc72*)
                0x10080000                . = ALIGN (0x4)
                0x10080000                PROVIDE (__end_bss_RAM2, .)

.bss_RAM3       0x20000000        0x0
                0x20000000                PROVIDE (__start_bss_RAM3, .)
 *(.bss.$RAM3*)
 *(.bss.$RamAHB32*)
                0x20000000                . = ALIGN (0x4)
                0x20000000                PROVIDE (__end_bss_RAM3, .)

.bss_RAM4       0x20008000        0x0
                0x20008000                PROVIDE (__start_bss_RAM4, .)
 *(.bss.$RAM4*)
 *(.bss.$RamAHB16*)
                0x20008000                . = ALIGN (0x4)
                0x20008000                PROVIDE (__end_bss_RAM4, .)

.bss_RAM5       0x2000c000        0x0
                0x2000c000                PROVIDE (__start_bss_RAM5, .)
 *(.bss.$RAM5*)
 *(.bss.$RamAHB_ETB16*)
                0x2000c000                . = ALIGN (0x4)
                0x2000c000                PROVIDE (__end_bss_RAM5, .)

.bss_RAM6       0x18000000        0x0
                0x18000000                PROVIDE (__start_bss_RAM6, .)
 *(.bss.$RAM6*)
 *(.bss.$RamM0Sub16*)
                0x18000000                . = ALIGN (0x4)
                0x18000000                PROVIDE (__end_bss_RAM6, .)

.bss_RAM7       0x18004000        0x0
                0x18004000                PROVIDE (__start_bss_RAM7, .)
 *(.bss.$RAM7*)
 *(.bss.$RamM0Sub2*)
                0x18004000                . = ALIGN (0x4)
                0x18004000                PROVIDE (__end_bss_RAM7, .)

.bss            0x100019e4      0x158
                0x100019e4                _bss = .
 *(.bss*)
 .bss.audio_usb_pll_freq
                0x100019e4        0x8 C:\Users\emh203\Dropbox\Embedded System Conference\CM4_TEST\COMMON\lpc_chip_43xx\HARD\liblpc_chip_43xx_HARD.a(clock_18xx_43xx.o)
 .bss.errno     0x100019ec        0x4 c:/nxp/lpcxpresso_7.7.2_379/lpcxpresso/tools/bin/../lib/gcc/arm-none-eabi/4.9.3/../../../../arm-none-eabi/lib/armv7e-m/fpu\libcr_c.a(errno.o)
                0x100019ec                errno
 *(COMMON)
 COMMON         0x100019f0        0x4 c:/nxp/lpcxpresso_7.7.2_379/lpcxpresso/tools/bin/../lib/gcc/arm-none-eabi/4.9.3/../../../../arm-none-eabi/lib/armv7e-m/fpu\libcr_c.a(initio.o)
                0x100019f0                _extra
 COMMON         0x100019f4      0x140 c:/nxp/lpcxpresso_7.7.2_379/lpcxpresso/tools/bin/../lib/gcc/arm-none-eabi/4.9.3/../../../../arm-none-eabi/lib/armv7e-m/fpu\libcr_c.a(stdio.o)
                0x100019f4                __Ciob
 COMMON         0x10001b34        0x8 c:/nxp/lpcxpresso_7.7.2_379/lpcxpresso/tools/bin/../lib/gcc/arm-none-eabi/4.9.3/../../../../arm-none-eabi/lib/armv7e-m/fpu\libcr_c.a(__init_alloc.o)
                0x10001b34                __heaps
                0x10001b38                __end_of_heap
                0x10001b3c                . = ALIGN (0x4)
                0x10001b3c                _ebss = .
                0x10001b3c                PROVIDE (end, .)

.noinit_RAM2    0x10080000        0x0
 *(.noinit.$RAM2*)
 *(.noinit.$RamLoc72*)
                0x10080000                . = ALIGN (0x4)

.noinit_RAM3    0x20000000        0x0
 *(.noinit.$RAM3*)
 *(.noinit.$RamAHB32*)
                0x20000000                . = ALIGN (0x4)

.noinit_RAM4    0x20008000        0x0
 *(.noinit.$RAM4*)
 *(.noinit.$RamAHB16*)
                0x20008000                . = ALIGN (0x4)

.noinit_RAM5    0x2000c000        0x0
 *(.noinit.$RAM5*)
 *(.noinit.$RamAHB_ETB16*)
                0x2000c000                . = ALIGN (0x4)

.noinit_RAM6    0x18000000        0x0
 *(.noinit.$RAM6*)
 *(.noinit.$RamM0Sub16*)
                0x18000000                . = ALIGN (0x4)

.noinit_RAM7    0x18004000        0x0
 *(.noinit.$RAM7*)
 *(.noinit.$RamM0Sub2*)
                0x18004000                . = ALIGN (0x4)

.noinit         0x10001b3c        0x0
                0x10001b3c                _noinit = .
 *(.noinit*)
                0x10001b3c                . = ALIGN (0x4)
                0x10001b3c                _end_noinit = .
                0x10001b3c                PROVIDE (_pvHeapStart, DEFINED (__user_heap_base)?__user_heap_base:.)
                0x10020000                PROVIDE (_vStackTop, DEFINED (__user_stack_top)?__user_stack_top:(__top_RamLoc128 - 0x0))
OUTPUT(CM4_TEST_LPC4370_RAM_O1_HARD.axf elf32-littlearm)

.debug_info     0x00000000     0x3bba
 .debug_info    0x00000000     0x10bf ./src/CM4_TEST.o
 .debug_info    0x000010bf      0x2be ./src/cr_startup_lpc43xx.o
 .debug_info    0x0000137d       0x3f ./src/crp.o
 .debug_info    0x000013bc      0x10c ./src/sysinit.o
 .debug_info    0x000014c8      0xb42 C:\Users\emh203\Dropbox\Embedded System Conference\CM4_TEST\COMMON\lpc_board_nxp_lpclink2_4370\HARD\liblpc_board_nxp_lpclink2_4370_HARD.a(board_sysinit.o)
 .debug_info    0x0000200a     0x13ae C:\Users\emh203\Dropbox\Embedded System Conference\CM4_TEST\COMMON\lpc_chip_43xx\HARD\liblpc_chip_43xx_HARD.a(clock_18xx_43xx.o)
 .debug_info    0x000033b8      0x128 C:\Users\emh203\Dropbox\Embedded System Conference\CM4_TEST\COMMON\lpc_chip_43xx\HARD\liblpc_chip_43xx_HARD.a(fpu_init.o)
 .debug_info    0x000034e0      0x6da C:\Users\emh203\Dropbox\Embedded System Conference\CM4_TEST\COMMON\lpc_chip_43xx\HARD\liblpc_chip_43xx_HARD.a(sysinit_18xx_43xx.o)

.debug_abbrev   0x00000000      0xa09
 .debug_abbrev  0x00000000      0x213 ./src/CM4_TEST.o
 .debug_abbrev  0x00000213      0x129 ./src/cr_startup_lpc43xx.o
 .debug_abbrev  0x0000033c       0x36 ./src/crp.o
 .debug_abbrev  0x00000372       0xb8 ./src/sysinit.o
 .debug_abbrev  0x0000042a      0x18d C:\Users\emh203\Dropbox\Embedded System Conference\CM4_TEST\COMMON\lpc_board_nxp_lpclink2_4370\HARD\liblpc_board_nxp_lpclink2_4370_HARD.a(board_sysinit.o)
 .debug_abbrev  0x000005b7      0x2a1 C:\Users\emh203\Dropbox\Embedded System Conference\CM4_TEST\COMMON\lpc_chip_43xx\HARD\liblpc_chip_43xx_HARD.a(clock_18xx_43xx.o)
 .debug_abbrev  0x00000858       0x84 C:\Users\emh203\Dropbox\Embedded System Conference\CM4_TEST\COMMON\lpc_chip_43xx\HARD\liblpc_chip_43xx_HARD.a(fpu_init.o)
 .debug_abbrev  0x000008dc      0x12d C:\Users\emh203\Dropbox\Embedded System Conference\CM4_TEST\COMMON\lpc_chip_43xx\HARD\liblpc_chip_43xx_HARD.a(sysinit_18xx_43xx.o)

.debug_aranges  0x00000000      0x298
 .debug_aranges
                0x00000000       0x20 ./src/CM4_TEST.o
 .debug_aranges
                0x00000020       0x80 ./src/cr_startup_lpc43xx.o
 .debug_aranges
                0x000000a0       0x18 ./src/crp.o
 .debug_aranges
                0x000000b8       0x20 ./src/sysinit.o
 .debug_aranges
                0x000000d8       0x40 C:\Users\emh203\Dropbox\Embedded System Conference\CM4_TEST\COMMON\lpc_board_nxp_lpclink2_4370\HARD\liblpc_board_nxp_lpclink2_4370_HARD.a(board_sysinit.o)
 .debug_aranges
                0x00000118      0x128 C:\Users\emh203\Dropbox\Embedded System Conference\CM4_TEST\COMMON\lpc_chip_43xx\HARD\liblpc_chip_43xx_HARD.a(clock_18xx_43xx.o)
 .debug_aranges
                0x00000240       0x20 C:\Users\emh203\Dropbox\Embedded System Conference\CM4_TEST\COMMON\lpc_chip_43xx\HARD\liblpc_chip_43xx_HARD.a(fpu_init.o)
 .debug_aranges
                0x00000260       0x38 C:\Users\emh203\Dropbox\Embedded System Conference\CM4_TEST\COMMON\lpc_chip_43xx\HARD\liblpc_chip_43xx_HARD.a(sysinit_18xx_43xx.o)

.debug_ranges   0x00000000      0x210
 .debug_ranges  0x00000000       0x10 ./src/CM4_TEST.o
 .debug_ranges  0x00000010       0x70 ./src/cr_startup_lpc43xx.o
 .debug_ranges  0x00000080       0x10 ./src/sysinit.o
 .debug_ranges  0x00000090       0x30 C:\Users\emh203\Dropbox\Embedded System Conference\CM4_TEST\COMMON\lpc_board_nxp_lpclink2_4370\HARD\liblpc_board_nxp_lpclink2_4370_HARD.a(board_sysinit.o)
 .debug_ranges  0x000000c0      0x118 C:\Users\emh203\Dropbox\Embedded System Conference\CM4_TEST\COMMON\lpc_chip_43xx\HARD\liblpc_chip_43xx_HARD.a(clock_18xx_43xx.o)
 .debug_ranges  0x000001d8       0x10 C:\Users\emh203\Dropbox\Embedded System Conference\CM4_TEST\COMMON\lpc_chip_43xx\HARD\liblpc_chip_43xx_HARD.a(fpu_init.o)
 .debug_ranges  0x000001e8       0x28 C:\Users\emh203\Dropbox\Embedded System Conference\CM4_TEST\COMMON\lpc_chip_43xx\HARD\liblpc_chip_43xx_HARD.a(sysinit_18xx_43xx.o)

.debug_macro    0x00000000     0x624a
 .debug_macro   0x00000000      0x3b7 ./src/CM4_TEST.o
 .debug_macro   0x000003b7      0x8b6 ./src/CM4_TEST.o
 .debug_macro   0x00000c6d       0x10 ./src/CM4_TEST.o
 .debug_macro   0x00000c7d       0x10 ./src/CM4_TEST.o
 .debug_macro   0x00000c8d      0x12d ./src/CM4_TEST.o
 .debug_macro   0x00000dba      0x5b2 ./src/CM4_TEST.o
 .debug_macro   0x0000136c       0x22 ./src/CM4_TEST.o
 .debug_macro   0x0000138e       0x7b ./src/CM4_TEST.o
 .debug_macro   0x00001409       0x28 ./src/CM4_TEST.o
 .debug_macro   0x00001431       0x3b ./src/CM4_TEST.o
 .debug_macro   0x0000146c       0x2d ./src/CM4_TEST.o
 .debug_macro   0x00001499       0x42 ./src/CM4_TEST.o
 .debug_macro   0x000014db      0xd39 ./src/CM4_TEST.o
 .debug_macro   0x00002214      0x2bc ./src/CM4_TEST.o
 .debug_macro   0x000024d0      0x112 ./src/CM4_TEST.o
 .debug_macro   0x000025e2       0x11 ./src/CM4_TEST.o
 .debug_macro   0x000025f3       0x1e ./src/CM4_TEST.o
 .debug_macro   0x00002611       0x16 ./src/CM4_TEST.o
 .debug_macro   0x00002627      0x2e6 ./src/CM4_TEST.o
 .debug_macro   0x0000290d       0x82 ./src/CM4_TEST.o
 .debug_macro   0x0000298f      0x13d ./src/CM4_TEST.o
 .debug_macro   0x00002acc      0x198 ./src/CM4_TEST.o
 .debug_macro   0x00002c64       0x34 ./src/CM4_TEST.o
 .debug_macro   0x00002c98       0x58 ./src/CM4_TEST.o
 .debug_macro   0x00002cf0      0x236 ./src/CM4_TEST.o
 .debug_macro   0x00002f26      0x572 ./src/CM4_TEST.o
 .debug_macro   0x00003498       0x16 ./src/CM4_TEST.o
 .debug_macro   0x000034ae      0x18a ./src/CM4_TEST.o
 .debug_macro   0x00003638       0x88 ./src/CM4_TEST.o
 .debug_macro   0x000036c0      0x1b9 ./src/CM4_TEST.o
 .debug_macro   0x00003879      0x1da ./src/CM4_TEST.o
 .debug_macro   0x00003a53       0x40 ./src/CM4_TEST.o
 .debug_macro   0x00003a93       0x1c ./src/CM4_TEST.o
 .debug_macro   0x00003aaf       0x2e ./src/CM4_TEST.o
 .debug_macro   0x00003add       0x2e ./src/CM4_TEST.o
 .debug_macro   0x00003b0b       0x22 ./src/CM4_TEST.o
 .debug_macro   0x00003b2d      0x201 ./src/CM4_TEST.o
 .debug_macro   0x00003d2e       0xe0 ./src/CM4_TEST.o
 .debug_macro   0x00003e0e      0x34c ./src/CM4_TEST.o
 .debug_macro   0x0000415a       0xdc ./src/CM4_TEST.o
 .debug_macro   0x00004236       0x94 ./src/CM4_TEST.o
 .debug_macro   0x000042ca       0xb8 ./src/CM4_TEST.o
 .debug_macro   0x00004382       0x4c ./src/CM4_TEST.o
 .debug_macro   0x000043ce       0x16 ./src/CM4_TEST.o
 .debug_macro   0x000043e4      0x328 ./src/CM4_TEST.o
 .debug_macro   0x0000470c       0x3a ./src/CM4_TEST.o
 .debug_macro   0x00004746       0xd0 ./src/CM4_TEST.o
 .debug_macro   0x00004816       0x18 ./src/CM4_TEST.o
 .debug_macro   0x0000482e       0x22 ./src/CM4_TEST.o
 .debug_macro   0x00004850       0x40 ./src/CM4_TEST.o
 .debug_macro   0x00004890       0x5e ./src/CM4_TEST.o
 .debug_macro   0x000048ee       0x9a ./src/CM4_TEST.o
 .debug_macro   0x00004988       0x20 ./src/CM4_TEST.o
 .debug_macro   0x000049a8       0x82 ./src/CM4_TEST.o
 .debug_macro   0x00004a2a       0x12 ./src/CM4_TEST.o
 .debug_macro   0x00004a3c       0xc4 ./src/CM4_TEST.o
 .debug_macro   0x00004b00       0xd6 ./src/CM4_TEST.o
 .debug_macro   0x00004bd6       0x22 ./src/CM4_TEST.o
 .debug_macro   0x00004bf8       0x7c ./src/CM4_TEST.o
 .debug_macro   0x00004c74       0x40 ./src/CM4_TEST.o
 .debug_macro   0x00004cb4       0x1d ./src/cr_startup_lpc43xx.o
 .debug_macro   0x00004cd1       0x1a ./src/crp.o
 .debug_macro   0x00004ceb       0x34 ./src/crp.o
 .debug_macro   0x00004d1f      0x306 ./src/sysinit.o
 .debug_macro   0x00005025      0x306 C:\Users\emh203\Dropbox\Embedded System Conference\CM4_TEST\COMMON\lpc_board_nxp_lpclink2_4370\HARD\liblpc_board_nxp_lpclink2_4370_HARD.a(board_sysinit.o)
 .debug_macro   0x0000532b      0x88c C:\Users\emh203\Dropbox\Embedded System Conference\CM4_TEST\COMMON\lpc_board_nxp_lpclink2_4370\HARD\liblpc_board_nxp_lpclink2_4370_HARD.a(board_sysinit.o)
 .debug_macro   0x00005bb7       0x2d C:\Users\emh203\Dropbox\Embedded System Conference\CM4_TEST\COMMON\lpc_board_nxp_lpclink2_4370\HARD\liblpc_board_nxp_lpclink2_4370_HARD.a(board_sysinit.o)
 .debug_macro   0x00005be4      0x2d6 C:\Users\emh203\Dropbox\Embedded System Conference\CM4_TEST\COMMON\lpc_chip_43xx\HARD\liblpc_chip_43xx_HARD.a(clock_18xx_43xx.o)
 .debug_macro   0x00005eba       0xc0 C:\Users\emh203\Dropbox\Embedded System Conference\CM4_TEST\COMMON\lpc_chip_43xx\HARD\liblpc_chip_43xx_HARD.a(fpu_init.o)
 .debug_macro   0x00005f7a      0x2d0 C:\Users\emh203\Dropbox\Embedded System Conference\CM4_TEST\COMMON\lpc_chip_43xx\HARD\liblpc_chip_43xx_HARD.a(sysinit_18xx_43xx.o)

.debug_line     0x00000000     0x2834
 .debug_line    0x00000000      0x7be ./src/CM4_TEST.o
 .debug_line    0x000007be       0xe2 ./src/cr_startup_lpc43xx.o
 .debug_line    0x000008a0       0x78 ./src/crp.o
 .debug_line    0x00000918      0x6b9 ./src/sysinit.o
 .debug_line    0x00000fd1      0x6e0 C:\Users\emh203\Dropbox\Embedded System Conference\CM4_TEST\COMMON\lpc_board_nxp_lpclink2_4370\HARD\liblpc_board_nxp_lpclink2_4370_HARD.a(board_sysinit.o)
 .debug_line    0x000016b1      0x94a C:\Users\emh203\Dropbox\Embedded System Conference\CM4_TEST\COMMON\lpc_chip_43xx\HARD\liblpc_chip_43xx_HARD.a(clock_18xx_43xx.o)
 .debug_line    0x00001ffb      0x207 C:\Users\emh203\Dropbox\Embedded System Conference\CM4_TEST\COMMON\lpc_chip_43xx\HARD\liblpc_chip_43xx_HARD.a(fpu_init.o)
 .debug_line    0x00002202      0x632 C:\Users\emh203\Dropbox\Embedded System Conference\CM4_TEST\COMMON\lpc_chip_43xx\HARD\liblpc_chip_43xx_HARD.a(sysinit_18xx_43xx.o)

.debug_str      0x00000000    0x1840a
 .debug_str     0x00000000    0x174e3 ./src/CM4_TEST.o
                              0x17623 (size before relaxing)
 .debug_str     0x000174e3      0x1e5 ./src/cr_startup_lpc43xx.o
                               0x276e (size before relaxing)
 .debug_str     0x000176c8       0xe9 ./src/crp.o
                               0x2653 (size before relaxing)
 .debug_str     0x000177b1       0x2c ./src/sysinit.o
                              0x15114 (size before relaxing)
 .debug_str     0x000177dd      0x4a3 C:\Users\emh203\Dropbox\Embedded System Conference\CM4_TEST\COMMON\lpc_board_nxp_lpclink2_4370\HARD\liblpc_board_nxp_lpclink2_4370_HARD.a(board_sysinit.o)
                              0x15e47 (size before relaxing)
 .debug_str     0x00017c80      0x65f C:\Users\emh203\Dropbox\Embedded System Conference\CM4_TEST\COMMON\lpc_chip_43xx\HARD\liblpc_chip_43xx_HARD.a(clock_18xx_43xx.o)
                              0x15f73 (size before relaxing)
 .debug_str     0x000182df       0xad C:\Users\emh203\Dropbox\Embedded System Conference\CM4_TEST\COMMON\lpc_chip_43xx\HARD\liblpc_chip_43xx_HARD.a(fpu_init.o)
                               0x991f (size before relaxing)
 .debug_str     0x0001838c       0x7e C:\Users\emh203\Dropbox\Embedded System Conference\CM4_TEST\COMMON\lpc_chip_43xx\HARD\liblpc_chip_43xx_HARD.a(sysinit_18xx_43xx.o)
                              0x158d2 (size before relaxing)

.comment        0x00000000       0x70
 .comment       0x00000000       0x70 ./src/CM4_TEST.o
                                 0x71 (size before relaxing)
 .comment       0x00000000       0x71 ./src/cr_startup_lpc43xx.o
 .comment       0x00000000       0x71 ./src/crp.o
 .comment       0x00000000       0x71 ./src/sysinit.o
 .comment       0x00000000       0x71 C:\Users\emh203\Dropbox\Embedded System Conference\CM4_TEST\COMMON\lpc_board_nxp_lpclink2_4370\HARD\liblpc_board_nxp_lpclink2_4370_HARD.a(board_sysinit.o)
 .comment       0x00000000       0x71 C:\Users\emh203\Dropbox\Embedded System Conference\CM4_TEST\COMMON\lpc_chip_43xx\HARD\liblpc_chip_43xx_HARD.a(clock_18xx_43xx.o)
 .comment       0x00000000       0x71 C:\Users\emh203\Dropbox\Embedded System Conference\CM4_TEST\COMMON\lpc_chip_43xx\HARD\liblpc_chip_43xx_HARD.a(fpu_init.o)
 .comment       0x00000000       0x71 C:\Users\emh203\Dropbox\Embedded System Conference\CM4_TEST\COMMON\lpc_chip_43xx\HARD\liblpc_chip_43xx_HARD.a(sysinit_18xx_43xx.o)
 .comment       0x00000000       0x71 c:/nxp/lpcxpresso_7.7.2_379/lpcxpresso/tools/bin/../lib/gcc/arm-none-eabi/4.9.3/../../../../arm-none-eabi/lib/armv7e-m/fpu\libcr_semihost.a(_cr__main.o)
 .comment       0x00000000       0x71 c:/nxp/lpcxpresso_7.7.2_379/lpcxpresso/tools/bin/../lib/gcc/arm-none-eabi/4.9.3/../../../../arm-none-eabi/lib/armv7e-m/fpu\libcr_c.a(initio.o)
 .comment       0x00000000       0x71 c:/nxp/lpcxpresso_7.7.2_379/lpcxpresso/tools/bin/../lib/gcc/arm-none-eabi/4.9.3/../../../../arm-none-eabi/lib/armv7e-m/fpu\libcr_c.a(setvbuf.o)
 .comment       0x00000000       0x71 c:/nxp/lpcxpresso_7.7.2_379/lpcxpresso/tools/bin/../lib/gcc/arm-none-eabi/4.9.3/../../../../arm-none-eabi/lib/armv7e-m/fpu\libcr_c.a(stdio.o)
 .comment       0x00000000       0x71 c:/nxp/lpcxpresso_7.7.2_379/lpcxpresso/tools/bin/../lib/gcc/arm-none-eabi/4.9.3/../../../../arm-none-eabi/lib/armv7e-m/fpu\libcr_c.a(memset.o)
 .comment       0x00000000       0x71 c:/nxp/lpcxpresso_7.7.2_379/lpcxpresso/tools/bin/../lib/gcc/arm-none-eabi/4.9.3/../../../../arm-none-eabi/lib/armv7e-m/fpu\libcr_c.a(_deferredlazyseek.o)
 .comment       0x00000000       0x71 c:/nxp/lpcxpresso_7.7.2_379/lpcxpresso/tools/bin/../lib/gcc/arm-none-eabi/4.9.3/../../../../arm-none-eabi/lib/armv7e-m/fpu\libcr_c.a(_fdopen.o)
 .comment       0x00000000       0x71 c:/nxp/lpcxpresso_7.7.2_379/lpcxpresso/tools/bin/../lib/gcc/arm-none-eabi/4.9.3/../../../../arm-none-eabi/lib/armv7e-m/fpu\libcr_c.a(_fflush.o)
 .comment       0x00000000       0x71 c:/nxp/lpcxpresso_7.7.2_379/lpcxpresso/tools/bin/../lib/gcc/arm-none-eabi/4.9.3/../../../../arm-none-eabi/lib/armv7e-m/fpu\libcr_c.a(_writebuf.o)
 .comment       0x00000000       0x71 c:/nxp/lpcxpresso_7.7.2_379/lpcxpresso/tools/bin/../lib/gcc/arm-none-eabi/4.9.3/../../../../arm-none-eabi/lib/armv7e-m/fpu\libcr_c.a(alloc.o)
 .comment       0x00000000       0x71 c:/nxp/lpcxpresso_7.7.2_379/lpcxpresso/tools/bin/../lib/gcc/arm-none-eabi/4.9.3/../../../../arm-none-eabi/lib/armv7e-m/fpu\libcr_c.a(errno.o)
 .comment       0x00000000       0x71 c:/nxp/lpcxpresso_7.7.2_379/lpcxpresso/tools/bin/../lib/gcc/arm-none-eabi/4.9.3/../../../../arm-none-eabi/lib/armv7e-m/fpu\libcr_c.a(fclose.o)
 .comment       0x00000000       0x71 c:/nxp/lpcxpresso_7.7.2_379/lpcxpresso/tools/bin/../lib/gcc/arm-none-eabi/4.9.3/../../../../arm-none-eabi/lib/armv7e-m/fpu\libcr_c.a(fflush.o)
 .comment       0x00000000       0x71 c:/nxp/lpcxpresso_7.7.2_379/lpcxpresso/tools/bin/../lib/gcc/arm-none-eabi/4.9.3/../../../../arm-none-eabi/lib/armv7e-m/fpu\libcr_c.a(fseek.o)
 .comment       0x00000000       0x71 c:/nxp/lpcxpresso_7.7.2_379/lpcxpresso/tools/bin/../lib/gcc/arm-none-eabi/4.9.3/../../../../arm-none-eabi/lib/armv7e-m/fpu\libcr_c.a(ftell.o)
 .comment       0x00000000       0x71 c:/nxp/lpcxpresso_7.7.2_379/lpcxpresso/tools/bin/../lib/gcc/arm-none-eabi/4.9.3/../../../../arm-none-eabi/lib/armv7e-m/fpu\libcr_c.a(remove.o)
 .comment       0x00000000       0x71 c:/nxp/lpcxpresso_7.7.2_379/lpcxpresso/tools/bin/../lib/gcc/arm-none-eabi/4.9.3/../../../../arm-none-eabi/lib/armv7e-m/fpu\libcr_c.a(strlen.o)
 .comment       0x00000000       0x71 c:/nxp/lpcxpresso_7.7.2_379/lpcxpresso/tools/bin/../lib/gcc/arm-none-eabi/4.9.3/../../../../arm-none-eabi/lib/armv7e-m/fpu\libcr_c.a(__init_alloc.o)
 .comment       0x00000000       0x71 c:/nxp/lpcxpresso_7.7.2_379/lpcxpresso/tools/bin/../lib/gcc/arm-none-eabi/4.9.3/../../../../arm-none-eabi/lib/armv7e-m/fpu\libcr_c.a(_cr_sbrk.o)
 .comment       0x00000000       0x71 c:/nxp/lpcxpresso_7.7.2_379/lpcxpresso/tools/bin/../lib/gcc/arm-none-eabi/4.9.3/../../../../arm-none-eabi/lib/armv7e-m/fpu\libcr_c.a(_do_fflush.o)
 .comment       0x00000000       0x71 c:/nxp/lpcxpresso_7.7.2_379/lpcxpresso/tools/bin/../lib/gcc/arm-none-eabi/4.9.3/../../../../arm-none-eabi/lib/armv7e-m/fpu\libcr_c.a(_cr_check_heap.o)

.ARM.attributes
                0x00000000       0x37
 .ARM.attributes
                0x00000000       0x39 ./src/CM4_TEST.o
 .ARM.attributes
                0x00000039       0x39 ./src/cr_startup_lpc43xx.o
 .ARM.attributes
                0x00000072       0x39 ./src/crp.o
 .ARM.attributes
                0x000000ab       0x39 ./src/sysinit.o
 .ARM.attributes
                0x000000e4       0x39 C:\Users\emh203\Dropbox\Embedded System Conference\CM4_TEST\COMMON\lpc_board_nxp_lpclink2_4370\HARD\liblpc_board_nxp_lpclink2_4370_HARD.a(board_sysinit.o)
 .ARM.attributes
                0x0000011d       0x39 C:\Users\emh203\Dropbox\Embedded System Conference\CM4_TEST\COMMON\lpc_chip_43xx\HARD\liblpc_chip_43xx_HARD.a(clock_18xx_43xx.o)
 .ARM.attributes
                0x00000156       0x39 C:\Users\emh203\Dropbox\Embedded System Conference\CM4_TEST\COMMON\lpc_chip_43xx\HARD\liblpc_chip_43xx_HARD.a(fpu_init.o)
 .ARM.attributes
                0x0000018f       0x39 C:\Users\emh203\Dropbox\Embedded System Conference\CM4_TEST\COMMON\lpc_chip_43xx\HARD\liblpc_chip_43xx_HARD.a(sysinit_18xx_43xx.o)
 .ARM.attributes
                0x000001c8       0x39 c:/nxp/lpcxpresso_7.7.2_379/lpcxpresso/tools/bin/../lib/gcc/arm-none-eabi/4.9.3/../../../../arm-none-eabi/lib/armv7e-m/fpu\libcr_semihost.a(_cr__main.o)
 .ARM.attributes
                0x00000201       0x39 c:/nxp/lpcxpresso_7.7.2_379/lpcxpresso/tools/bin/../lib/gcc/arm-none-eabi/4.9.3/../../../../arm-none-eabi/lib/armv7e-m/fpu\libcr_c.a(initio.o)
 .ARM.attributes
                0x0000023a       0x39 c:/nxp/lpcxpresso_7.7.2_379/lpcxpresso/tools/bin/../lib/gcc/arm-none-eabi/4.9.3/../../../../arm-none-eabi/lib/armv7e-m/fpu\libcr_c.a(setvbuf.o)
 .ARM.attributes
                0x00000273       0x39 c:/nxp/lpcxpresso_7.7.2_379/lpcxpresso/tools/bin/../lib/gcc/arm-none-eabi/4.9.3/../../../../arm-none-eabi/lib/armv7e-m/fpu\libcr_c.a(stdio.o)
 .ARM.attributes
                0x000002ac       0x39 c:/nxp/lpcxpresso_7.7.2_379/lpcxpresso/tools/bin/../lib/gcc/arm-none-eabi/4.9.3/../../../../arm-none-eabi/lib/armv7e-m/fpu\libcr_c.a(memset.o)
 .ARM.attributes
                0x000002e5       0x39 c:/nxp/lpcxpresso_7.7.2_379/lpcxpresso/tools/bin/../lib/gcc/arm-none-eabi/4.9.3/../../../../arm-none-eabi/lib/armv7e-m/fpu\libcr_c.a(_deferredlazyseek.o)
 .ARM.attributes
                0x0000031e       0x39 c:/nxp/lpcxpresso_7.7.2_379/lpcxpresso/tools/bin/../lib/gcc/arm-none-eabi/4.9.3/../../../../arm-none-eabi/lib/armv7e-m/fpu\libcr_c.a(_fdopen.o)
 .ARM.attributes
                0x00000357       0x39 c:/nxp/lpcxpresso_7.7.2_379/lpcxpresso/tools/bin/../lib/gcc/arm-none-eabi/4.9.3/../../../../arm-none-eabi/lib/armv7e-m/fpu\libcr_c.a(_fflush.o)
 .ARM.attributes
                0x00000390       0x39 c:/nxp/lpcxpresso_7.7.2_379/lpcxpresso/tools/bin/../lib/gcc/arm-none-eabi/4.9.3/../../../../arm-none-eabi/lib/armv7e-m/fpu\libcr_c.a(_writebuf.o)
 .ARM.attributes
                0x000003c9       0x39 c:/nxp/lpcxpresso_7.7.2_379/lpcxpresso/tools/bin/../lib/gcc/arm-none-eabi/4.9.3/../../../../arm-none-eabi/lib/armv7e-m/fpu\libcr_c.a(alloc.o)
 .ARM.attributes
                0x00000402       0x39 c:/nxp/lpcxpresso_7.7.2_379/lpcxpresso/tools/bin/../lib/gcc/arm-none-eabi/4.9.3/../../../../arm-none-eabi/lib/armv7e-m/fpu\libcr_c.a(errno.o)
 .ARM.attributes
                0x0000043b       0x39 c:/nxp/lpcxpresso_7.7.2_379/lpcxpresso/tools/bin/../lib/gcc/arm-none-eabi/4.9.3/../../../../arm-none-eabi/lib/armv7e-m/fpu\libcr_c.a(fclose.o)
 .ARM.attributes
                0x00000474       0x39 c:/nxp/lpcxpresso_7.7.2_379/lpcxpresso/tools/bin/../lib/gcc/arm-none-eabi/4.9.3/../../../../arm-none-eabi/lib/armv7e-m/fpu\libcr_c.a(fflush.o)
 .ARM.attributes
                0x000004ad       0x39 c:/nxp/lpcxpresso_7.7.2_379/lpcxpresso/tools/bin/../lib/gcc/arm-none-eabi/4.9.3/../../../../arm-none-eabi/lib/armv7e-m/fpu\libcr_c.a(fseek.o)
 .ARM.attributes
                0x000004e6       0x39 c:/nxp/lpcxpresso_7.7.2_379/lpcxpresso/tools/bin/../lib/gcc/arm-none-eabi/4.9.3/../../../../arm-none-eabi/lib/armv7e-m/fpu\libcr_c.a(ftell.o)
 .ARM.attributes
                0x0000051f       0x39 c:/nxp/lpcxpresso_7.7.2_379/lpcxpresso/tools/bin/../lib/gcc/arm-none-eabi/4.9.3/../../../../arm-none-eabi/lib/armv7e-m/fpu\libcr_c.a(remove.o)
 .ARM.attributes
                0x00000558       0x39 c:/nxp/lpcxpresso_7.7.2_379/lpcxpresso/tools/bin/../lib/gcc/arm-none-eabi/4.9.3/../../../../arm-none-eabi/lib/armv7e-m/fpu\libcr_c.a(strlen.o)
 .ARM.attributes
                0x00000591       0x39 c:/nxp/lpcxpresso_7.7.2_379/lpcxpresso/tools/bin/../lib/gcc/arm-none-eabi/4.9.3/../../../../arm-none-eabi/lib/armv7e-m/fpu\libcr_c.a(__init_alloc.o)
 .ARM.attributes
                0x000005ca       0x39 c:/nxp/lpcxpresso_7.7.2_379/lpcxpresso/tools/bin/../lib/gcc/arm-none-eabi/4.9.3/../../../../arm-none-eabi/lib/armv7e-m/fpu\libcr_c.a(_cr_sbrk.o)
 .ARM.attributes
                0x00000603       0x39 c:/nxp/lpcxpresso_7.7.2_379/lpcxpresso/tools/bin/../lib/gcc/arm-none-eabi/4.9.3/../../../../arm-none-eabi/lib/armv7e-m/fpu\libcr_c.a(_do_fflush.o)
 .ARM.attributes
                0x0000063c       0x39 c:/nxp/lpcxpresso_7.7.2_379/lpcxpresso/tools/bin/../lib/gcc/arm-none-eabi/4.9.3/../../../../arm-none-eabi/lib/armv7e-m/fpu\libcr_c.a(_cr_check_heap.o)
 .ARM.attributes
                0x00000675       0x25 c:/nxp/lpcxpresso_7.7.2_379/lpcxpresso/tools/bin/../lib/gcc/arm-none-eabi/4.9.3/armv7e-m/fpu\libcr_eabihelpers.a(memcpy.o)
 .ARM.attributes
                0x0000069a       0x25 c:/nxp/lpcxpresso_7.7.2_379/lpcxpresso/tools/bin/../lib/gcc/arm-none-eabi/4.9.3/../../../../arm-none-eabi/lib/armv7e-m/fpu\libcr_semihost.a(__sys_appexit.o)
 .ARM.attributes
                0x000006bf       0x25 c:/nxp/lpcxpresso_7.7.2_379/lpcxpresso/tools/bin/../lib/gcc/arm-none-eabi/4.9.3/../../../../arm-none-eabi/lib/armv7e-m/fpu\libcr_semihost.a(__sys_close.o)
 .ARM.attributes
                0x000006e4       0x25 c:/nxp/lpcxpresso_7.7.2_379/lpcxpresso/tools/bin/../lib/gcc/arm-none-eabi/4.9.3/../../../../arm-none-eabi/lib/armv7e-m/fpu\libcr_semihost.a(__sys_flen.o)
 .ARM.attributes
                0x00000709       0x25 c:/nxp/lpcxpresso_7.7.2_379/lpcxpresso/tools/bin/../lib/gcc/arm-none-eabi/4.9.3/../../../../arm-none-eabi/lib/armv7e-m/fpu\libcr_semihost.a(__sys_istty.o)
 .ARM.attributes
                0x0000072e       0x25 c:/nxp/lpcxpresso_7.7.2_379/lpcxpresso/tools/bin/../lib/gcc/arm-none-eabi/4.9.3/../../../../arm-none-eabi/lib/armv7e-m/fpu\libcr_semihost.a(__sys_remove.o)
 .ARM.attributes
                0x00000753       0x25 c:/nxp/lpcxpresso_7.7.2_379/lpcxpresso/tools/bin/../lib/gcc/arm-none-eabi/4.9.3/../../../../arm-none-eabi/lib/armv7e-m/fpu\libcr_semihost.a(__sys_seek.o)
 .ARM.attributes
                0x00000778       0x25 c:/nxp/lpcxpresso_7.7.2_379/lpcxpresso/tools/bin/../lib/gcc/arm-none-eabi/4.9.3/../../../../arm-none-eabi/lib/armv7e-m/fpu\libcr_semihost.a(__sys_tmpnam.o)
 .ARM.attributes
                0x0000079d       0x25 c:/nxp/lpcxpresso_7.7.2_379/lpcxpresso/tools/bin/../lib/gcc/arm-none-eabi/4.9.3/../../../../arm-none-eabi/lib/armv7e-m/fpu\libcr_semihost.a(__sys_write.o)

.debug_frame    0x00000000      0x7e0
 .debug_frame   0x00000000       0x28 ./src/CM4_TEST.o
 .debug_frame   0x00000028      0x104 ./src/cr_startup_lpc43xx.o
 .debug_frame   0x0000012c       0x28 ./src/sysinit.o
 .debug_frame   0x00000154       0xbc C:\Users\emh203\Dropbox\Embedded System Conference\CM4_TEST\COMMON\lpc_board_nxp_lpclink2_4370\HARD\liblpc_board_nxp_lpclink2_4370_HARD.a(board_sysinit.o)
 .debug_frame   0x00000210      0x50c C:\Users\emh203\Dropbox\Embedded System Conference\CM4_TEST\COMMON\lpc_chip_43xx\HARD\liblpc_chip_43xx_HARD.a(clock_18xx_43xx.o)
 .debug_frame   0x0000071c       0x38 C:\Users\emh203\Dropbox\Embedded System Conference\CM4_TEST\COMMON\lpc_chip_43xx\HARD\liblpc_chip_43xx_HARD.a(fpu_init.o)
 .debug_frame   0x00000754       0x8c C:\Users\emh203\Dropbox\Embedded System Conference\CM4_TEST\COMMON\lpc_chip_43xx\HARD\liblpc_chip_43xx_HARD.a(sysinit_18xx_43xx.o)

.debug_loc      0x00000000      0x115
 .debug_loc     0x00000000      0x115 ./src/cr_startup_lpc43xx.o
